[INFO] Scanning for projects...
[INFO] ------------------------------------------------------------------------
[INFO] Reactor Build Order:
[INFO] 
[INFO] video-detection-system                                             [pom]
[INFO] Common Library                                                     [jar]
[INFO] Authentication Service                                             [jar]
[INFO] Video Management Service                                           [jar]
[INFO] AI Service Client                                                  [jar]
[INFO] Detection Service                                                  [jar]
[INFO] Worker Service                                                     [jar]
[INFO] WebSocket Service                                                  [jar]
[INFO] Audit Service                                                      [jar]
[INFO] 
[INFO] -------------------< com.zyn:video-detection-system >-------------------
[INFO] Building video-detection-system 0.0.1-SNAPSHOT                     [1/9]
[INFO]   from pom.xml
[INFO] --------------------------------[ pom ]---------------------------------
[INFO] 
[INFO] --- clean:3.3.2:clean (default-clean) @ video-detection-system ---
[INFO] 
[INFO] --- spring-boot:3.2.0:repackage (repackage) @ video-detection-system ---
Downloading from central: https://repo.maven.apache.org/maven2/org/springframework/spring-context/6.1.1/spring-context-6.1.1.jar
Progress (1): 0/1.3 MB
Progress (1): 0/1.3 MB
Progress (1): 0/1.3 MB
Progress (1): 0/1.3 MB
Progress (1): 0/1.3 MB
Progress (1): 0/1.3 MB
Progress (1): 0/1.3 MB
Progress (1): 0/1.3 MB
Progress (1): 0/1.3 MB
Progress (1): 0/1.3 MB
Progress (1): 0/1.3 MB
Progress (1): 0/1.3 MB
Progress (1): 0/1.3 MB
Progress (1): 0/1.3 MB
Progress (1): 0/1.3 MB
Progress (1): 0/1.3 MB
Progress (1): 0/1.3 MB
Progress (1): 0/1.3 MB
Progress (1): 0/1.3 MB
Progress (1): 0/1.3 MB
Progress (1): 0/1.3 MB
Progress (1): 0/1.3 MB
Progress (1): 0/1.3 MB
Progress (1): 0/1.3 MB
Progress (1): 0/1.3 MB
Progress (1): 0/1.3 MB
Progress (1): 0/1.3 MB
Progress (1): 0/1.3 MB
Progress (1): 0/1.3 MB
Progress (1): 0/1.3 MB
Progress (1): 0/1.3 MB
Progress (1): 0/1.3 MB
Progress (1): 0/1.3 MB
Progress (1): 0/1.3 MB
Progress (1): 0/1.3 MB
Progress (1): 0/1.3 MB
Progress (1): 0/1.3 MB
Progress (1): 0.1/1.3 MB
Progress (1): 0.1/1.3 MB
Progress (1): 0.1/1.3 MB
Progress (1): 0.1/1.3 MB
Progress (1): 0.1/1.3 MB
Progress (1): 0.1/1.3 MB
Progress (1): 0.1/1.3 MB
Progress (1): 0.1/1.3 MB
Progress (1): 0.1/1.3 MB
Progress (1): 0.1/1.3 MB
Progress (1): 0.1/1.3 MB
Progress (1): 0.1/1.3 MB
Progress (1): 0.1/1.3 MB
Progress (1): 0.1/1.3 MB
Progress (1): 0.1/1.3 MB
Progress (1): 0.1/1.3 MB
Progress (1): 0.1/1.3 MB
Progress (1): 0.1/1.3 MB
Progress (1): 0.1/1.3 MB
Progress (1): 0.1/1.3 MB
Progress (1): 0.1/1.3 MB
Progress (1): 0.1/1.3 MB
Progress (1): 0.1/1.3 MB
Progress (1): 0.1/1.3 MB
Progress (1): 0.1/1.3 MB
Progress (1): 0.1/1.3 MB
Progress (1): 0.2/1.3 MB
Progress (1): 0.2/1.3 MB
Progress (1): 0.2/1.3 MB
Progress (1): 0.2/1.3 MB
Progress (1): 0.2/1.3 MB
Progress (1): 0.2/1.3 MB
Progress (1): 0.2/1.3 MB
Progress (1): 0.2/1.3 MB
Progress (1): 0.2/1.3 MB
Progress (1): 0.2/1.3 MB
Progress (1): 0.2/1.3 MB
Progress (1): 0.2/1.3 MB
Progress (1): 0.2/1.3 MB
Progress (1): 0.2/1.3 MB
Progress (1): 0.2/1.3 MB
Progress (1): 0.2/1.3 MB
Progress (1): 0.2/1.3 MB
Progress (1): 0.2/1.3 MB
Progress (1): 0.2/1.3 MB
Progress (1): 0.3/1.3 MB
Progress (1): 0.3/1.3 MB
Progress (1): 0.3/1.3 MB
Progress (1): 0.3/1.3 MB
Progress (1): 0.3/1.3 MB
Progress (1): 0.3/1.3 MB
Progress (1): 0.3/1.3 MB
Progress (1): 0.4/1.3 MB
Progress (1): 0.4/1.3 MB
Progress (1): 0.4/1.3 MB
Progress (1): 0.4/1.3 MB
Progress (1): 0.4/1.3 MB
Progress (1): 0.4/1.3 MB
Progress (1): 0.5/1.3 MB
Progress (1): 0.5/1.3 MB
Progress (1): 0.5/1.3 MB
Progress (1): 0.5/1.3 MB
Progress (1): 0.5/1.3 MB
Progress (1): 0.5/1.3 MB
Progress (1): 0.6/1.3 MB
Progress (1): 0.6/1.3 MB
Progress (1): 0.6/1.3 MB
Progress (1): 0.6/1.3 MB
Progress (1): 0.6/1.3 MB
Progress (1): 0.6/1.3 MB
Progress (1): 0.7/1.3 MB
Progress (1): 0.7/1.3 MB
Progress (1): 0.7/1.3 MB
Progress (1): 0.7/1.3 MB
Progress (1): 0.7/1.3 MB
Progress (1): 0.7/1.3 MB
Progress (1): 0.7/1.3 MB
Progress (1): 0.8/1.3 MB
Progress (1): 0.8/1.3 MB
Progress (1): 0.8/1.3 MB
Progress (1): 0.8/1.3 MB
Progress (1): 0.8/1.3 MB
Progress (1): 0.8/1.3 MB
Progress (1): 0.9/1.3 MB
Progress (1): 0.9/1.3 MB
Progress (1): 0.9/1.3 MB
Progress (1): 0.9/1.3 MB
Progress (1): 0.9/1.3 MB
Progress (1): 0.9/1.3 MB
Progress (1): 0.9/1.3 MB
Progress (1): 1.0/1.3 MB
Progress (1): 1.0/1.3 MB
Progress (1): 1.0/1.3 MB
Progress (1): 1.0/1.3 MB
Progress (1): 1.0/1.3 MB
Progress (1): 1.0/1.3 MB
Progress (1): 1.1/1.3 MB
Progress (1): 1.1/1.3 MB
Progress (1): 1.1/1.3 MB
Progress (1): 1.1/1.3 MB
Progress (1): 1.1/1.3 MB
Progress (1): 1.1/1.3 MB
Progress (1): 1.2/1.3 MB
Progress (1): 1.2/1.3 MB
Progress (1): 1.2/1.3 MB
Progress (1): 1.2/1.3 MB
Progress (1): 1.2/1.3 MB
Progress (1): 1.2/1.3 MB
Progress (1): 1.3/1.3 MB
Progress (1): 1.3/1.3 MB
Progress (1): 1.3 MB    
                    
Downloaded from central: https://repo.maven.apache.org/maven2/org/springframework/spring-context/6.1.1/spring-context-6.1.1.jar (1.3 MB at 342 kB/s)
[INFO] 
[INFO] -------------------------< com.zyn:common-lib >-------------------------
[INFO] Building Common Library 0.0.1-SNAPSHOT                             [2/9]
[INFO]   from common-lib\pom.xml
[INFO] --------------------------------[ jar ]---------------------------------
Downloading from central: https://repo.maven.apache.org/maven2/org/springframework/boot/spring-boot-starter-data-jpa/3.2.0/spring-boot-starter-data-jpa-3.2.0.pom
Progress (1): 977 B
Progress (1): 2.9 kB
                    
Downloaded from central: https://repo.maven.apache.org/maven2/org/springframework/boot/spring-boot-starter-data-jpa/3.2.0/spring-boot-starter-data-jpa-3.2.0.pom (2.9 kB at 11 kB/s)
Downloading from central: https://repo.maven.apache.org/maven2/org/springframework/boot/spring-boot-starter-aop/3.2.0/spring-boot-starter-aop-3.2.0.pom
Progress (1): 965 B
Progress (1): 2.5 kB
                    
Downloaded from central: https://repo.maven.apache.org/maven2/org/springframework/boot/spring-boot-starter-aop/3.2.0/spring-boot-starter-aop-3.2.0.pom (2.5 kB at 9.9 kB/s)
Downloading from central: https://repo.maven.apache.org/maven2/org/aspectj/aspectjweaver/1.9.20.1/aspectjweaver-1.9.20.1.pom
Progress (1): 1.0 kB
Progress (1): 2.1 kB
                    
Downloaded from central: https://repo.maven.apache.org/maven2/org/aspectj/aspectjweaver/1.9.20.1/aspectjweaver-1.9.20.1.pom (2.1 kB at 5.9 kB/s)
Downloading from central: https://repo.maven.apache.org/maven2/org/springframework/boot/spring-boot-starter-jdbc/3.2.0/spring-boot-starter-jdbc-3.2.0.pom
Progress (1): 953 B
Progress (1): 2.5 kB
                    
Downloaded from central: https://repo.maven.apache.org/maven2/org/springframework/boot/spring-boot-starter-jdbc/3.2.0/spring-boot-starter-jdbc-3.2.0.pom (2.5 kB at 9.8 kB/s)
Downloading from central: https://repo.maven.apache.org/maven2/org/springframework/spring-jdbc/6.1.1/spring-jdbc-6.1.1.pom
Progress (1): 1.0 kB
Progress (1): 2.4 kB
                    
Downloaded from central: https://repo.maven.apache.org/maven2/org/springframework/spring-jdbc/6.1.1/spring-jdbc-6.1.1.pom (2.4 kB at 9.3 kB/s)
Downloading from central: https://repo.maven.apache.org/maven2/org/springframework/spring-tx/6.1.1/spring-tx-6.1.1.pom
Progress (1): 1.1 kB
Progress (1): 2.2 kB
                    
Downloaded from central: https://repo.maven.apache.org/maven2/org/springframework/spring-tx/6.1.1/spring-tx-6.1.1.pom (2.2 kB at 8.7 kB/s)
Downloading from central: https://repo.maven.apache.org/maven2/org/hibernate/orm/hibernate-core/6.3.1.Final/hibernate-core-6.3.1.Final.pom
Progress (1): 1.1 kB
Progress (1): 5.5 kB
Progress (1): 5.8 kB
                    
Downloaded from central: https://repo.maven.apache.org/maven2/org/hibernate/orm/hibernate-core/6.3.1.Final/hibernate-core-6.3.1.Final.pom (5.8 kB at 22 kB/s)
Downloading from central: https://repo.maven.apache.org/maven2/org/hibernate/common/hibernate-commons-annotations/6.0.6.Final/hibernate-commons-annotations-6.0.6.Final.pom
Progress (1): 997 B
Progress (1): 2.1 kB
                    
Downloaded from central: https://repo.maven.apache.org/maven2/org/hibernate/common/hibernate-commons-annotations/6.0.6.Final/hibernate-commons-annotations-6.0.6.Final.pom (2.1 kB at 8.2 kB/s)
Downloading from central: https://repo.maven.apache.org/maven2/io/smallrye/jandex/3.1.2/jandex-3.1.2.pom
Progress (1): 1.8 kB
Progress (1): 3.2 kB
Progress (1): 5.5 kB
Progress (1): 7.0 kB
                    
Downloaded from central: https://repo.maven.apache.org/maven2/io/smallrye/jandex/3.1.2/jandex-3.1.2.pom (7.0 kB at 27 kB/s)
Downloading from central: https://repo.maven.apache.org/maven2/io/smallrye/jandex-parent/3.1.2/jandex-parent-3.1.2.pom
Progress (1): 1.4 kB
Progress (1): 4.9 kB
Progress (1): 7.2 kB
                    
Downloaded from central: https://repo.maven.apache.org/maven2/io/smallrye/jandex-parent/3.1.2/jandex-parent-3.1.2.pom (7.2 kB at 28 kB/s)
Downloading from central: https://repo.maven.apache.org/maven2/io/smallrye/smallrye-build-parent/39/smallrye-build-parent-39.pom
Progress (1): 1.1 kB
Progress (1): 3.1 kB
Progress (1): 5.7 kB
Progress (1): 9.8 kB
Progress (1): 12 kB 
Progress (1): 16 kB
Progress (1): 21 kB
Progress (1): 28 kB
                   
Downloaded from central: https://repo.maven.apache.org/maven2/io/smallrye/smallrye-build-parent/39/smallrye-build-parent-39.pom (28 kB at 72 kB/s)
Downloading from central: https://repo.maven.apache.org/maven2/org/glassfish/jaxb/jaxb-runtime/4.0.4/jaxb-runtime-4.0.4.pom
Progress (1): 868 B
Progress (1): 3.2 kB
Progress (1): 6.8 kB
Progress (1): 10 kB 
Progress (1): 11 kB
                   
Downloaded from central: https://repo.maven.apache.org/maven2/org/glassfish/jaxb/jaxb-runtime/4.0.4/jaxb-runtime-4.0.4.pom (11 kB at 43 kB/s)
Downloading from central: https://repo.maven.apache.org/maven2/com/sun/xml/bind/mvn/jaxb-runtime-parent/4.0.4/jaxb-runtime-parent-4.0.4.pom
Progress (1): 927 B
Progress (1): 1.2 kB
                    
Downloaded from central: https://repo.maven.apache.org/maven2/com/sun/xml/bind/mvn/jaxb-runtime-parent/4.0.4/jaxb-runtime-parent-4.0.4.pom (1.2 kB at 3.2 kB/s)
Downloading from central: https://repo.maven.apache.org/maven2/org/glassfish/jaxb/jaxb-core/4.0.4/jaxb-core-4.0.4.pom
Progress (1): 902 B
Progress (1): 3.2 kB
Progress (1): 3.7 kB
                    
Downloaded from central: https://repo.maven.apache.org/maven2/org/glassfish/jaxb/jaxb-core/4.0.4/jaxb-core-4.0.4.pom (3.7 kB at 14 kB/s)
Downloading from central: https://repo.maven.apache.org/maven2/org/glassfish/jaxb/txw2/4.0.4/txw2-4.0.4.pom
Progress (1): 929 B
Progress (1): 1.8 kB
                    
Downloaded from central: https://repo.maven.apache.org/maven2/org/glassfish/jaxb/txw2/4.0.4/txw2-4.0.4.pom (1.8 kB at 7.3 kB/s)
Downloading from central: https://repo.maven.apache.org/maven2/com/sun/xml/bind/mvn/jaxb-txw-parent/4.0.4/jaxb-txw-parent-4.0.4.pom
Progress (1): 928 B
Progress (1): 1.2 kB
                    
Downloaded from central: https://repo.maven.apache.org/maven2/com/sun/xml/bind/mvn/jaxb-txw-parent/4.0.4/jaxb-txw-parent-4.0.4.pom (1.2 kB at 4.8 kB/s)
Downloading from central: https://repo.maven.apache.org/maven2/org/antlr/antlr4-runtime/4.10.1/antlr4-runtime-4.10.1.pom
Progress (1): 884 B
Progress (1): 3.1 kB
Progress (1): 3.5 kB
                    
Downloaded from central: https://repo.maven.apache.org/maven2/org/antlr/antlr4-runtime/4.10.1/antlr4-runtime-4.10.1.pom (3.5 kB at 14 kB/s)
Downloading from central: https://repo.maven.apache.org/maven2/org/antlr/antlr4-master/4.10.1/antlr4-master-4.10.1.pom
Progress (1): 971 B
Progress (1): 2.9 kB
Progress (1): 4.4 kB
                    
Downloaded from central: https://repo.maven.apache.org/maven2/org/antlr/antlr4-master/4.10.1/antlr4-master-4.10.1.pom (4.4 kB at 16 kB/s)
Downloading from central: https://repo.maven.apache.org/maven2/org/springframework/data/spring-data-jpa/3.2.0/spring-data-jpa-3.2.0.pom
Progress (1): 1.4 kB
Progress (1): 5.2 kB
Progress (1): 8.4 kB
Progress (1): 11 kB 
                   
Downloaded from central: https://repo.maven.apache.org/maven2/org/springframework/data/spring-data-jpa/3.2.0/spring-data-jpa-3.2.0.pom (11 kB at 41 kB/s)
Downloading from central: https://repo.maven.apache.org/maven2/org/springframework/data/spring-data-jpa-parent/3.2.0/spring-data-jpa-parent-3.2.0.pom
Progress (1): 1.2 kB
Progress (1): 2.7 kB
Progress (1): 5.5 kB
Progress (1): 6.9 kB
                    
Downloaded from central: https://repo.maven.apache.org/maven2/org/springframework/data/spring-data-jpa-parent/3.2.0/spring-data-jpa-parent-3.2.0.pom (6.9 kB at 26 kB/s)
Downloading from central: https://repo.maven.apache.org/maven2/org/springframework/data/build/spring-data-parent/3.2.0/spring-data-parent-3.2.0.pom
Progress (1): 740 B
Progress (1): 2.3 kB
Progress (1): 3.5 kB
Progress (1): 4.8 kB
Progress (1): 6.3 kB
Progress (1): 8.7 kB
Progress (1): 12 kB 
Progress (1): 15 kB
Progress (1): 18 kB
Progress (1): 22 kB
Progress (1): 28 kB
Progress (1): 32 kB
Progress (1): 36 kB
Progress (1): 40 kB
Progress (1): 41 kB
                   
Downloaded from central: https://repo.maven.apache.org/maven2/org/springframework/data/build/spring-data-parent/3.2.0/spring-data-parent-3.2.0.pom (41 kB at 63 kB/s)
Downloading from central: https://repo.maven.apache.org/maven2/org/springframework/data/build/spring-data-build/3.2.0/spring-data-build-3.2.0.pom
Progress (1): 1.0 kB
Progress (1): 2.5 kB
Progress (1): 4.3 kB
Progress (1): 7.2 kB
Progress (1): 7.3 kB
                    
Downloaded from central: https://repo.maven.apache.org/maven2/org/springframework/data/build/spring-data-build/3.2.0/spring-data-build-3.2.0.pom (7.3 kB at 15 kB/s)
Downloading from central: https://repo.maven.apache.org/maven2/org/testcontainers/testcontainers-bom/1.19.2/testcontainers-bom-1.19.2.pom
Progress (1): 1.3 kB
Progress (1): 9.0 kB
                    
Downloaded from central: https://repo.maven.apache.org/maven2/org/testcontainers/testcontainers-bom/1.19.2/testcontainers-bom-1.19.2.pom (9.0 kB at 29 kB/s)
Downloading from central: https://repo.maven.apache.org/maven2/org/springframework/spring-framework-bom/6.1.0/spring-framework-bom-6.1.0.pom
Progress (1): 980 B
Progress (1): 5.8 kB
                    
Downloaded from central: https://repo.maven.apache.org/maven2/org/springframework/spring-framework-bom/6.1.0/spring-framework-bom-6.1.0.pom (5.8 kB at 12 kB/s)
Downloading from central: https://repo.maven.apache.org/maven2/org/springframework/data/spring-data-commons/3.2.0/spring-data-commons-3.2.0.pom
Progress (1): 1.2 kB
Progress (1): 4.9 kB
Progress (1): 9.2 kB
Progress (1): 9.9 kB
                    
Downloaded from central: https://repo.maven.apache.org/maven2/org/springframework/data/spring-data-commons/3.2.0/spring-data-commons-3.2.0.pom (9.9 kB at 33 kB/s)
Downloading from central: https://repo.maven.apache.org/maven2/org/springframework/spring-orm/6.1.1/spring-orm-6.1.1.pom
Progress (1): 1.0 kB
Progress (1): 2.6 kB
                    
Downloaded from central: https://repo.maven.apache.org/maven2/org/springframework/spring-orm/6.1.1/spring-orm-6.1.1.pom (2.6 kB at 9.6 kB/s)
Downloading from central: https://repo.maven.apache.org/maven2/org/springframework/spring-aspects/6.1.1/spring-aspects-6.1.1.pom
Progress (1): 1.1 kB
Progress (1): 2.0 kB
                    
Downloaded from central: https://repo.maven.apache.org/maven2/org/springframework/spring-aspects/6.1.1/spring-aspects-6.1.1.pom (2.0 kB at 7.4 kB/s)
Downloading from central: https://repo.maven.apache.org/maven2/org/springframework/security/spring-security-core/6.2.0/spring-security-core-6.2.0.pom
Progress (1): 1.0 kB
Progress (1): 3.2 kB
                    
Downloaded from central: https://repo.maven.apache.org/maven2/org/springframework/security/spring-security-core/6.2.0/spring-security-core-6.2.0.pom (3.2 kB at 11 kB/s)
Downloading from central: https://repo.maven.apache.org/maven2/org/springframework/security/spring-security-crypto/6.2.0/spring-security-crypto-6.2.0.pom
Progress (1): 1.0 kB
Progress (1): 1.9 kB
                    
Downloaded from central: https://repo.maven.apache.org/maven2/org/springframework/security/spring-security-crypto/6.2.0/spring-security-crypto-6.2.0.pom (1.9 kB at 7.2 kB/s)
Downloading from central: https://repo.maven.apache.org/maven2/org/springframework/boot/spring-boot-starter-validation/3.2.0/spring-boot-starter-validation-3.2.0.pom
Progress (1): 984 B
Progress (1): 2.5 kB
                    
Downloaded from central: https://repo.maven.apache.org/maven2/org/springframework/boot/spring-boot-starter-validation/3.2.0/spring-boot-starter-validation-3.2.0.pom (2.5 kB at 9.0 kB/s)
Downloading from central: https://repo.maven.apache.org/maven2/org/apache/tomcat/embed/tomcat-embed-el/10.1.16/tomcat-embed-el-10.1.16.pom
Progress (1): 848 B
Progress (1): 1.5 kB
                    
Downloaded from central: https://repo.maven.apache.org/maven2/org/apache/tomcat/embed/tomcat-embed-el/10.1.16/tomcat-embed-el-10.1.16.pom (1.5 kB at 5.9 kB/s)
Downloading from central: https://repo.maven.apache.org/maven2/org/springframework/boot/spring-boot-starter-web/3.2.0/spring-boot-starter-web-3.2.0.pom
Progress (1): 931 B
Progress (1): 2.9 kB
                    
Downloaded from central: https://repo.maven.apache.org/maven2/org/springframework/boot/spring-boot-starter-web/3.2.0/spring-boot-starter-web-3.2.0.pom (2.9 kB at 11 kB/s)
Downloading from central: https://repo.maven.apache.org/maven2/org/springframework/boot/spring-boot-starter-json/3.2.0/spring-boot-starter-json-3.2.0.pom
Progress (1): 975 B
Progress (1): 3.1 kB
                    
Downloaded from central: https://repo.maven.apache.org/maven2/org/springframework/boot/spring-boot-starter-json/3.2.0/spring-boot-starter-json-3.2.0.pom (3.1 kB at 11 kB/s)
Downloading from central: https://repo.maven.apache.org/maven2/org/springframework/spring-web/6.1.1/spring-web-6.1.1.pom
Progress (1): 1.1 kB
Progress (1): 2.4 kB
                    
Downloaded from central: https://repo.maven.apache.org/maven2/org/springframework/spring-web/6.1.1/spring-web-6.1.1.pom (2.4 kB at 8.9 kB/s)
Downloading from central: https://repo.maven.apache.org/maven2/org/springframework/boot/spring-boot-starter-tomcat/3.2.0/spring-boot-starter-tomcat-3.2.0.pom
Progress (1): 988 B
Progress (1): 3.1 kB
                    
Downloaded from central: https://repo.maven.apache.org/maven2/org/springframework/boot/spring-boot-starter-tomcat/3.2.0/spring-boot-starter-tomcat-3.2.0.pom (3.1 kB at 12 kB/s)
Downloading from central: https://repo.maven.apache.org/maven2/org/apache/tomcat/embed/tomcat-embed-core/10.1.16/tomcat-embed-core-10.1.16.pom
Progress (1): 846 B
Progress (1): 1.8 kB
                    
Downloaded from central: https://repo.maven.apache.org/maven2/org/apache/tomcat/embed/tomcat-embed-core/10.1.16/tomcat-embed-core-10.1.16.pom (1.8 kB at 6.8 kB/s)
Downloading from central: https://repo.maven.apache.org/maven2/org/apache/tomcat/embed/tomcat-embed-websocket/10.1.16/tomcat-embed-websocket-10.1.16.pom
Progress (1): 845 B
Progress (1): 1.8 kB
                    
Downloaded from central: https://repo.maven.apache.org/maven2/org/apache/tomcat/embed/tomcat-embed-websocket/10.1.16/tomcat-embed-websocket-10.1.16.pom (1.8 kB at 6.6 kB/s)
Downloading from central: https://repo.maven.apache.org/maven2/org/springframework/spring-webmvc/6.1.1/spring-webmvc-6.1.1.pom
Progress (1): 1.0 kB
Progress (1): 2.9 kB
                    
Downloaded from central: https://repo.maven.apache.org/maven2/org/springframework/spring-webmvc/6.1.1/spring-webmvc-6.1.1.pom (2.9 kB at 6.6 kB/s)
Downloading from central: https://repo.maven.apache.org/maven2/org/springframework/kafka/spring-kafka/3.1.0/spring-kafka-3.1.0.pom
Progress (1): 1.0 kB
Progress (1): 3.6 kB
Progress (1): 7.1 kB
                    
Downloaded from central: https://repo.maven.apache.org/maven2/org/springframework/kafka/spring-kafka/3.1.0/spring-kafka-3.1.0.pom (7.1 kB at 27 kB/s)
Downloading from central: https://repo.maven.apache.org/maven2/org/springframework/spring-messaging/6.1.1/spring-messaging-6.1.1.pom
Progress (1): 1.1 kB
Progress (1): 2.2 kB
                    
Downloaded from central: https://repo.maven.apache.org/maven2/org/springframework/spring-messaging/6.1.1/spring-messaging-6.1.1.pom (2.2 kB at 8.1 kB/s)
Downloading from central: https://repo.maven.apache.org/maven2/org/springframework/retry/spring-retry/2.0.4/spring-retry-2.0.4.pom
Progress (1): 794 B
Progress (1): 2.8 kB
Progress (1): 6.4 kB
Progress (1): 8.7 kB
                    
Downloaded from central: https://repo.maven.apache.org/maven2/org/springframework/retry/spring-retry/2.0.4/spring-retry-2.0.4.pom (8.7 kB at 32 kB/s)
Downloading from central: https://repo.maven.apache.org/maven2/org/springframework/spring-framework-bom/6.0.13/spring-framework-bom-6.0.13.pom
Progress (1): 983 B
Progress (1): 5.8 kB
                    
Downloaded from central: https://repo.maven.apache.org/maven2/org/springframework/spring-framework-bom/6.0.13/spring-framework-bom-6.0.13.pom (5.8 kB at 20 kB/s)
Downloading from central: https://repo.maven.apache.org/maven2/org/apache/kafka/kafka-clients/3.6.0/kafka-clients-3.6.0.pom
Progress (1): 1.0 kB
Progress (1): 1.8 kB
                    
Downloaded from central: https://repo.maven.apache.org/maven2/org/apache/kafka/kafka-clients/3.6.0/kafka-clients-3.6.0.pom (1.8 kB at 6.8 kB/s)
Downloading from central: https://repo.maven.apache.org/maven2/com/github/luben/zstd-jni/1.5.5-1/zstd-jni-1.5.5-1.pom
Progress (1): 1.1 kB
Progress (1): 1.9 kB
                    
Downloaded from central: https://repo.maven.apache.org/maven2/com/github/luben/zstd-jni/1.5.5-1/zstd-jni-1.5.5-1.pom (1.9 kB at 7.9 kB/s)
Downloading from central: https://repo.maven.apache.org/maven2/org/xerial/snappy/snappy-java/1.1.10.4/snappy-java-1.1.10.4.pom
Progress (1): 1.3 kB
Progress (1): 3.1 kB
                    
Downloaded from central: https://repo.maven.apache.org/maven2/org/xerial/snappy/snappy-java/1.1.10.4/snappy-java-1.1.10.4.pom (3.1 kB at 12 kB/s)
Downloading from central: https://repo.maven.apache.org/maven2/org/springframework/boot/spring-boot-starter/3.2.0/spring-boot-starter-3.2.0.jar
Progress (1): 4.8 kB
                    
Downloaded from central: https://repo.maven.apache.org/maven2/org/springframework/boot/spring-boot-starter/3.2.0/spring-boot-starter-3.2.0.jar (4.8 kB at 6.0 kB/s)
Downloading from central: https://repo.maven.apache.org/maven2/org/springframework/boot/spring-boot/3.2.0/spring-boot-3.2.0.jar
Downloading from central: https://repo.maven.apache.org/maven2/org/springframework/boot/spring-boot-autoconfigure/3.2.0/spring-boot-autoconfigure-3.2.0.jar
Downloading from central: https://repo.maven.apache.org/maven2/org/springframework/boot/spring-boot-starter-logging/3.2.0/spring-boot-starter-logging-3.2.0.jar
Downloading from central: https://repo.maven.apache.org/maven2/org/springframework/spring-core/6.1.1/spring-core-6.1.1.jar
Downloading from central: https://repo.maven.apache.org/maven2/org/springframework/spring-jcl/6.1.1/spring-jcl-6.1.1.jar
Progress (1): 0/1.9 MB
Progress (1): 0/1.9 MB
Progress (2): 0/1.9 MB | 0/1.9 MB
Progress (2): 0/1.9 MB | 0/1.9 MB
Progress (2): 0/1.9 MB | 0/1.9 MB
Progress (3): 0/1.9 MB | 0/1.9 MB | 0.9/4.8 kB
Progress (3): 0/1.9 MB | 0/1.9 MB | 2.3/4.8 kB
Progress (3): 0/1.9 MB | 0/1.9 MB | 3.6/4.8 kB
Progress (3): 0/1.9 MB | 0/1.9 MB | 4.8 kB    
Progress (4): 0/1.9 MB | 0/1.9 MB | 4.8 kB | 0.9/25 kB
Progress (4): 0/1.9 MB | 0/1.9 MB | 4.8 kB | 2.3/25 kB
Progress (4): 0/1.9 MB | 0/1.9 MB | 4.8 kB | 3.6/25 kB
Progress (4): 0/1.9 MB | 0/1.9 MB | 4.8 kB | 5.0/25 kB
                                                      
Downloaded from central: https://repo.maven.apache.org/maven2/org/springframework/boot/spring-boot-starter-logging/3.2.0/spring-boot-starter-logging-3.2.0.jar (4.8 kB at 5.0 kB/s)
Downloading from central: https://repo.maven.apache.org/maven2/org/springframework/boot/spring-boot-starter-data-jpa/3.2.0/spring-boot-starter-data-jpa-3.2.0.jar
Progress (3): 0/1.9 MB | 0/1.9 MB | 5.0/25 kB
Progress (3): 0/1.9 MB | 0/1.9 MB | 5.0/25 kB
Progress (3): 0/1.9 MB | 0/1.9 MB | 5.0/25 kB
Progress (3): 0/1.9 MB | 0/1.9 MB | 5.0/25 kB
Progress (3): 0/1.9 MB | 0/1.9 MB | 5.0/25 kB
Progress (3): 0/1.9 MB | 0/1.9 MB | 5.0/25 kB
Progress (3): 0/1.9 MB | 0/1.9 MB | 5.0/25 kB
Progress (3): 0/1.9 MB | 0/1.9 MB | 5.0/25 kB
Progress (3): 0/1.9 MB | 0/1.9 MB | 5.0/25 kB
Progress (3): 0/1.9 MB | 0/1.9 MB | 5.0/25 kB
Progress (3): 0/1.9 MB | 0/1.9 MB | 5.0/25 kB
Progress (3): 0/1.9 MB | 0/1.9 MB | 5.0/25 kB
Progress (3): 0/1.9 MB | 0/1.9 MB | 5.0/25 kB
Progress (3): 0/1.9 MB | 0/1.9 MB | 5.0/25 kB
Progress (3): 0/1.9 MB | 0/1.9 MB | 5.0/25 kB
Progress (3): 0/1.9 MB | 0/1.9 MB | 5.0/25 kB
Progress (3): 0/1.9 MB | 0/1.9 MB | 5.0/25 kB
Progress (3): 0/1.9 MB | 0/1.9 MB | 5.0/25 kB
Progress (3): 0/1.9 MB | 0/1.9 MB | 5.0/25 kB
Progress (3): 0/1.9 MB | 0/1.9 MB | 5.0/25 kB
Progress (3): 0/1.9 MB | 0/1.9 MB | 6.4/25 kB
Progress (3): 0/1.9 MB | 0/1.9 MB | 6.4/25 kB
Progress (3): 0/1.9 MB | 0/1.9 MB | 6.4/25 kB
Progress (3): 0/1.9 MB | 0/1.9 MB | 6.4/25 kB
Progress (3): 0/1.9 MB | 0/1.9 MB | 6.4/25 kB
Progress (3): 0/1.9 MB | 0/1.9 MB | 6.4/25 kB
Progress (3): 0/1.9 MB | 0/1.9 MB | 7.7/25 kB
Progress (3): 0/1.9 MB | 0/1.9 MB | 9.1/25 kB
Progress (3): 0/1.9 MB | 0/1.9 MB | 10/25 kB 
Progress (3): 0/1.9 MB | 0/1.9 MB | 12/25 kB
Progress (3): 0/1.9 MB | 0/1.9 MB | 13/25 kB
Progress (3): 0/1.9 MB | 0/1.9 MB | 15/25 kB
Progress (3): 0/1.9 MB | 0/1.9 MB | 16/25 kB
Progress (3): 0/1.9 MB | 0/1.9 MB | 17/25 kB
Progress (3): 0/1.9 MB | 0/1.9 MB | 17/25 kB
Progress (3): 0/1.9 MB | 0/1.9 MB | 17/25 kB
Progress (3): 0/1.9 MB | 0/1.9 MB | 17/25 kB
Progress (3): 0/1.9 MB | 0/1.9 MB | 17/25 kB
Progress (3): 0/1.9 MB | 0/1.9 MB | 17/25 kB
Progress (3): 0/1.9 MB | 0/1.9 MB | 17/25 kB
Progress (3): 0/1.9 MB | 0/1.9 MB | 17/25 kB
Progress (3): 0/1.9 MB | 0/1.9 MB | 17/25 kB
Progress (3): 0/1.9 MB | 0/1.9 MB | 17/25 kB
Progress (3): 0/1.9 MB | 0/1.9 MB | 17/25 kB
Progress (3): 0/1.9 MB | 0/1.9 MB | 17/25 kB
Progress (3): 0/1.9 MB | 0/1.9 MB | 17/25 kB
Progress (3): 0/1.9 MB | 0/1.9 MB | 17/25 kB
Progress (3): 0/1.9 MB | 0/1.9 MB | 17/25 kB
Progress (3): 0/1.9 MB | 0/1.9 MB | 17/25 kB
Progress (3): 0/1.9 MB | 0/1.9 MB | 17/25 kB
Progress (3): 0/1.9 MB | 0/1.9 MB | 17/25 kB
Progress (3): 0/1.9 MB | 0/1.9 MB | 17/25 kB
Progress (3): 0/1.9 MB | 0/1.9 MB | 17/25 kB
Progress (3): 0/1.9 MB | 0/1.9 MB | 17/25 kB
Progress (3): 0/1.9 MB | 0/1.9 MB | 17/25 kB
Progress (3): 0/1.9 MB | 0.1/1.9 MB | 17/25 kB
Progress (3): 0/1.9 MB | 0.1/1.9 MB | 17/25 kB
Progress (3): 0/1.9 MB | 0.1/1.9 MB | 19/25 kB
Progress (3): 0/1.9 MB | 0.1/1.9 MB | 20/25 kB
Progress (3): 0/1.9 MB | 0.1/1.9 MB | 20/25 kB
Progress (3): 0/1.9 MB | 0.1/1.9 MB | 22/25 kB
Progress (3): 0/1.9 MB | 0.1/1.9 MB | 22/25 kB
Progress (3): 0/1.9 MB | 0.1/1.9 MB | 23/25 kB
Progress (3): 0/1.9 MB | 0.1/1.9 MB | 24/25 kB
Progress (3): 0/1.9 MB | 0.1/1.9 MB | 25 kB   
                                           
Downloaded from central: https://repo.maven.apache.org/maven2/org/springframework/spring-jcl/6.1.1/spring-jcl-6.1.1.jar (25 kB at 20 kB/s)
Downloading from central: https://repo.maven.apache.org/maven2/org/springframework/boot/spring-boot-starter-jdbc/3.2.0/spring-boot-starter-jdbc-3.2.0.jar
Progress (2): 0/1.9 MB | 0.1/1.9 MB
Progress (3): 0/1.9 MB | 0.1/1.9 MB | 0.9/4.8 kB
Progress (3): 0/1.9 MB | 0.1/1.9 MB | 2.3/4.8 kB
Progress (3): 0/1.9 MB | 0.1/1.9 MB | 3.6/4.8 kB
Progress (3): 0/1.9 MB | 0.1/1.9 MB | 4.8 kB    
Progress (3): 0/1.9 MB | 0.1/1.9 MB | 4.8 kB
Progress (3): 0/1.9 MB | 0.1/1.9 MB | 4.8 kB
Progress (3): 0/1.9 MB | 0.1/1.9 MB | 4.8 kB
Progress (3): 0/1.9 MB | 0.1/1.9 MB | 4.8 kB
                                            
Downloaded from central: https://repo.maven.apache.org/maven2/org/springframework/boot/spring-boot-starter-jdbc/3.2.0/spring-boot-starter-jdbc-3.2.0.jar (4.8 kB at 3.2 kB/s)
Downloading from central: https://repo.maven.apache.org/maven2/org/springframework/spring-jdbc/6.1.1/spring-jdbc-6.1.1.jar
Progress (2): 0/1.9 MB | 0.1/1.9 MB
Progress (3): 0/1.9 MB | 0.1/1.9 MB | 0.9/4.8 kB
Progress (3): 0/1.9 MB | 0.1/1.9 MB | 2.3/4.8 kB
Progress (3): 0/1.9 MB | 0.1/1.9 MB | 3.6/4.8 kB
Progress (3): 0/1.9 MB | 0.1/1.9 MB | 3.6/4.8 kB
Progress (3): 0/1.9 MB | 0.1/1.9 MB | 3.6/4.8 kB
Progress (3): 0/1.9 MB | 0.1/1.9 MB | 4.8 kB    
                                            
Downloaded from central: https://repo.maven.apache.org/maven2/org/springframework/boot/spring-boot-starter-data-jpa/3.2.0/spring-boot-starter-data-jpa-3.2.0.jar (4.8 kB at 2.8 kB/s)
Downloading from central: https://repo.maven.apache.org/maven2/org/hibernate/orm/hibernate-core/6.3.1.Final/hibernate-core-6.3.1.Final.jar
Progress (3): 0/1.9 MB | 0.1/1.9 MB | 0.9/456 kB
Progress (3): 0/1.9 MB | 0.1/1.9 MB | 2.3/456 kB
Progress (3): 0/1.9 MB | 0.1/1.9 MB | 3.6/456 kB
Progress (3): 0/1.9 MB | 0.1/1.9 MB | 5.0/456 kB
Progress (3): 0/1.9 MB | 0.1/1.9 MB | 6.4/456 kB
Progress (3): 0/1.9 MB | 0.1/1.9 MB | 7.7/456 kB
Progress (3): 0/1.9 MB | 0.1/1.9 MB | 9.1/456 kB
Progress (3): 0/1.9 MB | 0.1/1.9 MB | 10/456 kB 
Progress (3): 0/1.9 MB | 0.1/1.9 MB | 12/456 kB
Progress (3): 0/1.9 MB | 0.1/1.9 MB | 13/456 kB
Progress (3): 0/1.9 MB | 0.1/1.9 MB | 15/456 kB
Progress (3): 0/1.9 MB | 0.1/1.9 MB | 16/456 kB
Progress (3): 0/1.9 MB | 0.1/1.9 MB | 17/456 kB
Progress (3): 0/1.9 MB | 0.1/1.9 MB | 17/456 kB
Progress (3): 0/1.9 MB | 0.1/1.9 MB | 17/456 kB
Progress (3): 0/1.9 MB | 0.1/1.9 MB | 17/456 kB
Progress (3): 0/1.9 MB | 0.1/1.9 MB | 17/456 kB
Progress (3): 0/1.9 MB | 0.1/1.9 MB | 17/456 kB
Progress (3): 0/1.9 MB | 0.1/1.9 MB | 17/456 kB
Progress (3): 0/1.9 MB | 0.1/1.9 MB | 17/456 kB
Progress (3): 0/1.9 MB | 0.1/1.9 MB | 17/456 kB
Progress (3): 0/1.9 MB | 0.1/1.9 MB | 17/456 kB
Progress (3): 0/1.9 MB | 0.1/1.9 MB | 17/456 kB
Progress (3): 0/1.9 MB | 0.1/1.9 MB | 17/456 kB
Progress (3): 0/1.9 MB | 0.1/1.9 MB | 17/456 kB
Progress (3): 0/1.9 MB | 0.1/1.9 MB | 17/456 kB
Progress (3): 0/1.9 MB | 0.1/1.9 MB | 17/456 kB
Progress (3): 0/1.9 MB | 0.1/1.9 MB | 17/456 kB
Progress (3): 0/1.9 MB | 0.1/1.9 MB | 19/456 kB
Progress (3): 0/1.9 MB | 0.1/1.9 MB | 20/456 kB
Progress (3): 0/1.9 MB | 0.1/1.9 MB | 20/456 kB
Progress (3): 0/1.9 MB | 0.1/1.9 MB | 22/456 kB
Progress (3): 0/1.9 MB | 0.1/1.9 MB | 26/456 kB
Progress (4): 0/1.9 MB | 0.1/1.9 MB | 26/456 kB | 0/1.6 MB
Progress (4): 0/1.9 MB | 0.1/1.9 MB | 26/456 kB | 0/1.6 MB
Progress (4): 0/1.9 MB | 0.1/1.9 MB | 26/456 kB | 0/1.6 MB
Progress (4): 0/1.9 MB | 0.2/1.9 MB | 26/456 kB | 0/1.6 MB
Progress (4): 0/1.9 MB | 0.2/1.9 MB | 26/456 kB | 0/1.6 MB
Progress (4): 0/1.9 MB | 0.2/1.9 MB | 26/456 kB | 0/1.6 MB
Progress (4): 0/1.9 MB | 0.2/1.9 MB | 26/456 kB | 0/1.6 MB
Progress (4): 0/1.9 MB | 0.2/1.9 MB | 26/456 kB | 0/1.6 MB
Progress (4): 0/1.9 MB | 0.2/1.9 MB | 26/456 kB | 0/1.6 MB
Progress (4): 0/1.9 MB | 0.2/1.9 MB | 26/456 kB | 0/1.6 MB
Progress (4): 0/1.9 MB | 0.2/1.9 MB | 26/456 kB | 0/1.6 MB
Progress (4): 0/1.9 MB | 0.2/1.9 MB | 30/456 kB | 0/1.6 MB
Progress (4): 0/1.9 MB | 0.2/1.9 MB | 34/456 kB | 0/1.6 MB
Progress (4): 0/1.9 MB | 0.2/1.9 MB | 39/456 kB | 0/1.6 MB
Progress (4): 0/1.9 MB | 0.2/1.9 MB | 43/456 kB | 0/1.6 MB
Progress (4): 0/1.9 MB | 0.2/1.9 MB | 47/456 kB | 0/1.6 MB
Progress (4): 0/1.9 MB | 0.2/1.9 MB | 51/456 kB | 0/1.6 MB
Progress (4): 0/1.9 MB | 0.2/1.9 MB | 56/456 kB | 0/1.6 MB
Progress (4): 0/1.9 MB | 0.2/1.9 MB | 60/456 kB | 0/1.6 MB
Progress (5): 0/1.9 MB | 0.2/1.9 MB | 60/456 kB | 0/1.6 MB | 0/11 MB
Progress (5): 0/1.9 MB | 0.2/1.9 MB | 64/456 kB | 0/1.6 MB | 0/11 MB
Progress (5): 0/1.9 MB | 0.2/1.9 MB | 68/456 kB | 0/1.6 MB | 0/11 MB
Progress (5): 0/1.9 MB | 0.2/1.9 MB | 72/456 kB | 0/1.6 MB | 0/11 MB
Progress (5): 0/1.9 MB | 0.2/1.9 MB | 77/456 kB | 0/1.6 MB | 0/11 MB
Progress (5): 0/1.9 MB | 0.2/1.9 MB | 81/456 kB | 0/1.6 MB | 0/11 MB
Progress (5): 0/1.9 MB | 0.2/1.9 MB | 85/456 kB | 0/1.6 MB | 0/11 MB
Progress (5): 0/1.9 MB | 0.2/1.9 MB | 89/456 kB | 0/1.6 MB | 0/11 MB
Progress (5): 0/1.9 MB | 0.2/1.9 MB | 94/456 kB | 0/1.6 MB | 0/11 MB
Progress (5): 0/1.9 MB | 0.2/1.9 MB | 98/456 kB | 0/1.6 MB | 0/11 MB
Progress (5): 0/1.9 MB | 0.2/1.9 MB | 98/456 kB | 0/1.6 MB | 0/11 MB
Progress (5): 0/1.9 MB | 0.2/1.9 MB | 98/456 kB | 0/1.6 MB | 0/11 MB
Progress (5): 0/1.9 MB | 0.2/1.9 MB | 98/456 kB | 0/1.6 MB | 0/11 MB
Progress (5): 0/1.9 MB | 0.2/1.9 MB | 98/456 kB | 0/1.6 MB | 0/11 MB
Progress (5): 0/1.9 MB | 0.2/1.9 MB | 98/456 kB | 0/1.6 MB | 0/11 MB
Progress (5): 0/1.9 MB | 0.2/1.9 MB | 98/456 kB | 0/1.6 MB | 0/11 MB
Progress (5): 0/1.9 MB | 0.2/1.9 MB | 102/456 kB | 0/1.6 MB | 0/11 MB
Progress (5): 0/1.9 MB | 0.2/1.9 MB | 106/456 kB | 0/1.6 MB | 0/11 MB
Progress (5): 0/1.9 MB | 0.2/1.9 MB | 111/456 kB | 0/1.6 MB | 0/11 MB
Progress (5): 0/1.9 MB | 0.2/1.9 MB | 115/456 kB | 0/1.6 MB | 0/11 MB
Progress (5): 0/1.9 MB | 0.2/1.9 MB | 119/456 kB | 0/1.6 MB | 0/11 MB
Progress (5): 0/1.9 MB | 0.2/1.9 MB | 123/456 kB | 0/1.6 MB | 0/11 MB
Progress (5): 0/1.9 MB | 0.2/1.9 MB | 123/456 kB | 0/1.6 MB | 0/11 MB
Progress (5): 0/1.9 MB | 0.2/1.9 MB | 123/456 kB | 0/1.6 MB | 0/11 MB
Progress (5): 0/1.9 MB | 0.2/1.9 MB | 123/456 kB | 0/1.6 MB | 0/11 MB
Progress (5): 0/1.9 MB | 0.2/1.9 MB | 123/456 kB | 0/1.6 MB | 0/11 MB
Progress (5): 0/1.9 MB | 0.2/1.9 MB | 123/456 kB | 0/1.6 MB | 0/11 MB
Progress (5): 0/1.9 MB | 0.2/1.9 MB | 123/456 kB | 0/1.6 MB | 0/11 MB
Progress (5): 0/1.9 MB | 0.2/1.9 MB | 127/456 kB | 0/1.6 MB | 0/11 MB
Progress (5): 0/1.9 MB | 0.2/1.9 MB | 127/456 kB | 0/1.6 MB | 0/11 MB
Progress (5): 0/1.9 MB | 0.2/1.9 MB | 127/456 kB | 0/1.6 MB | 0/11 MB
Progress (5): 0/1.9 MB | 0.2/1.9 MB | 127/456 kB | 0/1.6 MB | 0/11 MB
Progress (5): 0/1.9 MB | 0.2/1.9 MB | 127/456 kB | 0/1.6 MB | 0/11 MB
Progress (5): 0/1.9 MB | 0.2/1.9 MB | 127/456 kB | 0/1.6 MB | 0/11 MB
Progress (5): 0/1.9 MB | 0.2/1.9 MB | 127/456 kB | 0/1.6 MB | 0/11 MB
Progress (5): 0/1.9 MB | 0.2/1.9 MB | 127/456 kB | 0/1.6 MB | 0/11 MB
Progress (5): 0/1.9 MB | 0.2/1.9 MB | 127/456 kB | 0/1.6 MB | 0/11 MB
Progress (5): 0/1.9 MB | 0.2/1.9 MB | 127/456 kB | 0/1.6 MB | 0/11 MB
Progress (5): 0/1.9 MB | 0.2/1.9 MB | 127/456 kB | 0/1.6 MB | 0/11 MB
Progress (5): 0/1.9 MB | 0.2/1.9 MB | 127/456 kB | 0/1.6 MB | 0/11 MB
Progress (5): 0/1.9 MB | 0.2/1.9 MB | 127/456 kB | 0/1.6 MB | 0/11 MB
Progress (5): 0/1.9 MB | 0.2/1.9 MB | 127/456 kB | 0/1.6 MB | 0/11 MB
Progress (5): 0/1.9 MB | 0.2/1.9 MB | 127/456 kB | 0/1.6 MB | 0/11 MB
Progress (5): 0/1.9 MB | 0.2/1.9 MB | 127/456 kB | 0/1.6 MB | 0/11 MB
Progress (5): 0/1.9 MB | 0.2/1.9 MB | 127/456 kB | 0/1.6 MB | 0/11 MB
Progress (5): 0/1.9 MB | 0.2/1.9 MB | 127/456 kB | 0/1.6 MB | 0/11 MB
Progress (5): 0/1.9 MB | 0.2/1.9 MB | 127/456 kB | 0/1.6 MB | 0/11 MB
Progress (5): 0/1.9 MB | 0.2/1.9 MB | 127/456 kB | 0/1.6 MB | 0/11 MB
Progress (5): 0/1.9 MB | 0.2/1.9 MB | 127/456 kB | 0/1.6 MB | 0/11 MB
Progress (5): 0/1.9 MB | 0.2/1.9 MB | 127/456 kB | 0/1.6 MB | 0/11 MB
Progress (5): 0/1.9 MB | 0.2/1.9 MB | 127/456 kB | 0/1.6 MB | 0/11 MB
Progress (5): 0/1.9 MB | 0.2/1.9 MB | 127/456 kB | 0/1.6 MB | 0/11 MB
Progress (5): 0/1.9 MB | 0.2/1.9 MB | 127/456 kB | 0/1.6 MB | 0/11 MB
Progress (5): 0/1.9 MB | 0.2/1.9 MB | 127/456 kB | 0/1.6 MB | 0/11 MB
Progress (5): 0/1.9 MB | 0.2/1.9 MB | 127/456 kB | 0/1.6 MB | 0/11 MB
Progress (5): 0/1.9 MB | 0.2/1.9 MB | 127/456 kB | 0/1.6 MB | 0/11 MB
Progress (5): 0/1.9 MB | 0.2/1.9 MB | 127/456 kB | 0/1.6 MB | 0/11 MB
Progress (5): 0/1.9 MB | 0.2/1.9 MB | 127/456 kB | 0/1.6 MB | 0.1/11 MB
Progress (5): 0/1.9 MB | 0.2/1.9 MB | 127/456 kB | 0/1.6 MB | 0.1/11 MB
Progress (5): 0/1.9 MB | 0.2/1.9 MB | 132/456 kB | 0/1.6 MB | 0.1/11 MB
Progress (5): 0/1.9 MB | 0.2/1.9 MB | 132/456 kB | 0/1.6 MB | 0.1/11 MB
Progress (5): 0/1.9 MB | 0.2/1.9 MB | 132/456 kB | 0/1.6 MB | 0.1/11 MB
Progress (5): 0/1.9 MB | 0.2/1.9 MB | 132/456 kB | 0/1.6 MB | 0.1/11 MB
Progress (5): 0/1.9 MB | 0.2/1.9 MB | 132/456 kB | 0/1.6 MB | 0.1/11 MB
Progress (5): 0/1.9 MB | 0.2/1.9 MB | 132/456 kB | 0/1.6 MB | 0.1/11 MB
Progress (5): 0/1.9 MB | 0.2/1.9 MB | 132/456 kB | 0/1.6 MB | 0.1/11 MB
Progress (5): 0/1.9 MB | 0.2/1.9 MB | 132/456 kB | 0/1.6 MB | 0.1/11 MB
Progress (5): 0/1.9 MB | 0.2/1.9 MB | 132/456 kB | 0/1.6 MB | 0.1/11 MB
Progress (5): 0/1.9 MB | 0.2/1.9 MB | 132/456 kB | 0/1.6 MB | 0.1/11 MB
Progress (5): 0/1.9 MB | 0.2/1.9 MB | 132/456 kB | 0/1.6 MB | 0.1/11 MB
Progress (5): 0/1.9 MB | 0.2/1.9 MB | 132/456 kB | 0/1.6 MB | 0.1/11 MB
Progress (5): 0/1.9 MB | 0.2/1.9 MB | 132/456 kB | 0/1.6 MB | 0.1/11 MB
Progress (5): 0/1.9 MB | 0.2/1.9 MB | 132/456 kB | 0/1.6 MB | 0.1/11 MB
Progress (5): 0/1.9 MB | 0.2/1.9 MB | 132/456 kB | 0/1.6 MB | 0.1/11 MB
Progress (5): 0/1.9 MB | 0.2/1.9 MB | 132/456 kB | 0/1.6 MB | 0.1/11 MB
Progress (5): 0/1.9 MB | 0.2/1.9 MB | 132/456 kB | 0/1.6 MB | 0.1/11 MB
Progress (5): 0/1.9 MB | 0.2/1.9 MB | 132/456 kB | 0/1.6 MB | 0.1/11 MB
Progress (5): 0/1.9 MB | 0.2/1.9 MB | 132/456 kB | 0/1.6 MB | 0.1/11 MB
Progress (5): 0/1.9 MB | 0.2/1.9 MB | 136/456 kB | 0/1.6 MB | 0.1/11 MB
Progress (5): 0/1.9 MB | 0.2/1.9 MB | 140/456 kB | 0/1.6 MB | 0.1/11 MB
Progress (5): 0/1.9 MB | 0.2/1.9 MB | 144/456 kB | 0/1.6 MB | 0.1/11 MB
Progress (5): 0/1.9 MB | 0.2/1.9 MB | 149/456 kB | 0/1.6 MB | 0.1/11 MB
Progress (5): 0/1.9 MB | 0.2/1.9 MB | 151/456 kB | 0/1.6 MB | 0.1/11 MB
Progress (5): 0/1.9 MB | 0.2/1.9 MB | 156/456 kB | 0/1.6 MB | 0.1/11 MB
Progress (5): 0/1.9 MB | 0.2/1.9 MB | 160/456 kB | 0/1.6 MB | 0.1/11 MB
Progress (5): 0/1.9 MB | 0.3/1.9 MB | 160/456 kB | 0/1.6 MB | 0.1/11 MB
Progress (5): 0/1.9 MB | 0.3/1.9 MB | 160/456 kB | 0/1.6 MB | 0.1/11 MB
Progress (5): 0/1.9 MB | 0.3/1.9 MB | 160/456 kB | 0/1.6 MB | 0.1/11 MB
Progress (5): 0/1.9 MB | 0.3/1.9 MB | 160/456 kB | 0/1.6 MB | 0.1/11 MB
Progress (5): 0/1.9 MB | 0.3/1.9 MB | 160/456 kB | 0/1.6 MB | 0.1/11 MB
Progress (5): 0/1.9 MB | 0.3/1.9 MB | 164/456 kB | 0/1.6 MB | 0.1/11 MB
Progress (5): 0/1.9 MB | 0.3/1.9 MB | 164/456 kB | 0/1.6 MB | 0.1/11 MB
Progress (5): 0/1.9 MB | 0.3/1.9 MB | 164/456 kB | 0/1.6 MB | 0.1/11 MB
Progress (5): 0/1.9 MB | 0.3/1.9 MB | 168/456 kB | 0/1.6 MB | 0.1/11 MB
Progress (5): 0/1.9 MB | 0.3/1.9 MB | 173/456 kB | 0/1.6 MB | 0.1/11 MB
Progress (5): 0/1.9 MB | 0.3/1.9 MB | 177/456 kB | 0/1.6 MB | 0.1/11 MB
Progress (5): 0/1.9 MB | 0.3/1.9 MB | 181/456 kB | 0/1.6 MB | 0.1/11 MB
Progress (5): 0/1.9 MB | 0.3/1.9 MB | 185/456 kB | 0/1.6 MB | 0.1/11 MB
Progress (5): 0/1.9 MB | 0.3/1.9 MB | 189/456 kB | 0/1.6 MB | 0.1/11 MB
Progress (5): 0/1.9 MB | 0.3/1.9 MB | 206/456 kB | 0/1.6 MB | 0.1/11 MB
Progress (5): 0/1.9 MB | 0.3/1.9 MB | 222/456 kB | 0/1.6 MB | 0.1/11 MB
Progress (5): 0/1.9 MB | 0.3/1.9 MB | 239/456 kB | 0/1.6 MB | 0.1/11 MB
Progress (5): 0/1.9 MB | 0.3/1.9 MB | 255/456 kB | 0/1.6 MB | 0.1/11 MB
Progress (5): 0/1.9 MB | 0.3/1.9 MB | 271/456 kB | 0/1.6 MB | 0.1/11 MB
Progress (5): 0/1.9 MB | 0.3/1.9 MB | 282/456 kB | 0/1.6 MB | 0.1/11 MB
Progress (5): 0/1.9 MB | 0.3/1.9 MB | 282/456 kB | 0/1.6 MB | 0.1/11 MB
Progress (5): 0/1.9 MB | 0.3/1.9 MB | 282/456 kB | 0/1.6 MB | 0.1/11 MB
Progress (5): 0/1.9 MB | 0.3/1.9 MB | 282/456 kB | 0/1.6 MB | 0.1/11 MB
Progress (5): 0/1.9 MB | 0.3/1.9 MB | 282/456 kB | 0/1.6 MB | 0.1/11 MB
Progress (5): 0/1.9 MB | 0.3/1.9 MB | 282/456 kB | 0/1.6 MB | 0.1/11 MB
Progress (5): 0/1.9 MB | 0.3/1.9 MB | 282/456 kB | 0/1.6 MB | 0.2/11 MB
Progress (5): 0/1.9 MB | 0.3/1.9 MB | 282/456 kB | 0/1.6 MB | 0.2/11 MB
Progress (5): 0/1.9 MB | 0.3/1.9 MB | 282/456 kB | 0/1.6 MB | 0.2/11 MB
Progress (5): 0/1.9 MB | 0.3/1.9 MB | 282/456 kB | 0/1.6 MB | 0.2/11 MB
Progress (5): 0/1.9 MB | 0.3/1.9 MB | 282/456 kB | 0/1.6 MB | 0.2/11 MB
Progress (5): 0/1.9 MB | 0.3/1.9 MB | 282/456 kB | 0/1.6 MB | 0.2/11 MB
Progress (5): 0/1.9 MB | 0.3/1.9 MB | 282/456 kB | 0/1.6 MB | 0.2/11 MB
Progress (5): 0/1.9 MB | 0.3/1.9 MB | 282/456 kB | 0/1.6 MB | 0.2/11 MB
Progress (5): 0/1.9 MB | 0.3/1.9 MB | 282/456 kB | 0/1.6 MB | 0.2/11 MB
Progress (5): 0/1.9 MB | 0.3/1.9 MB | 282/456 kB | 0/1.6 MB | 0.2/11 MB
Progress (5): 0/1.9 MB | 0.3/1.9 MB | 282/456 kB | 0/1.6 MB | 0.2/11 MB
Progress (5): 0/1.9 MB | 0.3/1.9 MB | 299/456 kB | 0/1.6 MB | 0.2/11 MB
Progress (5): 0/1.9 MB | 0.3/1.9 MB | 315/456 kB | 0/1.6 MB | 0.2/11 MB
Progress (5): 0/1.9 MB | 0.3/1.9 MB | 332/456 kB | 0/1.6 MB | 0.2/11 MB
Progress (5): 0/1.9 MB | 0.3/1.9 MB | 332/456 kB | 0/1.6 MB | 0.2/11 MB
Progress (5): 0/1.9 MB | 0.3/1.9 MB | 348/456 kB | 0/1.6 MB | 0.2/11 MB
Progress (5): 0/1.9 MB | 0.3/1.9 MB | 364/456 kB | 0/1.6 MB | 0.2/11 MB
Progress (5): 0/1.9 MB | 0.3/1.9 MB | 381/456 kB | 0/1.6 MB | 0.2/11 MB
Progress (5): 0/1.9 MB | 0.3/1.9 MB | 381/456 kB | 0/1.6 MB | 0.2/11 MB
Progress (5): 0/1.9 MB | 0.3/1.9 MB | 381/456 kB | 0/1.6 MB | 0.2/11 MB
Progress (5): 0/1.9 MB | 0.3/1.9 MB | 381/456 kB | 0/1.6 MB | 0.2/11 MB
Progress (5): 0/1.9 MB | 0.3/1.9 MB | 381/456 kB | 0/1.6 MB | 0.2/11 MB
Progress (5): 0/1.9 MB | 0.3/1.9 MB | 397/456 kB | 0/1.6 MB | 0.2/11 MB
Progress (5): 0/1.9 MB | 0.3/1.9 MB | 397/456 kB | 0/1.6 MB | 0.2/11 MB
Progress (5): 0/1.9 MB | 0.3/1.9 MB | 414/456 kB | 0/1.6 MB | 0.2/11 MB
Progress (5): 0/1.9 MB | 0.3/1.9 MB | 430/456 kB | 0/1.6 MB | 0.2/11 MB
Progress (5): 0/1.9 MB | 0.3/1.9 MB | 446/456 kB | 0/1.6 MB | 0.2/11 MB
Progress (5): 0/1.9 MB | 0.3/1.9 MB | 456 kB | 0/1.6 MB | 0.2/11 MB    
                                                                   
Downloaded from central: https://repo.maven.apache.org/maven2/org/springframework/spring-jdbc/6.1.1/spring-jdbc-6.1.1.jar (456 kB at 143 kB/s)
Downloading from central: https://repo.maven.apache.org/maven2/org/hibernate/common/hibernate-commons-annotations/6.0.6.Final/hibernate-commons-annotations-6.0.6.Final.jar
Progress (4): 0/1.9 MB | 0.3/1.9 MB | 0/1.6 MB | 0.2/11 MB
Progress (4): 0/1.9 MB | 0.3/1.9 MB | 0/1.6 MB | 0.3/11 MB
Progress (4): 0/1.9 MB | 0.3/1.9 MB | 0/1.6 MB | 0.3/11 MB
Progress (4): 0/1.9 MB | 0.3/1.9 MB | 0/1.6 MB | 0.3/11 MB
Progress (4): 0/1.9 MB | 0.3/1.9 MB | 0/1.6 MB | 0.3/11 MB
Progress (4): 0/1.9 MB | 0.3/1.9 MB | 0/1.6 MB | 0.3/11 MB
Progress (4): 0/1.9 MB | 0.3/1.9 MB | 0/1.6 MB | 0.3/11 MB
Progress (4): 0/1.9 MB | 0.3/1.9 MB | 0/1.6 MB | 0.3/11 MB
Progress (4): 0/1.9 MB | 0.3/1.9 MB | 0/1.6 MB | 0.3/11 MB
Progress (4): 0/1.9 MB | 0.4/1.9 MB | 0/1.6 MB | 0.3/11 MB
Progress (4): 0/1.9 MB | 0.4/1.9 MB | 0/1.6 MB | 0.3/11 MB
Progress (4): 0/1.9 MB | 0.4/1.9 MB | 0/1.6 MB | 0.3/11 MB
Progress (4): 0/1.9 MB | 0.4/1.9 MB | 0/1.6 MB | 0.3/11 MB
Progress (4): 0/1.9 MB | 0.4/1.9 MB | 0/1.6 MB | 0.3/11 MB
Progress (4): 0/1.9 MB | 0.4/1.9 MB | 0/1.6 MB | 0.3/11 MB
Progress (4): 0/1.9 MB | 0.4/1.9 MB | 0/1.6 MB | 0.3/11 MB
Progress (4): 0/1.9 MB | 0.4/1.9 MB | 0/1.6 MB | 0.3/11 MB
Progress (4): 0/1.9 MB | 0.4/1.9 MB | 0/1.6 MB | 0.3/11 MB
Progress (4): 0/1.9 MB | 0.4/1.9 MB | 0/1.6 MB | 0.3/11 MB
Progress (4): 0/1.9 MB | 0.4/1.9 MB | 0/1.6 MB | 0.3/11 MB
Progress (4): 0/1.9 MB | 0.4/1.9 MB | 0/1.6 MB | 0.3/11 MB
Progress (4): 0/1.9 MB | 0.4/1.9 MB | 0/1.6 MB | 0.3/11 MB
Progress (4): 0/1.9 MB | 0.4/1.9 MB | 0/1.6 MB | 0.3/11 MB
Progress (4): 0/1.9 MB | 0.4/1.9 MB | 0/1.6 MB | 0.3/11 MB
Progress (4): 0/1.9 MB | 0.4/1.9 MB | 0/1.6 MB | 0.3/11 MB
Progress (4): 0/1.9 MB | 0.4/1.9 MB | 0/1.6 MB | 0.3/11 MB
Progress (4): 0/1.9 MB | 0.4/1.9 MB | 0/1.6 MB | 0.3/11 MB
Progress (4): 0/1.9 MB | 0.4/1.9 MB | 0/1.6 MB | 0.3/11 MB
Progress (4): 0/1.9 MB | 0.4/1.9 MB | 0/1.6 MB | 0.3/11 MB
Progress (4): 0/1.9 MB | 0.4/1.9 MB | 0/1.6 MB | 0.3/11 MB
Progress (4): 0/1.9 MB | 0.4/1.9 MB | 0/1.6 MB | 0.3/11 MB
Progress (4): 0/1.9 MB | 0.4/1.9 MB | 0/1.6 MB | 0.3/11 MB
Progress (4): 0/1.9 MB | 0.4/1.9 MB | 0/1.6 MB | 0.3/11 MB
Progress (4): 0/1.9 MB | 0.4/1.9 MB | 0/1.6 MB | 0.3/11 MB
Progress (4): 0/1.9 MB | 0.4/1.9 MB | 0/1.6 MB | 0.3/11 MB
Progress (4): 0/1.9 MB | 0.5/1.9 MB | 0/1.6 MB | 0.3/11 MB
Progress (4): 0/1.9 MB | 0.5/1.9 MB | 0/1.6 MB | 0.4/11 MB
Progress (4): 0/1.9 MB | 0.5/1.9 MB | 0/1.6 MB | 0.4/11 MB
Progress (4): 0/1.9 MB | 0.5/1.9 MB | 0.1/1.6 MB | 0.4/11 MB
Progress (4): 0/1.9 MB | 0.5/1.9 MB | 0.1/1.6 MB | 0.4/11 MB
Progress (4): 0/1.9 MB | 0.5/1.9 MB | 0.1/1.6 MB | 0.4/11 MB
Progress (4): 0/1.9 MB | 0.5/1.9 MB | 0.1/1.6 MB | 0.4/11 MB
Progress (4): 0/1.9 MB | 0.5/1.9 MB | 0.1/1.6 MB | 0.4/11 MB
Progress (4): 0/1.9 MB | 0.5/1.9 MB | 0.1/1.6 MB | 0.4/11 MB
Progress (4): 0/1.9 MB | 0.5/1.9 MB | 0.1/1.6 MB | 0.4/11 MB
Progress (4): 0/1.9 MB | 0.5/1.9 MB | 0.1/1.6 MB | 0.4/11 MB
Progress (4): 0/1.9 MB | 0.5/1.9 MB | 0.1/1.6 MB | 0.4/11 MB
Progress (4): 0/1.9 MB | 0.5/1.9 MB | 0.1/1.6 MB | 0.4/11 MB
Progress (4): 0/1.9 MB | 0.6/1.9 MB | 0.1/1.6 MB | 0.4/11 MB
Progress (4): 0/1.9 MB | 0.6/1.9 MB | 0.1/1.6 MB | 0.4/11 MB
Progress (4): 0/1.9 MB | 0.6/1.9 MB | 0.1/1.6 MB | 0.5/11 MB
Progress (4): 0/1.9 MB | 0.6/1.9 MB | 0.1/1.6 MB | 0.5/11 MB
Progress (4): 0/1.9 MB | 0.6/1.9 MB | 0.1/1.6 MB | 0.5/11 MB
Progress (4): 0/1.9 MB | 0.6/1.9 MB | 0.1/1.6 MB | 0.5/11 MB
Progress (4): 0/1.9 MB | 0.6/1.9 MB | 0.1/1.6 MB | 0.5/11 MB
Progress (4): 0/1.9 MB | 0.6/1.9 MB | 0.1/1.6 MB | 0.5/11 MB
Progress (4): 0/1.9 MB | 0.6/1.9 MB | 0.1/1.6 MB | 0.5/11 MB
Progress (4): 0/1.9 MB | 0.6/1.9 MB | 0.1/1.6 MB | 0.5/11 MB
Progress (4): 0/1.9 MB | 0.6/1.9 MB | 0.1/1.6 MB | 0.5/11 MB
Progress (4): 0/1.9 MB | 0.6/1.9 MB | 0.1/1.6 MB | 0.5/11 MB
Progress (4): 0/1.9 MB | 0.6/1.9 MB | 0.1/1.6 MB | 0.5/11 MB
Progress (4): 0/1.9 MB | 0.6/1.9 MB | 0.1/1.6 MB | 0.6/11 MB
Progress (4): 0/1.9 MB | 0.6/1.9 MB | 0.1/1.6 MB | 0.6/11 MB
Progress (4): 0/1.9 MB | 0.6/1.9 MB | 0.1/1.6 MB | 0.6/11 MB
Progress (4): 0/1.9 MB | 0.7/1.9 MB | 0.1/1.6 MB | 0.6/11 MB
Progress (4): 0/1.9 MB | 0.7/1.9 MB | 0.1/1.6 MB | 0.6/11 MB
Progress (4): 0/1.9 MB | 0.7/1.9 MB | 0.1/1.6 MB | 0.6/11 MB
Progress (4): 0/1.9 MB | 0.7/1.9 MB | 0.1/1.6 MB | 0.6/11 MB
Progress (4): 0/1.9 MB | 0.7/1.9 MB | 0.1/1.6 MB | 0.6/11 MB
Progress (4): 0/1.9 MB | 0.7/1.9 MB | 0.1/1.6 MB | 0.6/11 MB
Progress (4): 0/1.9 MB | 0.7/1.9 MB | 0.1/1.6 MB | 0.7/11 MB
Progress (4): 0/1.9 MB | 0.7/1.9 MB | 0.1/1.6 MB | 0.7/11 MB
Progress (4): 0/1.9 MB | 0.7/1.9 MB | 0.1/1.6 MB | 0.7/11 MB
Progress (4): 0/1.9 MB | 0.7/1.9 MB | 0.1/1.6 MB | 0.7/11 MB
Progress (4): 0/1.9 MB | 0.7/1.9 MB | 0.1/1.6 MB | 0.7/11 MB
Progress (4): 0/1.9 MB | 0.8/1.9 MB | 0.1/1.6 MB | 0.7/11 MB
Progress (4): 0/1.9 MB | 0.8/1.9 MB | 0.1/1.6 MB | 0.7/11 MB
Progress (4): 0/1.9 MB | 0.8/1.9 MB | 0.1/1.6 MB | 0.7/11 MB
Progress (4): 0/1.9 MB | 0.8/1.9 MB | 0.1/1.6 MB | 0.7/11 MB
Progress (4): 0/1.9 MB | 0.8/1.9 MB | 0.1/1.6 MB | 0.7/11 MB
Progress (4): 0/1.9 MB | 0.8/1.9 MB | 0.1/1.6 MB | 0.7/11 MB
Progress (4): 0/1.9 MB | 0.8/1.9 MB | 0.1/1.6 MB | 0.7/11 MB
Progress (4): 0/1.9 MB | 0.8/1.9 MB | 0.1/1.6 MB | 0.7/11 MB
Progress (4): 0/1.9 MB | 0.8/1.9 MB | 0.1/1.6 MB | 0.7/11 MB
Progress (4): 0/1.9 MB | 0.8/1.9 MB | 0.1/1.6 MB | 0.8/11 MB
Progress (4): 0/1.9 MB | 0.8/1.9 MB | 0.1/1.6 MB | 0.8/11 MB
Progress (4): 0/1.9 MB | 0.8/1.9 MB | 0.1/1.6 MB | 0.8/11 MB
Progress (4): 0/1.9 MB | 0.8/1.9 MB | 0.1/1.6 MB | 0.8/11 MB
Progress (4): 0/1.9 MB | 0.8/1.9 MB | 0.1/1.6 MB | 0.8/11 MB
Progress (4): 0/1.9 MB | 0.8/1.9 MB | 0.1/1.6 MB | 0.8/11 MB
Progress (4): 0/1.9 MB | 0.8/1.9 MB | 0.1/1.6 MB | 0.8/11 MB
Progress (4): 0/1.9 MB | 0.8/1.9 MB | 0.1/1.6 MB | 0.8/11 MB
Progress (4): 0/1.9 MB | 0.9/1.9 MB | 0.1/1.6 MB | 0.8/11 MB
Progress (4): 0/1.9 MB | 0.9/1.9 MB | 0.1/1.6 MB | 0.8/11 MB
Progress (5): 0/1.9 MB | 0.9/1.9 MB | 0.1/1.6 MB | 0.8/11 MB | 7.7/68 kB
Progress (5): 0/1.9 MB | 0.9/1.9 MB | 0.1/1.6 MB | 0.8/11 MB | 16/68 kB 
Progress (5): 0/1.9 MB | 0.9/1.9 MB | 0.1/1.6 MB | 0.8/11 MB | 16/68 kB
Progress (5): 0/1.9 MB | 0.9/1.9 MB | 0.1/1.6 MB | 0.8/11 MB | 32/68 kB
Progress (5): 0/1.9 MB | 0.9/1.9 MB | 0.1/1.6 MB | 0.9/11 MB | 32/68 kB
Progress (5): 0/1.9 MB | 0.9/1.9 MB | 0.1/1.6 MB | 0.9/11 MB | 32/68 kB
Progress (5): 0/1.9 MB | 0.9/1.9 MB | 0.1/1.6 MB | 0.9/11 MB | 32/68 kB
Progress (5): 0/1.9 MB | 0.9/1.9 MB | 0.1/1.6 MB | 0.9/11 MB | 32/68 kB
Progress (5): 0/1.9 MB | 0.9/1.9 MB | 0.1/1.6 MB | 0.9/11 MB | 32/68 kB
Progress (5): 0/1.9 MB | 0.9/1.9 MB | 0.1/1.6 MB | 0.9/11 MB | 32/68 kB
Progress (5): 0/1.9 MB | 0.9/1.9 MB | 0.1/1.6 MB | 0.9/11 MB | 32/68 kB
Progress (5): 0/1.9 MB | 0.9/1.9 MB | 0.1/1.6 MB | 0.9/11 MB | 32/68 kB
Progress (5): 0/1.9 MB | 0.9/1.9 MB | 0.1/1.6 MB | 0.9/11 MB | 32/68 kB
Progress (5): 0/1.9 MB | 0.9/1.9 MB | 0.1/1.6 MB | 1.0/11 MB | 32/68 kB
Progress (5): 0/1.9 MB | 0.9/1.9 MB | 0.1/1.6 MB | 1.0/11 MB | 32/68 kB
Progress (5): 0/1.9 MB | 0.9/1.9 MB | 0.1/1.6 MB | 1.0/11 MB | 32/68 kB
Progress (5): 0/1.9 MB | 0.9/1.9 MB | 0.1/1.6 MB | 1.0/11 MB | 32/68 kB
Progress (5): 0/1.9 MB | 0.9/1.9 MB | 0.1/1.6 MB | 1.0/11 MB | 32/68 kB
Progress (5): 0/1.9 MB | 0.9/1.9 MB | 0.1/1.6 MB | 1.0/11 MB | 32/68 kB
Progress (5): 0/1.9 MB | 1.0/1.9 MB | 0.1/1.6 MB | 1.0/11 MB | 32/68 kB
Progress (5): 0/1.9 MB | 1.0/1.9 MB | 0.1/1.6 MB | 1.0/11 MB | 32/68 kB
Progress (5): 0/1.9 MB | 1.0/1.9 MB | 0.1/1.6 MB | 1.0/11 MB | 32/68 kB
Progress (5): 0/1.9 MB | 1.0/1.9 MB | 0.1/1.6 MB | 1.0/11 MB | 49/68 kB
Progress (5): 0/1.9 MB | 1.0/1.9 MB | 0.1/1.6 MB | 1.0/11 MB | 49/68 kB
Progress (5): 0/1.9 MB | 1.0/1.9 MB | 0.1/1.6 MB | 1.0/11 MB | 49/68 kB
Progress (5): 0/1.9 MB | 1.0/1.9 MB | 0.1/1.6 MB | 1.1/11 MB | 49/68 kB
Progress (5): 0/1.9 MB | 1.0/1.9 MB | 0.1/1.6 MB | 1.1/11 MB | 49/68 kB
Progress (5): 0/1.9 MB | 1.0/1.9 MB | 0.1/1.6 MB | 1.1/11 MB | 49/68 kB
Progress (5): 0/1.9 MB | 1.0/1.9 MB | 0.1/1.6 MB | 1.1/11 MB | 49/68 kB
Progress (5): 0/1.9 MB | 1.0/1.9 MB | 0.1/1.6 MB | 1.1/11 MB | 49/68 kB
Progress (5): 0/1.9 MB | 1.0/1.9 MB | 0.1/1.6 MB | 1.1/11 MB | 49/68 kB
Progress (5): 0/1.9 MB | 1.0/1.9 MB | 0.1/1.6 MB | 1.1/11 MB | 49/68 kB
Progress (5): 0/1.9 MB | 1.0/1.9 MB | 0.1/1.6 MB | 1.1/11 MB | 49/68 kB
Progress (5): 0/1.9 MB | 1.0/1.9 MB | 0.1/1.6 MB | 1.1/11 MB | 49/68 kB
Progress (5): 0/1.9 MB | 1.0/1.9 MB | 0.1/1.6 MB | 1.2/11 MB | 49/68 kB
Progress (5): 0/1.9 MB | 1.0/1.9 MB | 0.1/1.6 MB | 1.2/11 MB | 49/68 kB
Progress (5): 0/1.9 MB | 1.0/1.9 MB | 0.1/1.6 MB | 1.2/11 MB | 49/68 kB
Progress (5): 0/1.9 MB | 1.0/1.9 MB | 0.1/1.6 MB | 1.2/11 MB | 49/68 kB
Progress (5): 0/1.9 MB | 1.0/1.9 MB | 0.1/1.6 MB | 1.2/11 MB | 49/68 kB
Progress (5): 0/1.9 MB | 1.1/1.9 MB | 0.1/1.6 MB | 1.2/11 MB | 49/68 kB
Progress (5): 0/1.9 MB | 1.1/1.9 MB | 0.1/1.6 MB | 1.2/11 MB | 49/68 kB
Progress (5): 0/1.9 MB | 1.1/1.9 MB | 0.1/1.6 MB | 1.2/11 MB | 49/68 kB
Progress (5): 0/1.9 MB | 1.1/1.9 MB | 0.1/1.6 MB | 1.2/11 MB | 49/68 kB
Progress (5): 0/1.9 MB | 1.1/1.9 MB | 0.1/1.6 MB | 1.2/11 MB | 49/68 kB
Progress (5): 0/1.9 MB | 1.1/1.9 MB | 0.1/1.6 MB | 1.2/11 MB | 49/68 kB
Progress (5): 0/1.9 MB | 1.1/1.9 MB | 0.1/1.6 MB | 1.2/11 MB | 49/68 kB
Progress (5): 0/1.9 MB | 1.1/1.9 MB | 0.1/1.6 MB | 1.2/11 MB | 49/68 kB
Progress (5): 0/1.9 MB | 1.1/1.9 MB | 0.1/1.6 MB | 1.2/11 MB | 49/68 kB
Progress (5): 0/1.9 MB | 1.1/1.9 MB | 0.1/1.6 MB | 1.2/11 MB | 49/68 kB
Progress (5): 0/1.9 MB | 1.1/1.9 MB | 0.1/1.6 MB | 1.3/11 MB | 49/68 kB
Progress (5): 0/1.9 MB | 1.1/1.9 MB | 0.1/1.6 MB | 1.3/11 MB | 49/68 kB
Progress (5): 0/1.9 MB | 1.1/1.9 MB | 0.1/1.6 MB | 1.3/11 MB | 49/68 kB
Progress (5): 0/1.9 MB | 1.1/1.9 MB | 0.1/1.6 MB | 1.3/11 MB | 49/68 kB
Progress (5): 0/1.9 MB | 1.1/1.9 MB | 0.1/1.6 MB | 1.3/11 MB | 49/68 kB
Progress (5): 0/1.9 MB | 1.1/1.9 MB | 0.1/1.6 MB | 1.3/11 MB | 49/68 kB
Progress (5): 0/1.9 MB | 1.1/1.9 MB | 0.1/1.6 MB | 1.4/11 MB | 49/68 kB
Progress (5): 0/1.9 MB | 1.1/1.9 MB | 0.1/1.6 MB | 1.4/11 MB | 49/68 kB
Progress (5): 0/1.9 MB | 1.1/1.9 MB | 0.1/1.6 MB | 1.4/11 MB | 49/68 kB
Progress (5): 0/1.9 MB | 1.2/1.9 MB | 0.1/1.6 MB | 1.4/11 MB | 49/68 kB
Progress (5): 0/1.9 MB | 1.2/1.9 MB | 0.1/1.6 MB | 1.4/11 MB | 49/68 kB
Progress (5): 0/1.9 MB | 1.2/1.9 MB | 0.1/1.6 MB | 1.4/11 MB | 49/68 kB
Progress (5): 0/1.9 MB | 1.2/1.9 MB | 0.1/1.6 MB | 1.4/11 MB | 49/68 kB
Progress (5): 0/1.9 MB | 1.2/1.9 MB | 0.1/1.6 MB | 1.5/11 MB | 49/68 kB
Progress (5): 0/1.9 MB | 1.2/1.9 MB | 0.1/1.6 MB | 1.5/11 MB | 49/68 kB
Progress (5): 0/1.9 MB | 1.2/1.9 MB | 0.1/1.6 MB | 1.5/11 MB | 49/68 kB
Progress (5): 0/1.9 MB | 1.2/1.9 MB | 0.1/1.6 MB | 1.5/11 MB | 49/68 kB
Progress (5): 0/1.9 MB | 1.2/1.9 MB | 0.1/1.6 MB | 1.5/11 MB | 49/68 kB
Progress (5): 0/1.9 MB | 1.2/1.9 MB | 0.1/1.6 MB | 1.5/11 MB | 49/68 kB
Progress (5): 0/1.9 MB | 1.2/1.9 MB | 0.1/1.6 MB | 1.5/11 MB | 49/68 kB
Progress (5): 0/1.9 MB | 1.2/1.9 MB | 0.1/1.6 MB | 1.5/11 MB | 49/68 kB
Progress (5): 0/1.9 MB | 1.2/1.9 MB | 0.1/1.6 MB | 1.5/11 MB | 49/68 kB
Progress (5): 0/1.9 MB | 1.2/1.9 MB | 0.1/1.6 MB | 1.6/11 MB | 49/68 kB
Progress (5): 0/1.9 MB | 1.2/1.9 MB | 0.1/1.6 MB | 1.6/11 MB | 49/68 kB
Progress (5): 0/1.9 MB | 1.2/1.9 MB | 0.1/1.6 MB | 1.6/11 MB | 49/68 kB
Progress (5): 0/1.9 MB | 1.3/1.9 MB | 0.1/1.6 MB | 1.6/11 MB | 49/68 kB
Progress (5): 0/1.9 MB | 1.3/1.9 MB | 0.1/1.6 MB | 1.6/11 MB | 49/68 kB
Progress (5): 0/1.9 MB | 1.3/1.9 MB | 0.1/1.6 MB | 1.6/11 MB | 65/68 kB
Progress (5): 0/1.9 MB | 1.3/1.9 MB | 0.1/1.6 MB | 1.6/11 MB | 68 kB   
Progress (5): 0/1.9 MB | 1.3/1.9 MB | 0.1/1.6 MB | 1.6/11 MB | 68 kB
                                                                    
Downloaded from central: https://repo.maven.apache.org/maven2/org/hibernate/common/hibernate-commons-annotations/6.0.6.Final/hibernate-commons-annotations-6.0.6.Final.jar (68 kB at 11 kB/s)
Downloading from central: https://repo.maven.apache.org/maven2/io/smallrye/jandex/3.1.2/jandex-3.1.2.jar
Progress (4): 0/1.9 MB | 1.3/1.9 MB | 0.1/1.6 MB | 1.6/11 MB
Progress (4): 0/1.9 MB | 1.3/1.9 MB | 0.1/1.6 MB | 1.6/11 MB
Progress (4): 0/1.9 MB | 1.3/1.9 MB | 0.1/1.6 MB | 1.6/11 MB
Progress (4): 0/1.9 MB | 1.3/1.9 MB | 0.1/1.6 MB | 1.6/11 MB
Progress (4): 0/1.9 MB | 1.3/1.9 MB | 0.1/1.6 MB | 1.6/11 MB
Progress (4): 0/1.9 MB | 1.3/1.9 MB | 0.1/1.6 MB | 1.6/11 MB
Progress (4): 0/1.9 MB | 1.3/1.9 MB | 0.1/1.6 MB | 1.7/11 MB
Progress (4): 0/1.9 MB | 1.3/1.9 MB | 0.1/1.6 MB | 1.7/11 MB
Progress (4): 0/1.9 MB | 1.3/1.9 MB | 0.1/1.6 MB | 1.7/11 MB
Progress (4): 0/1.9 MB | 1.3/1.9 MB | 0.1/1.6 MB | 1.7/11 MB
Progress (4): 0/1.9 MB | 1.3/1.9 MB | 0.1/1.6 MB | 1.7/11 MB
Progress (4): 0/1.9 MB | 1.3/1.9 MB | 0.1/1.6 MB | 1.7/11 MB
Progress (4): 0/1.9 MB | 1.3/1.9 MB | 0.1/1.6 MB | 1.7/11 MB
Progress (4): 0/1.9 MB | 1.4/1.9 MB | 0.1/1.6 MB | 1.7/11 MB
Progress (4): 0/1.9 MB | 1.4/1.9 MB | 0.1/1.6 MB | 1.7/11 MB
Progress (4): 0/1.9 MB | 1.4/1.9 MB | 0.1/1.6 MB | 1.7/11 MB
Progress (4): 0/1.9 MB | 1.4/1.9 MB | 0.1/1.6 MB | 1.7/11 MB
Progress (4): 0/1.9 MB | 1.4/1.9 MB | 0.1/1.6 MB | 1.8/11 MB
Progress (4): 0/1.9 MB | 1.4/1.9 MB | 0.1/1.6 MB | 1.8/11 MB
Progress (4): 0/1.9 MB | 1.4/1.9 MB | 0.1/1.6 MB | 1.8/11 MB
Progress (4): 0/1.9 MB | 1.4/1.9 MB | 0.1/1.6 MB | 1.8/11 MB
Progress (4): 0/1.9 MB | 1.4/1.9 MB | 0.1/1.6 MB | 1.8/11 MB
Progress (4): 0/1.9 MB | 1.4/1.9 MB | 0.1/1.6 MB | 1.8/11 MB
Progress (4): 0/1.9 MB | 1.4/1.9 MB | 0.1/1.6 MB | 1.8/11 MB
Progress (4): 0/1.9 MB | 1.4/1.9 MB | 0.1/1.6 MB | 1.8/11 MB
Progress (4): 0/1.9 MB | 1.4/1.9 MB | 0.1/1.6 MB | 1.8/11 MB
Progress (4): 0/1.9 MB | 1.4/1.9 MB | 0.1/1.6 MB | 1.9/11 MB
Progress (4): 0/1.9 MB | 1.4/1.9 MB | 0.1/1.6 MB | 1.9/11 MB
Progress (4): 0/1.9 MB | 1.4/1.9 MB | 0.1/1.6 MB | 1.9/11 MB
Progress (4): 0/1.9 MB | 1.4/1.9 MB | 0.1/1.6 MB | 1.9/11 MB
Progress (4): 0/1.9 MB | 1.4/1.9 MB | 0.1/1.6 MB | 1.9/11 MB
Progress (4): 0/1.9 MB | 1.4/1.9 MB | 0.1/1.6 MB | 1.9/11 MB
Progress (4): 0/1.9 MB | 1.4/1.9 MB | 0.1/1.6 MB | 1.9/11 MB
Progress (4): 0/1.9 MB | 1.5/1.9 MB | 0.1/1.6 MB | 1.9/11 MB
Progress (4): 0/1.9 MB | 1.5/1.9 MB | 0.1/1.6 MB | 1.9/11 MB
Progress (4): 0/1.9 MB | 1.5/1.9 MB | 0.1/1.6 MB | 1.9/11 MB
Progress (5): 0/1.9 MB | 1.5/1.9 MB | 0.1/1.6 MB | 1.9/11 MB | 7.7/327 kB
Progress (5): 0/1.9 MB | 1.5/1.9 MB | 0.1/1.6 MB | 1.9/11 MB | 16/327 kB 
Progress (5): 0/1.9 MB | 1.5/1.9 MB | 0.1/1.6 MB | 1.9/11 MB | 16/327 kB
Progress (5): 0/1.9 MB | 1.5/1.9 MB | 0.1/1.6 MB | 2.0/11 MB | 16/327 kB
Progress (5): 0/1.9 MB | 1.5/1.9 MB | 0.1/1.6 MB | 2.0/11 MB | 16/327 kB
Progress (5): 0/1.9 MB | 1.5/1.9 MB | 0.1/1.6 MB | 2.0/11 MB | 16/327 kB
Progress (5): 0/1.9 MB | 1.5/1.9 MB | 0.1/1.6 MB | 2.0/11 MB | 16/327 kB
Progress (5): 0/1.9 MB | 1.5/1.9 MB | 0.1/1.6 MB | 2.0/11 MB | 16/327 kB
Progress (5): 0/1.9 MB | 1.5/1.9 MB | 0.1/1.6 MB | 2.0/11 MB | 16/327 kB
Progress (5): 0/1.9 MB | 1.5/1.9 MB | 0.1/1.6 MB | 2.0/11 MB | 16/327 kB
Progress (5): 0/1.9 MB | 1.5/1.9 MB | 0.1/1.6 MB | 2.0/11 MB | 16/327 kB
Progress (5): 0/1.9 MB | 1.5/1.9 MB | 0.1/1.6 MB | 2.0/11 MB | 16/327 kB
Progress (5): 0/1.9 MB | 1.5/1.9 MB | 0.1/1.6 MB | 2.0/11 MB | 16/327 kB
Progress (5): 0/1.9 MB | 1.5/1.9 MB | 0.1/1.6 MB | 2.0/11 MB | 25/327 kB
Progress (5): 0/1.9 MB | 1.5/1.9 MB | 0.1/1.6 MB | 2.1/11 MB | 25/327 kB
Progress (5): 0/1.9 MB | 1.5/1.9 MB | 0.1/1.6 MB | 2.1/11 MB | 25/327 kB
Progress (5): 0/1.9 MB | 1.5/1.9 MB | 0.1/1.6 MB | 2.1/11 MB | 25/327 kB
Progress (5): 0/1.9 MB | 1.5/1.9 MB | 0.1/1.6 MB | 2.1/11 MB | 25/327 kB
Progress (5): 0/1.9 MB | 1.6/1.9 MB | 0.1/1.6 MB | 2.1/11 MB | 25/327 kB
Progress (5): 0/1.9 MB | 1.6/1.9 MB | 0.1/1.6 MB | 2.1/11 MB | 25/327 kB
Progress (5): 0/1.9 MB | 1.6/1.9 MB | 0.1/1.6 MB | 2.1/11 MB | 25/327 kB
Progress (5): 0/1.9 MB | 1.6/1.9 MB | 0.1/1.6 MB | 2.1/11 MB | 25/327 kB
Progress (5): 0/1.9 MB | 1.6/1.9 MB | 0.1/1.6 MB | 2.1/11 MB | 25/327 kB
Progress (5): 0/1.9 MB | 1.6/1.9 MB | 0.1/1.6 MB | 2.1/11 MB | 25/327 kB
Progress (5): 0/1.9 MB | 1.6/1.9 MB | 0.1/1.6 MB | 2.1/11 MB | 25/327 kB
Progress (5): 0/1.9 MB | 1.6/1.9 MB | 0.1/1.6 MB | 2.2/11 MB | 25/327 kB
Progress (5): 0/1.9 MB | 1.6/1.9 MB | 0.1/1.6 MB | 2.2/11 MB | 25/327 kB
Progress (5): 0/1.9 MB | 1.6/1.9 MB | 0.1/1.6 MB | 2.2/11 MB | 25/327 kB
Progress (5): 0/1.9 MB | 1.6/1.9 MB | 0.1/1.6 MB | 2.2/11 MB | 25/327 kB
Progress (5): 0/1.9 MB | 1.6/1.9 MB | 0.1/1.6 MB | 2.2/11 MB | 25/327 kB
Progress (5): 0/1.9 MB | 1.7/1.9 MB | 0.1/1.6 MB | 2.2/11 MB | 25/327 kB
Progress (5): 0/1.9 MB | 1.7/1.9 MB | 0.1/1.6 MB | 2.2/11 MB | 25/327 kB
Progress (5): 0/1.9 MB | 1.7/1.9 MB | 0.1/1.6 MB | 2.2/11 MB | 25/327 kB
Progress (5): 0/1.9 MB | 1.7/1.9 MB | 0.1/1.6 MB | 2.2/11 MB | 25/327 kB
Progress (5): 0/1.9 MB | 1.7/1.9 MB | 0.1/1.6 MB | 2.2/11 MB | 41/327 kB
Progress (5): 0/1.9 MB | 1.7/1.9 MB | 0.1/1.6 MB | 2.2/11 MB | 41/327 kB
Progress (5): 0/1.9 MB | 1.7/1.9 MB | 0.1/1.6 MB | 2.3/11 MB | 41/327 kB
Progress (5): 0/1.9 MB | 1.7/1.9 MB | 0.1/1.6 MB | 2.3/11 MB | 41/327 kB
Progress (5): 0/1.9 MB | 1.7/1.9 MB | 0.1/1.6 MB | 2.3/11 MB | 41/327 kB
Progress (5): 0/1.9 MB | 1.7/1.9 MB | 0.1/1.6 MB | 2.3/11 MB | 41/327 kB
Progress (5): 0/1.9 MB | 1.7/1.9 MB | 0.1/1.6 MB | 2.3/11 MB | 41/327 kB
Progress (5): 0/1.9 MB | 1.7/1.9 MB | 0.1/1.6 MB | 2.3/11 MB | 41/327 kB
Progress (5): 0/1.9 MB | 1.7/1.9 MB | 0.1/1.6 MB | 2.3/11 MB | 41/327 kB
Progress (5): 0/1.9 MB | 1.7/1.9 MB | 0.1/1.6 MB | 2.3/11 MB | 41/327 kB
Progress (5): 0/1.9 MB | 1.7/1.9 MB | 0.1/1.6 MB | 2.3/11 MB | 41/327 kB
Progress (5): 0/1.9 MB | 1.7/1.9 MB | 0.1/1.6 MB | 2.3/11 MB | 41/327 kB
Progress (5): 0/1.9 MB | 1.7/1.9 MB | 0.1/1.6 MB | 2.4/11 MB | 41/327 kB
Progress (5): 0/1.9 MB | 1.8/1.9 MB | 0.1/1.6 MB | 2.4/11 MB | 41/327 kB
Progress (5): 0/1.9 MB | 1.8/1.9 MB | 0.1/1.6 MB | 2.4/11 MB | 41/327 kB
Progress (5): 0/1.9 MB | 1.8/1.9 MB | 0.1/1.6 MB | 2.4/11 MB | 41/327 kB
Progress (5): 0/1.9 MB | 1.8/1.9 MB | 0.1/1.6 MB | 2.4/11 MB | 41/327 kB
Progress (5): 0/1.9 MB | 1.8/1.9 MB | 0.1/1.6 MB | 2.4/11 MB | 41/327 kB
Progress (5): 0/1.9 MB | 1.8/1.9 MB | 0.1/1.6 MB | 2.4/11 MB | 41/327 kB
Progress (5): 0/1.9 MB | 1.8/1.9 MB | 0.1/1.6 MB | 2.4/11 MB | 57/327 kB
Progress (5): 0/1.9 MB | 1.8/1.9 MB | 0.1/1.6 MB | 2.4/11 MB | 57/327 kB
Progress (5): 0/1.9 MB | 1.8/1.9 MB | 0.1/1.6 MB | 2.4/11 MB | 57/327 kB
Progress (5): 0/1.9 MB | 1.8/1.9 MB | 0.1/1.6 MB | 2.5/11 MB | 57/327 kB
Progress (5): 0/1.9 MB | 1.8/1.9 MB | 0.1/1.6 MB | 2.5/11 MB | 57/327 kB
Progress (5): 0/1.9 MB | 1.8/1.9 MB | 0.1/1.6 MB | 2.5/11 MB | 57/327 kB
Progress (5): 0/1.9 MB | 1.8/1.9 MB | 0.1/1.6 MB | 2.5/11 MB | 57/327 kB
Progress (5): 0/1.9 MB | 1.8/1.9 MB | 0.1/1.6 MB | 2.5/11 MB | 57/327 kB
Progress (5): 0/1.9 MB | 1.8/1.9 MB | 0.1/1.6 MB | 2.5/11 MB | 57/327 kB
Progress (5): 0/1.9 MB | 1.8/1.9 MB | 0.1/1.6 MB | 2.5/11 MB | 57/327 kB
Progress (5): 0/1.9 MB | 1.8/1.9 MB | 0.1/1.6 MB | 2.5/11 MB | 57/327 kB
Progress (5): 0/1.9 MB | 1.8/1.9 MB | 0.1/1.6 MB | 2.5/11 MB | 57/327 kB
Progress (5): 0/1.9 MB | 1.8/1.9 MB | 0.1/1.6 MB | 2.6/11 MB | 57/327 kB
Progress (5): 0/1.9 MB | 1.9/1.9 MB | 0.1/1.6 MB | 2.6/11 MB | 57/327 kB
Progress (5): 0/1.9 MB | 1.9 MB | 0.1/1.6 MB | 2.6/11 MB | 57/327 kB    
                                                                    
Downloaded from central: https://repo.maven.apache.org/maven2/org/springframework/spring-core/6.1.1/spring-core-6.1.1.jar (1.9 MB at 220 kB/s)
Downloading from central: https://repo.maven.apache.org/maven2/org/glassfish/jaxb/jaxb-runtime/4.0.4/jaxb-runtime-4.0.4.jar
Progress (4): 0/1.9 MB | 0.1/1.6 MB | 2.6/11 MB | 57/327 kB
Progress (4): 0/1.9 MB | 0.1/1.6 MB | 2.6/11 MB | 57/327 kB
Progress (4): 0/1.9 MB | 0.1/1.6 MB | 2.6/11 MB | 57/327 kB
Progress (4): 0/1.9 MB | 0.1/1.6 MB | 2.6/11 MB | 57/327 kB
Progress (4): 0/1.9 MB | 0.1/1.6 MB | 2.6/11 MB | 57/327 kB
Progress (4): 0/1.9 MB | 0.1/1.6 MB | 2.6/11 MB | 74/327 kB
Progress (4): 0/1.9 MB | 0.1/1.6 MB | 2.6/11 MB | 74/327 kB
Progress (4): 0/1.9 MB | 0.1/1.6 MB | 2.7/11 MB | 74/327 kB
Progress (4): 0/1.9 MB | 0.1/1.6 MB | 2.7/11 MB | 74/327 kB
Progress (4): 0/1.9 MB | 0.1/1.6 MB | 2.7/11 MB | 74/327 kB
Progress (4): 0/1.9 MB | 0.1/1.6 MB | 2.7/11 MB | 74/327 kB
Progress (4): 0/1.9 MB | 0.1/1.6 MB | 2.7/11 MB | 74/327 kB
Progress (5): 0/1.9 MB | 0.1/1.6 MB | 2.7/11 MB | 74/327 kB | 7.7/920 kB
Progress (5): 0/1.9 MB | 0.1/1.6 MB | 2.7/11 MB | 74/327 kB | 16/920 kB 
Progress (5): 0/1.9 MB | 0.1/1.6 MB | 2.7/11 MB | 74/327 kB | 25/920 kB
Progress (5): 0/1.9 MB | 0.1/1.6 MB | 2.7/11 MB | 74/327 kB | 25/920 kB
Progress (5): 0/1.9 MB | 0.1/1.6 MB | 2.7/11 MB | 74/327 kB | 41/920 kB
Progress (5): 0/1.9 MB | 0.1/1.6 MB | 2.8/11 MB | 74/327 kB | 41/920 kB
Progress (5): 0/1.9 MB | 0.1/1.6 MB | 2.8/11 MB | 74/327 kB | 41/920 kB
Progress (5): 0/1.9 MB | 0.1/1.6 MB | 2.8/11 MB | 74/327 kB | 41/920 kB
Progress (5): 0/1.9 MB | 0.1/1.6 MB | 2.8/11 MB | 74/327 kB | 41/920 kB
Progress (5): 0/1.9 MB | 0.1/1.6 MB | 2.8/11 MB | 74/327 kB | 41/920 kB
Progress (5): 0/1.9 MB | 0.1/1.6 MB | 2.8/11 MB | 74/327 kB | 41/920 kB
Progress (5): 0/1.9 MB | 0.1/1.6 MB | 2.8/11 MB | 74/327 kB | 57/920 kB
Progress (5): 0/1.9 MB | 0.1/1.6 MB | 2.8/11 MB | 74/327 kB | 74/920 kB
Progress (5): 0/1.9 MB | 0.1/1.6 MB | 2.8/11 MB | 74/327 kB | 90/920 kB
Progress (5): 0/1.9 MB | 0.1/1.6 MB | 2.8/11 MB | 74/327 kB | 106/920 kB
Progress (5): 0/1.9 MB | 0.1/1.6 MB | 2.8/11 MB | 90/327 kB | 106/920 kB
Progress (5): 0/1.9 MB | 0.1/1.6 MB | 2.8/11 MB | 90/327 kB | 106/920 kB
Progress (5): 0/1.9 MB | 0.1/1.6 MB | 2.9/11 MB | 90/327 kB | 106/920 kB
Progress (5): 0/1.9 MB | 0.1/1.6 MB | 2.9/11 MB | 90/327 kB | 106/920 kB
Progress (5): 0/1.9 MB | 0.1/1.6 MB | 2.9/11 MB | 90/327 kB | 123/920 kB
Progress (5): 0/1.9 MB | 0.1/1.6 MB | 2.9/11 MB | 90/327 kB | 139/920 kB
Progress (5): 0/1.9 MB | 0.1/1.6 MB | 2.9/11 MB | 90/327 kB | 156/920 kB
Progress (5): 0/1.9 MB | 0.1/1.6 MB | 2.9/11 MB | 90/327 kB | 156/920 kB
Progress (5): 0/1.9 MB | 0.1/1.6 MB | 2.9/11 MB | 90/327 kB | 156/920 kB
Progress (5): 0/1.9 MB | 0.1/1.6 MB | 2.9/11 MB | 90/327 kB | 156/920 kB
Progress (5): 0/1.9 MB | 0.1/1.6 MB | 2.9/11 MB | 90/327 kB | 156/920 kB
Progress (5): 0/1.9 MB | 0.1/1.6 MB | 3.0/11 MB | 90/327 kB | 156/920 kB
Progress (5): 0/1.9 MB | 0.1/1.6 MB | 3.0/11 MB | 90/327 kB | 172/920 kB
Progress (5): 0/1.9 MB | 0.1/1.6 MB | 3.0/11 MB | 90/327 kB | 172/920 kB
Progress (5): 0/1.9 MB | 0.1/1.6 MB | 3.0/11 MB | 90/327 kB | 188/920 kB
Progress (5): 0/1.9 MB | 0.1/1.6 MB | 3.0/11 MB | 90/327 kB | 188/920 kB
Progress (5): 0/1.9 MB | 0.1/1.6 MB | 3.0/11 MB | 90/327 kB | 188/920 kB
Progress (5): 0/1.9 MB | 0.1/1.6 MB | 3.0/11 MB | 90/327 kB | 188/920 kB
Progress (5): 0/1.9 MB | 0.1/1.6 MB | 3.0/11 MB | 90/327 kB | 188/920 kB
Progress (5): 0/1.9 MB | 0.1/1.6 MB | 3.1/11 MB | 90/327 kB | 188/920 kB
Progress (5): 0/1.9 MB | 0.1/1.6 MB | 3.1/11 MB | 90/327 kB | 205/920 kB
Progress (5): 0/1.9 MB | 0.1/1.6 MB | 3.1/11 MB | 90/327 kB | 221/920 kB
Progress (5): 0/1.9 MB | 0.2/1.6 MB | 3.1/11 MB | 90/327 kB | 221/920 kB
Progress (5): 0/1.9 MB | 0.2/1.6 MB | 3.1/11 MB | 90/327 kB | 238/920 kB
Progress (5): 0/1.9 MB | 0.2/1.6 MB | 3.1/11 MB | 90/327 kB | 238/920 kB
Progress (5): 0/1.9 MB | 0.2/1.6 MB | 3.1/11 MB | 90/327 kB | 238/920 kB
Progress (5): 0/1.9 MB | 0.2/1.6 MB | 3.1/11 MB | 90/327 kB | 238/920 kB
Progress (5): 0/1.9 MB | 0.2/1.6 MB | 3.1/11 MB | 90/327 kB | 238/920 kB
Progress (5): 0/1.9 MB | 0.2/1.6 MB | 3.1/11 MB | 90/327 kB | 254/920 kB
Progress (5): 0/1.9 MB | 0.2/1.6 MB | 3.1/11 MB | 106/327 kB | 254/920 kB
Progress (5): 0/1.9 MB | 0.2/1.6 MB | 3.1/11 MB | 106/327 kB | 254/920 kB
Progress (5): 0/1.9 MB | 0.2/1.6 MB | 3.1/11 MB | 106/327 kB | 270/920 kB
Progress (5): 0/1.9 MB | 0.2/1.6 MB | 3.1/11 MB | 106/327 kB | 287/920 kB
Progress (5): 0/1.9 MB | 0.2/1.6 MB | 3.1/11 MB | 106/327 kB | 303/920 kB
Progress (5): 0/1.9 MB | 0.2/1.6 MB | 3.1/11 MB | 106/327 kB | 303/920 kB
Progress (5): 0/1.9 MB | 0.2/1.6 MB | 3.2/11 MB | 106/327 kB | 303/920 kB
Progress (5): 0/1.9 MB | 0.2/1.6 MB | 3.2/11 MB | 106/327 kB | 319/920 kB
Progress (5): 0/1.9 MB | 0.2/1.6 MB | 3.2/11 MB | 106/327 kB | 336/920 kB
Progress (5): 0/1.9 MB | 0.2/1.6 MB | 3.2/11 MB | 106/327 kB | 352/920 kB
Progress (5): 0/1.9 MB | 0.2/1.6 MB | 3.2/11 MB | 106/327 kB | 352/920 kB
Progress (5): 0/1.9 MB | 0.2/1.6 MB | 3.2/11 MB | 106/327 kB | 352/920 kB
Progress (5): 0/1.9 MB | 0.2/1.6 MB | 3.2/11 MB | 106/327 kB | 352/920 kB
Progress (5): 0/1.9 MB | 0.2/1.6 MB | 3.2/11 MB | 106/327 kB | 352/920 kB
Progress (5): 0/1.9 MB | 0.2/1.6 MB | 3.2/11 MB | 106/327 kB | 352/920 kB
Progress (5): 0/1.9 MB | 0.2/1.6 MB | 3.2/11 MB | 106/327 kB | 352/920 kB
Progress (5): 0/1.9 MB | 0.2/1.6 MB | 3.2/11 MB | 106/327 kB | 352/920 kB
Progress (5): 0/1.9 MB | 0.2/1.6 MB | 3.2/11 MB | 106/327 kB | 369/920 kB
Progress (5): 0/1.9 MB | 0.2/1.6 MB | 3.2/11 MB | 106/327 kB | 385/920 kB
Progress (5): 0/1.9 MB | 0.2/1.6 MB | 3.2/11 MB | 106/327 kB | 385/920 kB
Progress (5): 0/1.9 MB | 0.2/1.6 MB | 3.2/11 MB | 106/327 kB | 385/920 kB
Progress (5): 0.1/1.9 MB | 0.2/1.6 MB | 3.2/11 MB | 106/327 kB | 385/920 kB
Progress (5): 0.1/1.9 MB | 0.2/1.6 MB | 3.2/11 MB | 106/327 kB | 401/920 kB
Progress (5): 0.1/1.9 MB | 0.2/1.6 MB | 3.2/11 MB | 106/327 kB | 418/920 kB
Progress (5): 0.1/1.9 MB | 0.2/1.6 MB | 3.2/11 MB | 106/327 kB | 434/920 kB
Progress (5): 0.1/1.9 MB | 0.2/1.6 MB | 3.3/11 MB | 106/327 kB | 434/920 kB
Progress (5): 0.1/1.9 MB | 0.2/1.6 MB | 3.3/11 MB | 106/327 kB | 434/920 kB
Progress (5): 0.1/1.9 MB | 0.2/1.6 MB | 3.3/11 MB | 106/327 kB | 434/920 kB
Progress (5): 0.1/1.9 MB | 0.2/1.6 MB | 3.3/11 MB | 106/327 kB | 434/920 kB
Progress (5): 0.1/1.9 MB | 0.2/1.6 MB | 3.3/11 MB | 106/327 kB | 434/920 kB
Progress (5): 0.1/1.9 MB | 0.2/1.6 MB | 3.3/11 MB | 106/327 kB | 434/920 kB
Progress (5): 0.1/1.9 MB | 0.2/1.6 MB | 3.3/11 MB | 106/327 kB | 434/920 kB
Progress (5): 0.1/1.9 MB | 0.2/1.6 MB | 3.3/11 MB | 106/327 kB | 434/920 kB
Progress (5): 0.1/1.9 MB | 0.2/1.6 MB | 3.3/11 MB | 106/327 kB | 434/920 kB
Progress (5): 0.1/1.9 MB | 0.2/1.6 MB | 3.3/11 MB | 106/327 kB | 434/920 kB
Progress (5): 0.1/1.9 MB | 0.2/1.6 MB | 3.3/11 MB | 106/327 kB | 434/920 kB
Progress (5): 0.1/1.9 MB | 0.2/1.6 MB | 3.3/11 MB | 106/327 kB | 451/920 kB
Progress (5): 0.1/1.9 MB | 0.2/1.6 MB | 3.3/11 MB | 106/327 kB | 451/920 kB
Progress (5): 0.1/1.9 MB | 0.2/1.6 MB | 3.3/11 MB | 106/327 kB | 451/920 kB
Progress (5): 0.1/1.9 MB | 0.2/1.6 MB | 3.3/11 MB | 123/327 kB | 451/920 kB
Progress (5): 0.1/1.9 MB | 0.2/1.6 MB | 3.3/11 MB | 123/327 kB | 467/920 kB
Progress (5): 0.1/1.9 MB | 0.2/1.6 MB | 3.3/11 MB | 123/327 kB | 483/920 kB
Progress (5): 0.1/1.9 MB | 0.2/1.6 MB | 3.3/11 MB | 123/327 kB | 500/920 kB
Progress (5): 0.1/1.9 MB | 0.2/1.6 MB | 3.4/11 MB | 123/327 kB | 500/920 kB
Progress (5): 0.1/1.9 MB | 0.2/1.6 MB | 3.4/11 MB | 123/327 kB | 500/920 kB
Progress (5): 0.1/1.9 MB | 0.2/1.6 MB | 3.4/11 MB | 123/327 kB | 500/920 kB
Progress (5): 0.1/1.9 MB | 0.2/1.6 MB | 3.4/11 MB | 123/327 kB | 500/920 kB
Progress (5): 0.1/1.9 MB | 0.2/1.6 MB | 3.4/11 MB | 123/327 kB | 516/920 kB
Progress (5): 0.1/1.9 MB | 0.2/1.6 MB | 3.4/11 MB | 123/327 kB | 532/920 kB
Progress (5): 0.1/1.9 MB | 0.2/1.6 MB | 3.4/11 MB | 123/327 kB | 532/920 kB
Progress (5): 0.1/1.9 MB | 0.2/1.6 MB | 3.4/11 MB | 123/327 kB | 549/920 kB
Progress (5): 0.1/1.9 MB | 0.2/1.6 MB | 3.4/11 MB | 123/327 kB | 549/920 kB
Progress (5): 0.1/1.9 MB | 0.2/1.6 MB | 3.5/11 MB | 123/327 kB | 549/920 kB
Progress (5): 0.1/1.9 MB | 0.2/1.6 MB | 3.5/11 MB | 123/327 kB | 549/920 kB
Progress (5): 0.1/1.9 MB | 0.2/1.6 MB | 3.5/11 MB | 123/327 kB | 549/920 kB
Progress (5): 0.1/1.9 MB | 0.2/1.6 MB | 3.5/11 MB | 123/327 kB | 565/920 kB
Progress (5): 0.1/1.9 MB | 0.2/1.6 MB | 3.5/11 MB | 123/327 kB | 582/920 kB
Progress (5): 0.1/1.9 MB | 0.2/1.6 MB | 3.5/11 MB | 123/327 kB | 582/920 kB
Progress (5): 0.1/1.9 MB | 0.2/1.6 MB | 3.5/11 MB | 123/327 kB | 582/920 kB
Progress (5): 0.1/1.9 MB | 0.2/1.6 MB | 3.5/11 MB | 139/327 kB | 582/920 kB
Progress (5): 0.1/1.9 MB | 0.2/1.6 MB | 3.5/11 MB | 139/327 kB | 582/920 kB
Progress (5): 0.1/1.9 MB | 0.2/1.6 MB | 3.5/11 MB | 139/327 kB | 598/920 kB
Progress (5): 0.1/1.9 MB | 0.2/1.6 MB | 3.5/11 MB | 139/327 kB | 614/920 kB
Progress (5): 0.1/1.9 MB | 0.2/1.6 MB | 3.6/11 MB | 139/327 kB | 614/920 kB
Progress (5): 0.1/1.9 MB | 0.2/1.6 MB | 3.6/11 MB | 139/327 kB | 614/920 kB
Progress (5): 0.1/1.9 MB | 0.2/1.6 MB | 3.6/11 MB | 139/327 kB | 614/920 kB
Progress (5): 0.1/1.9 MB | 0.2/1.6 MB | 3.6/11 MB | 139/327 kB | 631/920 kB
Progress (5): 0.1/1.9 MB | 0.2/1.6 MB | 3.6/11 MB | 139/327 kB | 647/920 kB
Progress (5): 0.1/1.9 MB | 0.2/1.6 MB | 3.6/11 MB | 139/327 kB | 664/920 kB
Progress (5): 0.1/1.9 MB | 0.2/1.6 MB | 3.6/11 MB | 139/327 kB | 680/920 kB
Progress (5): 0.1/1.9 MB | 0.2/1.6 MB | 3.6/11 MB | 139/327 kB | 696/920 kB
Progress (5): 0.1/1.9 MB | 0.2/1.6 MB | 3.6/11 MB | 139/327 kB | 696/920 kB
Progress (5): 0.1/1.9 MB | 0.2/1.6 MB | 3.6/11 MB | 139/327 kB | 696/920 kB
Progress (5): 0.1/1.9 MB | 0.2/1.6 MB | 3.6/11 MB | 139/327 kB | 713/920 kB
Progress (5): 0.1/1.9 MB | 0.2/1.6 MB | 3.6/11 MB | 139/327 kB | 713/920 kB
Progress (5): 0.1/1.9 MB | 0.2/1.6 MB | 3.6/11 MB | 139/327 kB | 729/920 kB
Progress (5): 0.1/1.9 MB | 0.2/1.6 MB | 3.6/11 MB | 139/327 kB | 745/920 kB
Progress (5): 0.1/1.9 MB | 0.2/1.6 MB | 3.6/11 MB | 139/327 kB | 762/920 kB
Progress (5): 0.1/1.9 MB | 0.2/1.6 MB | 3.6/11 MB | 139/327 kB | 778/920 kB
Progress (5): 0.1/1.9 MB | 0.2/1.6 MB | 3.7/11 MB | 139/327 kB | 778/920 kB
Progress (5): 0.1/1.9 MB | 0.2/1.6 MB | 3.7/11 MB | 139/327 kB | 778/920 kB
Progress (5): 0.1/1.9 MB | 0.2/1.6 MB | 3.7/11 MB | 139/327 kB | 778/920 kB
Progress (5): 0.1/1.9 MB | 0.2/1.6 MB | 3.7/11 MB | 139/327 kB | 795/920 kB
Progress (5): 0.1/1.9 MB | 0.2/1.6 MB | 3.7/11 MB | 139/327 kB | 795/920 kB
Progress (5): 0.1/1.9 MB | 0.2/1.6 MB | 3.7/11 MB | 139/327 kB | 795/920 kB
Progress (5): 0.1/1.9 MB | 0.2/1.6 MB | 3.7/11 MB | 139/327 kB | 811/920 kB
Progress (5): 0.1/1.9 MB | 0.2/1.6 MB | 3.7/11 MB | 139/327 kB | 827/920 kB
Progress (5): 0.1/1.9 MB | 0.2/1.6 MB | 3.7/11 MB | 139/327 kB | 844/920 kB
Progress (5): 0.1/1.9 MB | 0.2/1.6 MB | 3.7/11 MB | 139/327 kB | 860/920 kB
Progress (5): 0.1/1.9 MB | 0.2/1.6 MB | 3.7/11 MB | 139/327 kB | 860/920 kB
Progress (5): 0.1/1.9 MB | 0.2/1.6 MB | 3.7/11 MB | 139/327 kB | 877/920 kB
Progress (5): 0.1/1.9 MB | 0.2/1.6 MB | 3.8/11 MB | 139/327 kB | 877/920 kB
Progress (5): 0.1/1.9 MB | 0.2/1.6 MB | 3.8/11 MB | 139/327 kB | 877/920 kB
Progress (5): 0.1/1.9 MB | 0.2/1.6 MB | 3.8/11 MB | 139/327 kB | 877/920 kB
Progress (5): 0.1/1.9 MB | 0.2/1.6 MB | 3.8/11 MB | 139/327 kB | 877/920 kB
Progress (5): 0.1/1.9 MB | 0.2/1.6 MB | 3.8/11 MB | 139/327 kB | 893/920 kB
Progress (5): 0.1/1.9 MB | 0.2/1.6 MB | 3.8/11 MB | 139/327 kB | 909/920 kB
Progress (5): 0.1/1.9 MB | 0.2/1.6 MB | 3.8/11 MB | 139/327 kB | 909/920 kB
Progress (5): 0.1/1.9 MB | 0.2/1.6 MB | 3.8/11 MB | 139/327 kB | 909/920 kB
Progress (5): 0.1/1.9 MB | 0.2/1.6 MB | 3.9/11 MB | 139/327 kB | 909/920 kB
Progress (5): 0.1/1.9 MB | 0.2/1.6 MB | 3.9/11 MB | 139/327 kB | 909/920 kB
Progress (5): 0.1/1.9 MB | 0.2/1.6 MB | 3.9/11 MB | 139/327 kB | 909/920 kB
Progress (5): 0.1/1.9 MB | 0.2/1.6 MB | 3.9/11 MB | 139/327 kB | 909/920 kB
Progress (5): 0.1/1.9 MB | 0.2/1.6 MB | 3.9/11 MB | 139/327 kB | 920 kB    
                                                                       
Downloaded from central: https://repo.maven.apache.org/maven2/org/glassfish/jaxb/jaxb-runtime/4.0.4/jaxb-runtime-4.0.4.jar (920 kB at 79 kB/s)
Downloading from central: https://repo.maven.apache.org/maven2/org/glassfish/jaxb/jaxb-core/4.0.4/jaxb-core-4.0.4.jar
Progress (4): 0.1/1.9 MB | 0.2/1.6 MB | 3.9/11 MB | 139/327 kB
Progress (4): 0.1/1.9 MB | 0.2/1.6 MB | 3.9/11 MB | 139/327 kB
Progress (4): 0.1/1.9 MB | 0.2/1.6 MB | 3.9/11 MB | 139/327 kB
Progress (4): 0.1/1.9 MB | 0.2/1.6 MB | 4.0/11 MB | 139/327 kB
Progress (4): 0.1/1.9 MB | 0.2/1.6 MB | 4.0/11 MB | 139/327 kB
Progress (4): 0.1/1.9 MB | 0.2/1.6 MB | 4.0/11 MB | 139/327 kB
Progress (4): 0.1/1.9 MB | 0.2/1.6 MB | 4.0/11 MB | 139/327 kB
Progress (4): 0.1/1.9 MB | 0.2/1.6 MB | 4.0/11 MB | 139/327 kB
Progress (4): 0.1/1.9 MB | 0.2/1.6 MB | 4.0/11 MB | 139/327 kB
Progress (4): 0.1/1.9 MB | 0.2/1.6 MB | 4.0/11 MB | 139/327 kB
Progress (4): 0.1/1.9 MB | 0.2/1.6 MB | 4.1/11 MB | 139/327 kB
Progress (5): 0.1/1.9 MB | 0.2/1.6 MB | 4.1/11 MB | 139/327 kB | 3.9/139 kB
Progress (5): 0.1/1.9 MB | 0.2/1.6 MB | 4.1/11 MB | 139/327 kB | 3.9/139 kB
Progress (5): 0.1/1.9 MB | 0.2/1.6 MB | 4.1/11 MB | 139/327 kB | 3.9/139 kB
Progress (5): 0.1/1.9 MB | 0.2/1.6 MB | 4.1/11 MB | 139/327 kB | 20/139 kB 
Progress (5): 0.1/1.9 MB | 0.2/1.6 MB | 4.1/11 MB | 139/327 kB | 37/139 kB
Progress (5): 0.1/1.9 MB | 0.2/1.6 MB | 4.1/11 MB | 139/327 kB | 53/139 kB
Progress (5): 0.1/1.9 MB | 0.2/1.6 MB | 4.1/11 MB | 139/327 kB | 53/139 kB
Progress (5): 0.1/1.9 MB | 0.2/1.6 MB | 4.1/11 MB | 139/327 kB | 53/139 kB
Progress (5): 0.1/1.9 MB | 0.2/1.6 MB | 4.1/11 MB | 139/327 kB | 53/139 kB
Progress (5): 0.1/1.9 MB | 0.2/1.6 MB | 4.1/11 MB | 139/327 kB | 69/139 kB
Progress (5): 0.1/1.9 MB | 0.2/1.6 MB | 4.1/11 MB | 139/327 kB | 86/139 kB
Progress (5): 0.1/1.9 MB | 0.2/1.6 MB | 4.1/11 MB | 139/327 kB | 102/139 kB
Progress (5): 0.1/1.9 MB | 0.2/1.6 MB | 4.1/11 MB | 139/327 kB | 119/139 kB
Progress (5): 0.1/1.9 MB | 0.2/1.6 MB | 4.1/11 MB | 139/327 kB | 135/139 kB
Progress (5): 0.1/1.9 MB | 0.2/1.6 MB | 4.1/11 MB | 139/327 kB | 139 kB    
                                                                       
Downloaded from central: https://repo.maven.apache.org/maven2/org/glassfish/jaxb/jaxb-core/4.0.4/jaxb-core-4.0.4.jar (139 kB at 11 kB/s)
Downloading from central: https://repo.maven.apache.org/maven2/org/glassfish/jaxb/txw2/4.0.4/txw2-4.0.4.jar
Progress (4): 0.1/1.9 MB | 0.2/1.6 MB | 4.2/11 MB | 139/327 kB
Progress (4): 0.1/1.9 MB | 0.2/1.6 MB | 4.2/11 MB | 139/327 kB
Progress (4): 0.1/1.9 MB | 0.2/1.6 MB | 4.2/11 MB | 139/327 kB
Progress (4): 0.1/1.9 MB | 0.2/1.6 MB | 4.2/11 MB | 139/327 kB
Progress (4): 0.1/1.9 MB | 0.2/1.6 MB | 4.2/11 MB | 139/327 kB
Progress (4): 0.1/1.9 MB | 0.2/1.6 MB | 4.2/11 MB | 139/327 kB
Progress (4): 0.1/1.9 MB | 0.2/1.6 MB | 4.2/11 MB | 139/327 kB
Progress (4): 0.1/1.9 MB | 0.2/1.6 MB | 4.3/11 MB | 139/327 kB
Progress (4): 0.1/1.9 MB | 0.2/1.6 MB | 4.3/11 MB | 139/327 kB
Progress (4): 0.1/1.9 MB | 0.2/1.6 MB | 4.3/11 MB | 139/327 kB
Progress (4): 0.1/1.9 MB | 0.2/1.6 MB | 4.3/11 MB | 139/327 kB
Progress (4): 0.1/1.9 MB | 0.2/1.6 MB | 4.3/11 MB | 139/327 kB
Progress (4): 0.1/1.9 MB | 0.2/1.6 MB | 4.3/11 MB | 139/327 kB
Progress (4): 0.1/1.9 MB | 0.2/1.6 MB | 4.4/11 MB | 139/327 kB
Progress (4): 0.1/1.9 MB | 0.2/1.6 MB | 4.4/11 MB | 139/327 kB
Progress (4): 0.1/1.9 MB | 0.2/1.6 MB | 4.4/11 MB | 139/327 kB
Progress (4): 0.1/1.9 MB | 0.2/1.6 MB | 4.4/11 MB | 139/327 kB
Progress (4): 0.1/1.9 MB | 0.2/1.6 MB | 4.4/11 MB | 139/327 kB
Progress (5): 0.1/1.9 MB | 0.2/1.6 MB | 4.4/11 MB | 139/327 kB | 7.7/73 kB
Progress (5): 0.1/1.9 MB | 0.2/1.6 MB | 4.4/11 MB | 139/327 kB | 16/73 kB 
Progress (5): 0.1/1.9 MB | 0.2/1.6 MB | 4.4/11 MB | 139/327 kB | 16/73 kB
Progress (5): 0.1/1.9 MB | 0.2/1.6 MB | 4.5/11 MB | 139/327 kB | 16/73 kB
Progress (5): 0.1/1.9 MB | 0.2/1.6 MB | 4.5/11 MB | 139/327 kB | 16/73 kB
Progress (5): 0.1/1.9 MB | 0.2/1.6 MB | 4.5/11 MB | 139/327 kB | 25/73 kB
Progress (5): 0.1/1.9 MB | 0.2/1.6 MB | 4.5/11 MB | 139/327 kB | 25/73 kB
Progress (5): 0.1/1.9 MB | 0.2/1.6 MB | 4.5/11 MB | 139/327 kB | 41/73 kB
Progress (5): 0.1/1.9 MB | 0.2/1.6 MB | 4.5/11 MB | 139/327 kB | 41/73 kB
Progress (5): 0.1/1.9 MB | 0.2/1.6 MB | 4.5/11 MB | 139/327 kB | 41/73 kB
Progress (5): 0.1/1.9 MB | 0.2/1.6 MB | 4.5/11 MB | 139/327 kB | 57/73 kB
Progress (5): 0.1/1.9 MB | 0.2/1.6 MB | 4.5/11 MB | 139/327 kB | 73 kB   
                                                                      
Downloaded from central: https://repo.maven.apache.org/maven2/org/glassfish/jaxb/txw2/4.0.4/txw2-4.0.4.jar (73 kB at 5.7 kB/s)
Downloading from central: https://repo.maven.apache.org/maven2/org/antlr/antlr4-runtime/4.10.1/antlr4-runtime-4.10.1.jar
Progress (4): 0.1/1.9 MB | 0.2/1.6 MB | 4.5/11 MB | 139/327 kB
Progress (4): 0.1/1.9 MB | 0.2/1.6 MB | 4.6/11 MB | 139/327 kB
Progress (4): 0.1/1.9 MB | 0.2/1.6 MB | 4.6/11 MB | 139/327 kB
Progress (4): 0.1/1.9 MB | 0.2/1.6 MB | 4.6/11 MB | 139/327 kB
Progress (4): 0.1/1.9 MB | 0.2/1.6 MB | 4.6/11 MB | 139/327 kB
Progress (4): 0.1/1.9 MB | 0.2/1.6 MB | 4.6/11 MB | 139/327 kB
Progress (4): 0.1/1.9 MB | 0.2/1.6 MB | 4.6/11 MB | 139/327 kB
Progress (4): 0.1/1.9 MB | 0.2/1.6 MB | 4.6/11 MB | 139/327 kB
Progress (4): 0.1/1.9 MB | 0.2/1.6 MB | 4.6/11 MB | 139/327 kB
Progress (4): 0.1/1.9 MB | 0.2/1.6 MB | 4.7/11 MB | 139/327 kB
Progress (4): 0.1/1.9 MB | 0.2/1.6 MB | 4.7/11 MB | 139/327 kB
Progress (4): 0.1/1.9 MB | 0.2/1.6 MB | 4.7/11 MB | 139/327 kB
Progress (4): 0.1/1.9 MB | 0.2/1.6 MB | 4.7/11 MB | 139/327 kB
Progress (4): 0.1/1.9 MB | 0.2/1.6 MB | 4.7/11 MB | 139/327 kB
Progress (4): 0.1/1.9 MB | 0.2/1.6 MB | 4.7/11 MB | 139/327 kB
Progress (5): 0.1/1.9 MB | 0.2/1.6 MB | 4.7/11 MB | 139/327 kB | 7.7/322 kB
Progress (5): 0.1/1.9 MB | 0.2/1.6 MB | 4.7/11 MB | 139/327 kB | 11/322 kB 
Progress (5): 0.1/1.9 MB | 0.2/1.6 MB | 4.7/11 MB | 139/327 kB | 28/322 kB
Progress (5): 0.1/1.9 MB | 0.2/1.6 MB | 4.7/11 MB | 139/327 kB | 44/322 kB
Progress (5): 0.1/1.9 MB | 0.2/1.6 MB | 4.7/11 MB | 139/327 kB | 44/322 kB
Progress (5): 0.1/1.9 MB | 0.2/1.6 MB | 4.8/11 MB | 139/327 kB | 44/322 kB
Progress (5): 0.1/1.9 MB | 0.2/1.6 MB | 4.8/11 MB | 139/327 kB | 44/322 kB
Progress (5): 0.1/1.9 MB | 0.2/1.6 MB | 4.8/11 MB | 139/327 kB | 44/322 kB
Progress (5): 0.1/1.9 MB | 0.2/1.6 MB | 4.8/11 MB | 139/327 kB | 44/322 kB
Progress (5): 0.1/1.9 MB | 0.2/1.6 MB | 4.8/11 MB | 139/327 kB | 44/322 kB
Progress (5): 0.1/1.9 MB | 0.2/1.6 MB | 4.8/11 MB | 139/327 kB | 44/322 kB
Progress (5): 0.1/1.9 MB | 0.2/1.6 MB | 4.8/11 MB | 139/327 kB | 44/322 kB
Progress (5): 0.1/1.9 MB | 0.2/1.6 MB | 4.8/11 MB | 139/327 kB | 61/322 kB
Progress (5): 0.1/1.9 MB | 0.2/1.6 MB | 4.8/11 MB | 139/327 kB | 77/322 kB
Progress (5): 0.1/1.9 MB | 0.2/1.6 MB | 4.8/11 MB | 139/327 kB | 93/322 kB
Progress (5): 0.1/1.9 MB | 0.2/1.6 MB | 4.8/11 MB | 139/327 kB | 110/322 kB
Progress (5): 0.1/1.9 MB | 0.2/1.6 MB | 4.9/11 MB | 139/327 kB | 110/322 kB
Progress (5): 0.1/1.9 MB | 0.2/1.6 MB | 4.9/11 MB | 139/327 kB | 110/322 kB
Progress (5): 0.1/1.9 MB | 0.2/1.6 MB | 4.9/11 MB | 139/327 kB | 110/322 kB
Progress (5): 0.1/1.9 MB | 0.2/1.6 MB | 4.9/11 MB | 139/327 kB | 110/322 kB
Progress (5): 0.1/1.9 MB | 0.2/1.6 MB | 4.9/11 MB | 139/327 kB | 126/322 kB
Progress (5): 0.1/1.9 MB | 0.2/1.6 MB | 4.9/11 MB | 139/327 kB | 126/322 kB
Progress (5): 0.1/1.9 MB | 0.2/1.6 MB | 4.9/11 MB | 139/327 kB | 142/322 kB
Progress (5): 0.1/1.9 MB | 0.2/1.6 MB | 4.9/11 MB | 139/327 kB | 142/322 kB
Progress (5): 0.1/1.9 MB | 0.2/1.6 MB | 5.0/11 MB | 139/327 kB | 142/322 kB
Progress (5): 0.1/1.9 MB | 0.2/1.6 MB | 5.0/11 MB | 139/327 kB | 142/322 kB
Progress (5): 0.1/1.9 MB | 0.2/1.6 MB | 5.0/11 MB | 156/327 kB | 142/322 kB
Progress (5): 0.1/1.9 MB | 0.2/1.6 MB | 5.0/11 MB | 156/327 kB | 159/322 kB
Progress (5): 0.1/1.9 MB | 0.2/1.6 MB | 5.0/11 MB | 156/327 kB | 175/322 kB
Progress (5): 0.1/1.9 MB | 0.2/1.6 MB | 5.0/11 MB | 156/327 kB | 192/322 kB
Progress (5): 0.1/1.9 MB | 0.2/1.6 MB | 5.0/11 MB | 156/327 kB | 208/322 kB
Progress (5): 0.1/1.9 MB | 0.2/1.6 MB | 5.0/11 MB | 156/327 kB | 224/322 kB
Progress (5): 0.1/1.9 MB | 0.2/1.6 MB | 5.0/11 MB | 156/327 kB | 241/322 kB
Progress (5): 0.1/1.9 MB | 0.2/1.6 MB | 5.0/11 MB | 156/327 kB | 241/322 kB
Progress (5): 0.1/1.9 MB | 0.2/1.6 MB | 5.0/11 MB | 156/327 kB | 257/322 kB
Progress (5): 0.1/1.9 MB | 0.2/1.6 MB | 5.0/11 MB | 156/327 kB | 274/322 kB
Progress (5): 0.1/1.9 MB | 0.2/1.6 MB | 5.0/11 MB | 156/327 kB | 290/322 kB
Progress (5): 0.1/1.9 MB | 0.2/1.6 MB | 5.0/11 MB | 156/327 kB | 306/322 kB
Progress (5): 0.1/1.9 MB | 0.2/1.6 MB | 5.0/11 MB | 156/327 kB | 322 kB    
                                                                       
Downloaded from central: https://repo.maven.apache.org/maven2/org/antlr/antlr4-runtime/4.10.1/antlr4-runtime-4.10.1.jar (322 kB at 23 kB/s)
Downloading from central: https://repo.maven.apache.org/maven2/org/springframework/data/spring-data-jpa/3.2.0/spring-data-jpa-3.2.0.jar
Progress (4): 0.1/1.9 MB | 0.2/1.6 MB | 5.0/11 MB | 172/327 kB
Progress (4): 0.1/1.9 MB | 0.2/1.6 MB | 5.0/11 MB | 172/327 kB
Progress (4): 0.1/1.9 MB | 0.2/1.6 MB | 5.0/11 MB | 172/327 kB
Progress (4): 0.1/1.9 MB | 0.2/1.6 MB | 5.0/11 MB | 172/327 kB
Progress (4): 0.1/1.9 MB | 0.2/1.6 MB | 5.1/11 MB | 172/327 kB
Progress (4): 0.1/1.9 MB | 0.2/1.6 MB | 5.1/11 MB | 172/327 kB
Progress (4): 0.1/1.9 MB | 0.2/1.6 MB | 5.1/11 MB | 172/327 kB
Progress (4): 0.1/1.9 MB | 0.2/1.6 MB | 5.1/11 MB | 172/327 kB
Progress (4): 0.1/1.9 MB | 0.2/1.6 MB | 5.1/11 MB | 172/327 kB
Progress (4): 0.1/1.9 MB | 0.2/1.6 MB | 5.1/11 MB | 172/327 kB
Progress (4): 0.1/1.9 MB | 0.2/1.6 MB | 5.2/11 MB | 172/327 kB
Progress (4): 0.1/1.9 MB | 0.2/1.6 MB | 5.2/11 MB | 172/327 kB
Progress (4): 0.1/1.9 MB | 0.2/1.6 MB | 5.2/11 MB | 172/327 kB
Progress (4): 0.1/1.9 MB | 0.2/1.6 MB | 5.2/11 MB | 172/327 kB
Progress (4): 0.1/1.9 MB | 0.2/1.6 MB | 5.2/11 MB | 172/327 kB
Progress (4): 0.1/1.9 MB | 0.2/1.6 MB | 5.2/11 MB | 172/327 kB
Progress (4): 0.1/1.9 MB | 0.2/1.6 MB | 5.3/11 MB | 172/327 kB
Progress (4): 0.1/1.9 MB | 0.2/1.6 MB | 5.3/11 MB | 172/327 kB
Progress (4): 0.1/1.9 MB | 0.2/1.6 MB | 5.3/11 MB | 172/327 kB
Progress (4): 0.1/1.9 MB | 0.2/1.6 MB | 5.3/11 MB | 172/327 kB
Progress (4): 0.1/1.9 MB | 0.2/1.6 MB | 5.3/11 MB | 172/327 kB
Progress (4): 0.1/1.9 MB | 0.2/1.6 MB | 5.3/11 MB | 172/327 kB
Progress (5): 0.1/1.9 MB | 0.2/1.6 MB | 5.3/11 MB | 172/327 kB | 0/1.4 MB
Progress (5): 0.1/1.9 MB | 0.2/1.6 MB | 5.3/11 MB | 172/327 kB | 0/1.4 MB
Progress (5): 0.1/1.9 MB | 0.2/1.6 MB | 5.3/11 MB | 172/327 kB | 0/1.4 MB
Progress (5): 0.1/1.9 MB | 0.2/1.6 MB | 5.3/11 MB | 172/327 kB | 0/1.4 MB
Progress (5): 0.1/1.9 MB | 0.2/1.6 MB | 5.3/11 MB | 172/327 kB | 0.1/1.4 MB
Progress (5): 0.1/1.9 MB | 0.2/1.6 MB | 5.3/11 MB | 172/327 kB | 0.1/1.4 MB
Progress (5): 0.1/1.9 MB | 0.2/1.6 MB | 5.4/11 MB | 172/327 kB | 0.1/1.4 MB
Progress (5): 0.1/1.9 MB | 0.2/1.6 MB | 5.4/11 MB | 172/327 kB | 0.1/1.4 MB
Progress (5): 0.1/1.9 MB | 0.2/1.6 MB | 5.4/11 MB | 172/327 kB | 0.1/1.4 MB
Progress (5): 0.1/1.9 MB | 0.2/1.6 MB | 5.4/11 MB | 172/327 kB | 0.1/1.4 MB
Progress (5): 0.1/1.9 MB | 0.2/1.6 MB | 5.4/11 MB | 172/327 kB | 0.1/1.4 MB
Progress (5): 0.1/1.9 MB | 0.2/1.6 MB | 5.4/11 MB | 172/327 kB | 0.1/1.4 MB
Progress (5): 0.1/1.9 MB | 0.2/1.6 MB | 5.4/11 MB | 172/327 kB | 0.1/1.4 MB
Progress (5): 0.1/1.9 MB | 0.2/1.6 MB | 5.4/11 MB | 172/327 kB | 0.1/1.4 MB
Progress (5): 0.1/1.9 MB | 0.2/1.6 MB | 5.4/11 MB | 172/327 kB | 0.1/1.4 MB
Progress (5): 0.1/1.9 MB | 0.2/1.6 MB | 5.4/11 MB | 172/327 kB | 0.1/1.4 MB
Progress (5): 0.1/1.9 MB | 0.2/1.6 MB | 5.5/11 MB | 172/327 kB | 0.1/1.4 MB
Progress (5): 0.1/1.9 MB | 0.2/1.6 MB | 5.5/11 MB | 172/327 kB | 0.1/1.4 MB
Progress (5): 0.1/1.9 MB | 0.2/1.6 MB | 5.5/11 MB | 172/327 kB | 0.1/1.4 MB
Progress (5): 0.1/1.9 MB | 0.2/1.6 MB | 5.5/11 MB | 172/327 kB | 0.1/1.4 MB
Progress (5): 0.1/1.9 MB | 0.2/1.6 MB | 5.5/11 MB | 172/327 kB | 0.1/1.4 MB
Progress (5): 0.1/1.9 MB | 0.2/1.6 MB | 5.5/11 MB | 172/327 kB | 0.2/1.4 MB
Progress (5): 0.1/1.9 MB | 0.2/1.6 MB | 5.5/11 MB | 172/327 kB | 0.2/1.4 MB
Progress (5): 0.1/1.9 MB | 0.2/1.6 MB | 5.5/11 MB | 172/327 kB | 0.2/1.4 MB
Progress (5): 0.1/1.9 MB | 0.2/1.6 MB | 5.5/11 MB | 172/327 kB | 0.2/1.4 MB
Progress (5): 0.1/1.9 MB | 0.2/1.6 MB | 5.5/11 MB | 172/327 kB | 0.2/1.4 MB
Progress (5): 0.1/1.9 MB | 0.2/1.6 MB | 5.5/11 MB | 172/327 kB | 0.2/1.4 MB
Progress (5): 0.1/1.9 MB | 0.2/1.6 MB | 5.5/11 MB | 172/327 kB | 0.3/1.4 MB
Progress (5): 0.1/1.9 MB | 0.2/1.6 MB | 5.5/11 MB | 172/327 kB | 0.3/1.4 MB
Progress (5): 0.1/1.9 MB | 0.2/1.6 MB | 5.5/11 MB | 172/327 kB | 0.3/1.4 MB
Progress (5): 0.1/1.9 MB | 0.2/1.6 MB | 5.5/11 MB | 188/327 kB | 0.3/1.4 MB
Progress (5): 0.1/1.9 MB | 0.2/1.6 MB | 5.5/11 MB | 188/327 kB | 0.3/1.4 MB
Progress (5): 0.1/1.9 MB | 0.2/1.6 MB | 5.5/11 MB | 188/327 kB | 0.3/1.4 MB
Progress (5): 0.1/1.9 MB | 0.2/1.6 MB | 5.5/11 MB | 188/327 kB | 0.3/1.4 MB
Progress (5): 0.1/1.9 MB | 0.2/1.6 MB | 5.5/11 MB | 188/327 kB | 0.3/1.4 MB
Progress (5): 0.1/1.9 MB | 0.2/1.6 MB | 5.6/11 MB | 188/327 kB | 0.3/1.4 MB
Progress (5): 0.1/1.9 MB | 0.2/1.6 MB | 5.6/11 MB | 188/327 kB | 0.3/1.4 MB
Progress (5): 0.1/1.9 MB | 0.2/1.6 MB | 5.6/11 MB | 188/327 kB | 0.3/1.4 MB
Progress (5): 0.1/1.9 MB | 0.2/1.6 MB | 5.6/11 MB | 188/327 kB | 0.3/1.4 MB
Progress (5): 0.1/1.9 MB | 0.2/1.6 MB | 5.6/11 MB | 188/327 kB | 0.3/1.4 MB
Progress (5): 0.1/1.9 MB | 0.2/1.6 MB | 5.6/11 MB | 188/327 kB | 0.4/1.4 MB
Progress (5): 0.1/1.9 MB | 0.2/1.6 MB | 5.6/11 MB | 188/327 kB | 0.4/1.4 MB
Progress (5): 0.1/1.9 MB | 0.2/1.6 MB | 5.6/11 MB | 188/327 kB | 0.4/1.4 MB
Progress (5): 0.1/1.9 MB | 0.2/1.6 MB | 5.6/11 MB | 188/327 kB | 0.4/1.4 MB
Progress (5): 0.1/1.9 MB | 0.2/1.6 MB | 5.6/11 MB | 188/327 kB | 0.4/1.4 MB
Progress (5): 0.1/1.9 MB | 0.2/1.6 MB | 5.6/11 MB | 188/327 kB | 0.4/1.4 MB
Progress (5): 0.1/1.9 MB | 0.2/1.6 MB | 5.6/11 MB | 188/327 kB | 0.4/1.4 MB
Progress (5): 0.1/1.9 MB | 0.2/1.6 MB | 5.6/11 MB | 188/327 kB | 0.4/1.4 MB
Progress (5): 0.1/1.9 MB | 0.2/1.6 MB | 5.6/11 MB | 188/327 kB | 0.4/1.4 MB
Progress (5): 0.1/1.9 MB | 0.2/1.6 MB | 5.6/11 MB | 188/327 kB | 0.4/1.4 MB
Progress (5): 0.1/1.9 MB | 0.2/1.6 MB | 5.6/11 MB | 188/327 kB | 0.4/1.4 MB
Progress (5): 0.1/1.9 MB | 0.2/1.6 MB | 5.7/11 MB | 188/327 kB | 0.4/1.4 MB
Progress (5): 0.1/1.9 MB | 0.2/1.6 MB | 5.7/11 MB | 188/327 kB | 0.4/1.4 MB
Progress (5): 0.1/1.9 MB | 0.2/1.6 MB | 5.7/11 MB | 188/327 kB | 0.4/1.4 MB
Progress (5): 0.1/1.9 MB | 0.2/1.6 MB | 5.7/11 MB | 188/327 kB | 0.4/1.4 MB
Progress (5): 0.1/1.9 MB | 0.2/1.6 MB | 5.7/11 MB | 188/327 kB | 0.4/1.4 MB
Progress (5): 0.1/1.9 MB | 0.2/1.6 MB | 5.7/11 MB | 188/327 kB | 0.4/1.4 MB
Progress (5): 0.1/1.9 MB | 0.2/1.6 MB | 5.7/11 MB | 188/327 kB | 0.5/1.4 MB
Progress (5): 0.1/1.9 MB | 0.2/1.6 MB | 5.7/11 MB | 188/327 kB | 0.5/1.4 MB
Progress (5): 0.1/1.9 MB | 0.2/1.6 MB | 5.7/11 MB | 205/327 kB | 0.5/1.4 MB
Progress (5): 0.1/1.9 MB | 0.2/1.6 MB | 5.8/11 MB | 205/327 kB | 0.5/1.4 MB
Progress (5): 0.1/1.9 MB | 0.2/1.6 MB | 5.8/11 MB | 205/327 kB | 0.5/1.4 MB
Progress (5): 0.1/1.9 MB | 0.2/1.6 MB | 5.8/11 MB | 205/327 kB | 0.5/1.4 MB
Progress (5): 0.1/1.9 MB | 0.2/1.6 MB | 5.8/11 MB | 205/327 kB | 0.5/1.4 MB
Progress (5): 0.1/1.9 MB | 0.2/1.6 MB | 5.8/11 MB | 205/327 kB | 0.5/1.4 MB
Progress (5): 0.1/1.9 MB | 0.2/1.6 MB | 5.8/11 MB | 205/327 kB | 0.6/1.4 MB
Progress (5): 0.1/1.9 MB | 0.2/1.6 MB | 5.8/11 MB | 205/327 kB | 0.6/1.4 MB
Progress (5): 0.1/1.9 MB | 0.2/1.6 MB | 5.8/11 MB | 205/327 kB | 0.6/1.4 MB
Progress (5): 0.1/1.9 MB | 0.2/1.6 MB | 5.8/11 MB | 205/327 kB | 0.6/1.4 MB
Progress (5): 0.1/1.9 MB | 0.2/1.6 MB | 5.8/11 MB | 205/327 kB | 0.6/1.4 MB
Progress (5): 0.1/1.9 MB | 0.2/1.6 MB | 5.8/11 MB | 205/327 kB | 0.6/1.4 MB
Progress (5): 0.1/1.9 MB | 0.2/1.6 MB | 5.8/11 MB | 205/327 kB | 0.6/1.4 MB
Progress (5): 0.1/1.9 MB | 0.2/1.6 MB | 5.8/11 MB | 205/327 kB | 0.6/1.4 MB
Progress (5): 0.1/1.9 MB | 0.2/1.6 MB | 5.8/11 MB | 205/327 kB | 0.6/1.4 MB
Progress (5): 0.1/1.9 MB | 0.2/1.6 MB | 5.8/11 MB | 205/327 kB | 0.6/1.4 MB
Progress (5): 0.1/1.9 MB | 0.2/1.6 MB | 5.8/11 MB | 205/327 kB | 0.6/1.4 MB
Progress (5): 0.1/1.9 MB | 0.2/1.6 MB | 5.8/11 MB | 205/327 kB | 0.6/1.4 MB
Progress (5): 0.1/1.9 MB | 0.2/1.6 MB | 5.9/11 MB | 205/327 kB | 0.6/1.4 MB
Progress (5): 0.1/1.9 MB | 0.2/1.6 MB | 5.9/11 MB | 205/327 kB | 0.7/1.4 MB
Progress (5): 0.1/1.9 MB | 0.2/1.6 MB | 5.9/11 MB | 205/327 kB | 0.7/1.4 MB
Progress (5): 0.1/1.9 MB | 0.2/1.6 MB | 5.9/11 MB | 205/327 kB | 0.7/1.4 MB
Progress (5): 0.1/1.9 MB | 0.2/1.6 MB | 5.9/11 MB | 221/327 kB | 0.7/1.4 MB
Progress (5): 0.1/1.9 MB | 0.2/1.6 MB | 5.9/11 MB | 221/327 kB | 0.7/1.4 MB
Progress (5): 0.1/1.9 MB | 0.2/1.6 MB | 5.9/11 MB | 221/327 kB | 0.7/1.4 MB
Progress (5): 0.1/1.9 MB | 0.2/1.6 MB | 5.9/11 MB | 221/327 kB | 0.7/1.4 MB
Progress (5): 0.1/1.9 MB | 0.2/1.6 MB | 5.9/11 MB | 221/327 kB | 0.7/1.4 MB
Progress (5): 0.1/1.9 MB | 0.2/1.6 MB | 5.9/11 MB | 221/327 kB | 0.7/1.4 MB
Progress (5): 0.1/1.9 MB | 0.2/1.6 MB | 5.9/11 MB | 221/327 kB | 0.8/1.4 MB
Progress (5): 0.1/1.9 MB | 0.2/1.6 MB | 5.9/11 MB | 221/327 kB | 0.8/1.4 MB
Progress (5): 0.1/1.9 MB | 0.2/1.6 MB | 5.9/11 MB | 221/327 kB | 0.8/1.4 MB
Progress (5): 0.1/1.9 MB | 0.2/1.6 MB | 5.9/11 MB | 221/327 kB | 0.8/1.4 MB
Progress (5): 0.1/1.9 MB | 0.2/1.6 MB | 5.9/11 MB | 221/327 kB | 0.8/1.4 MB
Progress (5): 0.1/1.9 MB | 0.2/1.6 MB | 5.9/11 MB | 221/327 kB | 0.8/1.4 MB
Progress (5): 0.1/1.9 MB | 0.2/1.6 MB | 5.9/11 MB | 221/327 kB | 0.8/1.4 MB
Progress (5): 0.1/1.9 MB | 0.2/1.6 MB | 5.9/11 MB | 221/327 kB | 0.8/1.4 MB
Progress (5): 0.1/1.9 MB | 0.2/1.6 MB | 6.0/11 MB | 221/327 kB | 0.8/1.4 MB
Progress (5): 0.1/1.9 MB | 0.2/1.6 MB | 6.0/11 MB | 221/327 kB | 0.8/1.4 MB
Progress (5): 0.1/1.9 MB | 0.2/1.6 MB | 6.0/11 MB | 221/327 kB | 0.8/1.4 MB
Progress (5): 0.1/1.9 MB | 0.2/1.6 MB | 6.0/11 MB | 221/327 kB | 0.8/1.4 MB
Progress (5): 0.1/1.9 MB | 0.2/1.6 MB | 6.0/11 MB | 221/327 kB | 0.8/1.4 MB
Progress (5): 0.1/1.9 MB | 0.2/1.6 MB | 6.0/11 MB | 221/327 kB | 0.9/1.4 MB
Progress (5): 0.1/1.9 MB | 0.2/1.6 MB | 6.0/11 MB | 221/327 kB | 0.9/1.4 MB
Progress (5): 0.1/1.9 MB | 0.2/1.6 MB | 6.0/11 MB | 221/327 kB | 0.9/1.4 MB
Progress (5): 0.1/1.9 MB | 0.2/1.6 MB | 6.0/11 MB | 221/327 kB | 0.9/1.4 MB
Progress (5): 0.1/1.9 MB | 0.2/1.6 MB | 6.0/11 MB | 221/327 kB | 0.9/1.4 MB
Progress (5): 0.1/1.9 MB | 0.2/1.6 MB | 6.0/11 MB | 221/327 kB | 0.9/1.4 MB
Progress (5): 0.1/1.9 MB | 0.2/1.6 MB | 6.0/11 MB | 238/327 kB | 0.9/1.4 MB
Progress (5): 0.1/1.9 MB | 0.2/1.6 MB | 6.0/11 MB | 238/327 kB | 0.9/1.4 MB
Progress (5): 0.1/1.9 MB | 0.2/1.6 MB | 6.0/11 MB | 238/327 kB | 1.0/1.4 MB
Progress (5): 0.1/1.9 MB | 0.2/1.6 MB | 6.0/11 MB | 238/327 kB | 1.0/1.4 MB
Progress (5): 0.1/1.9 MB | 0.2/1.6 MB | 6.0/11 MB | 238/327 kB | 1.0/1.4 MB
Progress (5): 0.1/1.9 MB | 0.2/1.6 MB | 6.0/11 MB | 238/327 kB | 1.0/1.4 MB
Progress (5): 0.1/1.9 MB | 0.2/1.6 MB | 6.0/11 MB | 238/327 kB | 1.0/1.4 MB
Progress (5): 0.1/1.9 MB | 0.2/1.6 MB | 6.1/11 MB | 238/327 kB | 1.0/1.4 MB
Progress (5): 0.1/1.9 MB | 0.2/1.6 MB | 6.1/11 MB | 238/327 kB | 1.0/1.4 MB
Progress (5): 0.1/1.9 MB | 0.2/1.6 MB | 6.1/11 MB | 238/327 kB | 1.0/1.4 MB
Progress (5): 0.1/1.9 MB | 0.2/1.6 MB | 6.1/11 MB | 238/327 kB | 1.0/1.4 MB
Progress (5): 0.1/1.9 MB | 0.2/1.6 MB | 6.1/11 MB | 238/327 kB | 1.0/1.4 MB
Progress (5): 0.1/1.9 MB | 0.2/1.6 MB | 6.1/11 MB | 238/327 kB | 1.0/1.4 MB
Progress (5): 0.1/1.9 MB | 0.2/1.6 MB | 6.1/11 MB | 238/327 kB | 1.0/1.4 MB
Progress (5): 0.1/1.9 MB | 0.2/1.6 MB | 6.1/11 MB | 238/327 kB | 1.0/1.4 MB
Progress (5): 0.1/1.9 MB | 0.2/1.6 MB | 6.1/11 MB | 238/327 kB | 1.0/1.4 MB
Progress (5): 0.1/1.9 MB | 0.2/1.6 MB | 6.1/11 MB | 238/327 kB | 1.0/1.4 MB
Progress (5): 0.1/1.9 MB | 0.2/1.6 MB | 6.2/11 MB | 238/327 kB | 1.0/1.4 MB
Progress (5): 0.1/1.9 MB | 0.2/1.6 MB | 6.2/11 MB | 238/327 kB | 1.1/1.4 MB
Progress (5): 0.1/1.9 MB | 0.2/1.6 MB | 6.2/11 MB | 238/327 kB | 1.1/1.4 MB
Progress (5): 0.1/1.9 MB | 0.2/1.6 MB | 6.2/11 MB | 238/327 kB | 1.1/1.4 MB
Progress (5): 0.1/1.9 MB | 0.2/1.6 MB | 6.2/11 MB | 238/327 kB | 1.1/1.4 MB
Progress (5): 0.1/1.9 MB | 0.2/1.6 MB | 6.2/11 MB | 238/327 kB | 1.1/1.4 MB
Progress (5): 0.1/1.9 MB | 0.2/1.6 MB | 6.2/11 MB | 238/327 kB | 1.1/1.4 MB
Progress (5): 0.1/1.9 MB | 0.2/1.6 MB | 6.2/11 MB | 238/327 kB | 1.1/1.4 MB
Progress (5): 0.1/1.9 MB | 0.2/1.6 MB | 6.2/11 MB | 238/327 kB | 1.2/1.4 MB
Progress (5): 0.1/1.9 MB | 0.2/1.6 MB | 6.2/11 MB | 238/327 kB | 1.2/1.4 MB
Progress (5): 0.1/1.9 MB | 0.2/1.6 MB | 6.2/11 MB | 238/327 kB | 1.2/1.4 MB
Progress (5): 0.1/1.9 MB | 0.2/1.6 MB | 6.2/11 MB | 238/327 kB | 1.2/1.4 MB
Progress (5): 0.1/1.9 MB | 0.2/1.6 MB | 6.2/11 MB | 238/327 kB | 1.2/1.4 MB
Progress (5): 0.1/1.9 MB | 0.2/1.6 MB | 6.2/11 MB | 238/327 kB | 1.2/1.4 MB
Progress (5): 0.1/1.9 MB | 0.2/1.6 MB | 6.2/11 MB | 238/327 kB | 1.2/1.4 MB
Progress (5): 0.1/1.9 MB | 0.2/1.6 MB | 6.2/11 MB | 238/327 kB | 1.2/1.4 MB
Progress (5): 0.1/1.9 MB | 0.2/1.6 MB | 6.2/11 MB | 238/327 kB | 1.2/1.4 MB
Progress (5): 0.1/1.9 MB | 0.2/1.6 MB | 6.2/11 MB | 238/327 kB | 1.2/1.4 MB
Progress (5): 0.1/1.9 MB | 0.2/1.6 MB | 6.2/11 MB | 238/327 kB | 1.3/1.4 MB
Progress (5): 0.1/1.9 MB | 0.2/1.6 MB | 6.2/11 MB | 238/327 kB | 1.3/1.4 MB
Progress (5): 0.1/1.9 MB | 0.2/1.6 MB | 6.2/11 MB | 238/327 kB | 1.3/1.4 MB
Progress (5): 0.1/1.9 MB | 0.2/1.6 MB | 6.2/11 MB | 238/327 kB | 1.3/1.4 MB
Progress (5): 0.1/1.9 MB | 0.2/1.6 MB | 6.2/11 MB | 254/327 kB | 1.3/1.4 MB
Progress (5): 0.1/1.9 MB | 0.2/1.6 MB | 6.3/11 MB | 254/327 kB | 1.3/1.4 MB
Progress (5): 0.1/1.9 MB | 0.2/1.6 MB | 6.3/11 MB | 254/327 kB | 1.3/1.4 MB
Progress (5): 0.1/1.9 MB | 0.2/1.6 MB | 6.3/11 MB | 254/327 kB | 1.3/1.4 MB
Progress (5): 0.1/1.9 MB | 0.2/1.6 MB | 6.3/11 MB | 254/327 kB | 1.3/1.4 MB
Progress (5): 0.1/1.9 MB | 0.2/1.6 MB | 6.3/11 MB | 254/327 kB | 1.3/1.4 MB
Progress (5): 0.1/1.9 MB | 0.2/1.6 MB | 6.3/11 MB | 254/327 kB | 1.3/1.4 MB
Progress (5): 0.1/1.9 MB | 0.2/1.6 MB | 6.3/11 MB | 254/327 kB | 1.3/1.4 MB
Progress (5): 0.1/1.9 MB | 0.2/1.6 MB | 6.3/11 MB | 254/327 kB | 1.3/1.4 MB
Progress (5): 0.1/1.9 MB | 0.2/1.6 MB | 6.4/11 MB | 254/327 kB | 1.3/1.4 MB
Progress (5): 0.1/1.9 MB | 0.2/1.6 MB | 6.4/11 MB | 254/327 kB | 1.3/1.4 MB
Progress (5): 0.1/1.9 MB | 0.2/1.6 MB | 6.4/11 MB | 254/327 kB | 1.3/1.4 MB
Progress (5): 0.1/1.9 MB | 0.2/1.6 MB | 6.4/11 MB | 254/327 kB | 1.4/1.4 MB
Progress (5): 0.1/1.9 MB | 0.2/1.6 MB | 6.4/11 MB | 254/327 kB | 1.4/1.4 MB
Progress (5): 0.1/1.9 MB | 0.2/1.6 MB | 6.4/11 MB | 254/327 kB | 1.4/1.4 MB
Progress (5): 0.1/1.9 MB | 0.2/1.6 MB | 6.4/11 MB | 254/327 kB | 1.4/1.4 MB
Progress (5): 0.1/1.9 MB | 0.2/1.6 MB | 6.4/11 MB | 254/327 kB | 1.4/1.4 MB
Progress (5): 0.1/1.9 MB | 0.2/1.6 MB | 6.4/11 MB | 254/327 kB | 1.4/1.4 MB
Progress (5): 0.1/1.9 MB | 0.2/1.6 MB | 6.4/11 MB | 254/327 kB | 1.4 MB    
                                                                       
Downloaded from central: https://repo.maven.apache.org/maven2/org/springframework/data/spring-data-jpa/3.2.0/spring-data-jpa-3.2.0.jar (1.4 MB at 84 kB/s)
Downloading from central: https://repo.maven.apache.org/maven2/org/springframework/data/spring-data-commons/3.2.0/spring-data-commons-3.2.0.jar
Progress (4): 0.1/1.9 MB | 0.2/1.6 MB | 6.4/11 MB | 254/327 kB
Progress (4): 0.1/1.9 MB | 0.2/1.6 MB | 6.4/11 MB | 254/327 kB
Progress (4): 0.1/1.9 MB | 0.2/1.6 MB | 6.4/11 MB | 254/327 kB
Progress (4): 0.1/1.9 MB | 0.2/1.6 MB | 6.4/11 MB | 254/327 kB
Progress (4): 0.1/1.9 MB | 0.2/1.6 MB | 6.5/11 MB | 254/327 kB
Progress (4): 0.1/1.9 MB | 0.2/1.6 MB | 6.5/11 MB | 270/327 kB
Progress (4): 0.1/1.9 MB | 0.2/1.6 MB | 6.5/11 MB | 270/327 kB
Progress (4): 0.1/1.9 MB | 0.2/1.6 MB | 6.5/11 MB | 270/327 kB
Progress (4): 0.1/1.9 MB | 0.2/1.6 MB | 6.5/11 MB | 270/327 kB
Progress (4): 0.1/1.9 MB | 0.2/1.6 MB | 6.5/11 MB | 270/327 kB
Progress (4): 0.1/1.9 MB | 0.2/1.6 MB | 6.5/11 MB | 270/327 kB
Progress (4): 0.1/1.9 MB | 0.2/1.6 MB | 6.5/11 MB | 270/327 kB
Progress (5): 0.1/1.9 MB | 0.2/1.6 MB | 6.5/11 MB | 270/327 kB | 0/1.4 MB
Progress (5): 0.1/1.9 MB | 0.2/1.6 MB | 6.5/11 MB | 270/327 kB | 0/1.4 MB
Progress (5): 0.1/1.9 MB | 0.2/1.6 MB | 6.6/11 MB | 270/327 kB | 0/1.4 MB
Progress (5): 0.1/1.9 MB | 0.2/1.6 MB | 6.6/11 MB | 270/327 kB | 0/1.4 MB
Progress (5): 0.1/1.9 MB | 0.2/1.6 MB | 6.6/11 MB | 270/327 kB | 0/1.4 MB
Progress (5): 0.1/1.9 MB | 0.2/1.6 MB | 6.6/11 MB | 270/327 kB | 0/1.4 MB
Progress (5): 0.1/1.9 MB | 0.2/1.6 MB | 6.6/11 MB | 270/327 kB | 0.1/1.4 MB
Progress (5): 0.1/1.9 MB | 0.2/1.6 MB | 6.6/11 MB | 270/327 kB | 0.1/1.4 MB
Progress (5): 0.1/1.9 MB | 0.2/1.6 MB | 6.6/11 MB | 270/327 kB | 0.1/1.4 MB
Progress (5): 0.1/1.9 MB | 0.2/1.6 MB | 6.6/11 MB | 270/327 kB | 0.1/1.4 MB
Progress (5): 0.1/1.9 MB | 0.2/1.6 MB | 6.6/11 MB | 270/327 kB | 0.1/1.4 MB
Progress (5): 0.1/1.9 MB | 0.2/1.6 MB | 6.6/11 MB | 270/327 kB | 0.1/1.4 MB
Progress (5): 0.1/1.9 MB | 0.2/1.6 MB | 6.6/11 MB | 270/327 kB | 0.1/1.4 MB
Progress (5): 0.1/1.9 MB | 0.2/1.6 MB | 6.6/11 MB | 270/327 kB | 0.1/1.4 MB
Progress (5): 0.1/1.9 MB | 0.2/1.6 MB | 6.6/11 MB | 270/327 kB | 0.1/1.4 MB
Progress (5): 0.1/1.9 MB | 0.2/1.6 MB | 6.6/11 MB | 270/327 kB | 0.1/1.4 MB
Progress (5): 0.1/1.9 MB | 0.2/1.6 MB | 6.6/11 MB | 270/327 kB | 0.2/1.4 MB
Progress (5): 0.1/1.9 MB | 0.2/1.6 MB | 6.6/11 MB | 270/327 kB | 0.2/1.4 MB
Progress (5): 0.1/1.9 MB | 0.2/1.6 MB | 6.7/11 MB | 270/327 kB | 0.2/1.4 MB
Progress (5): 0.1/1.9 MB | 0.2/1.6 MB | 6.7/11 MB | 270/327 kB | 0.2/1.4 MB
Progress (5): 0.1/1.9 MB | 0.2/1.6 MB | 6.7/11 MB | 270/327 kB | 0.2/1.4 MB
Progress (5): 0.1/1.9 MB | 0.2/1.6 MB | 6.7/11 MB | 270/327 kB | 0.2/1.4 MB
Progress (5): 0.1/1.9 MB | 0.2/1.6 MB | 6.7/11 MB | 270/327 kB | 0.2/1.4 MB
Progress (5): 0.1/1.9 MB | 0.2/1.6 MB | 6.7/11 MB | 270/327 kB | 0.2/1.4 MB
Progress (5): 0.1/1.9 MB | 0.2/1.6 MB | 6.7/11 MB | 270/327 kB | 0.2/1.4 MB
Progress (5): 0.1/1.9 MB | 0.2/1.6 MB | 6.7/11 MB | 270/327 kB | 0.2/1.4 MB
Progress (5): 0.1/1.9 MB | 0.2/1.6 MB | 6.7/11 MB | 270/327 kB | 0.2/1.4 MB
Progress (5): 0.1/1.9 MB | 0.2/1.6 MB | 6.7/11 MB | 270/327 kB | 0.2/1.4 MB
Progress (5): 0.1/1.9 MB | 0.2/1.6 MB | 6.7/11 MB | 270/327 kB | 0.2/1.4 MB
Progress (5): 0.1/1.9 MB | 0.2/1.6 MB | 6.7/11 MB | 270/327 kB | 0.3/1.4 MB
Progress (5): 0.1/1.9 MB | 0.2/1.6 MB | 6.7/11 MB | 270/327 kB | 0.3/1.4 MB
Progress (5): 0.1/1.9 MB | 0.2/1.6 MB | 6.7/11 MB | 270/327 kB | 0.3/1.4 MB
Progress (5): 0.1/1.9 MB | 0.2/1.6 MB | 6.7/11 MB | 270/327 kB | 0.3/1.4 MB
Progress (5): 0.1/1.9 MB | 0.2/1.6 MB | 6.7/11 MB | 270/327 kB | 0.3/1.4 MB
Progress (5): 0.1/1.9 MB | 0.2/1.6 MB | 6.7/11 MB | 270/327 kB | 0.3/1.4 MB
Progress (5): 0.1/1.9 MB | 0.2/1.6 MB | 6.7/11 MB | 270/327 kB | 0.4/1.4 MB
Progress (5): 0.1/1.9 MB | 0.2/1.6 MB | 6.8/11 MB | 270/327 kB | 0.4/1.4 MB
Progress (5): 0.1/1.9 MB | 0.2/1.6 MB | 6.8/11 MB | 287/327 kB | 0.4/1.4 MB
Progress (5): 0.1/1.9 MB | 0.2/1.6 MB | 6.8/11 MB | 287/327 kB | 0.4/1.4 MB
Progress (5): 0.1/1.9 MB | 0.2/1.6 MB | 6.8/11 MB | 287/327 kB | 0.4/1.4 MB
Progress (5): 0.1/1.9 MB | 0.2/1.6 MB | 6.8/11 MB | 287/327 kB | 0.4/1.4 MB
Progress (5): 0.1/1.9 MB | 0.2/1.6 MB | 6.8/11 MB | 287/327 kB | 0.4/1.4 MB
Progress (5): 0.1/1.9 MB | 0.2/1.6 MB | 6.8/11 MB | 287/327 kB | 0.4/1.4 MB
Progress (5): 0.1/1.9 MB | 0.2/1.6 MB | 6.8/11 MB | 287/327 kB | 0.4/1.4 MB
Progress (5): 0.1/1.9 MB | 0.2/1.6 MB | 6.8/11 MB | 287/327 kB | 0.4/1.4 MB
Progress (5): 0.1/1.9 MB | 0.2/1.6 MB | 6.8/11 MB | 287/327 kB | 0.4/1.4 MB
Progress (5): 0.1/1.9 MB | 0.2/1.6 MB | 6.8/11 MB | 287/327 kB | 0.4/1.4 MB
Progress (5): 0.1/1.9 MB | 0.2/1.6 MB | 6.8/11 MB | 287/327 kB | 0.4/1.4 MB
Progress (5): 0.1/1.9 MB | 0.2/1.6 MB | 6.9/11 MB | 287/327 kB | 0.4/1.4 MB
Progress (5): 0.1/1.9 MB | 0.2/1.6 MB | 6.9/11 MB | 287/327 kB | 0.4/1.4 MB
Progress (5): 0.1/1.9 MB | 0.2/1.6 MB | 6.9/11 MB | 287/327 kB | 0.4/1.4 MB
Progress (5): 0.1/1.9 MB | 0.2/1.6 MB | 6.9/11 MB | 287/327 kB | 0.4/1.4 MB
Progress (5): 0.1/1.9 MB | 0.2/1.6 MB | 6.9/11 MB | 287/327 kB | 0.5/1.4 MB
Progress (5): 0.1/1.9 MB | 0.2/1.6 MB | 6.9/11 MB | 287/327 kB | 0.5/1.4 MB
Progress (5): 0.1/1.9 MB | 0.2/1.6 MB | 6.9/11 MB | 287/327 kB | 0.5/1.4 MB
Progress (5): 0.1/1.9 MB | 0.2/1.6 MB | 6.9/11 MB | 287/327 kB | 0.5/1.4 MB
Progress (5): 0.1/1.9 MB | 0.2/1.6 MB | 6.9/11 MB | 287/327 kB | 0.5/1.4 MB
Progress (5): 0.1/1.9 MB | 0.2/1.6 MB | 6.9/11 MB | 287/327 kB | 0.5/1.4 MB
Progress (5): 0.1/1.9 MB | 0.2/1.6 MB | 6.9/11 MB | 287/327 kB | 0.5/1.4 MB
Progress (5): 0.1/1.9 MB | 0.2/1.6 MB | 6.9/11 MB | 287/327 kB | 0.5/1.4 MB
Progress (5): 0.1/1.9 MB | 0.2/1.6 MB | 6.9/11 MB | 287/327 kB | 0.5/1.4 MB
Progress (5): 0.1/1.9 MB | 0.2/1.6 MB | 6.9/11 MB | 287/327 kB | 0.6/1.4 MB
Progress (5): 0.1/1.9 MB | 0.2/1.6 MB | 6.9/11 MB | 287/327 kB | 0.6/1.4 MB
Progress (5): 0.1/1.9 MB | 0.2/1.6 MB | 7.0/11 MB | 287/327 kB | 0.6/1.4 MB
Progress (5): 0.1/1.9 MB | 0.2/1.6 MB | 7.0/11 MB | 287/327 kB | 0.6/1.4 MB
Progress (5): 0.1/1.9 MB | 0.2/1.6 MB | 7.0/11 MB | 287/327 kB | 0.6/1.4 MB
Progress (5): 0.1/1.9 MB | 0.2/1.6 MB | 7.0/11 MB | 287/327 kB | 0.6/1.4 MB
Progress (5): 0.1/1.9 MB | 0.2/1.6 MB | 7.0/11 MB | 287/327 kB | 0.6/1.4 MB
Progress (5): 0.1/1.9 MB | 0.2/1.6 MB | 7.0/11 MB | 287/327 kB | 0.6/1.4 MB
Progress (5): 0.1/1.9 MB | 0.2/1.6 MB | 7.0/11 MB | 287/327 kB | 0.6/1.4 MB
Progress (5): 0.1/1.9 MB | 0.2/1.6 MB | 7.0/11 MB | 287/327 kB | 0.6/1.4 MB
Progress (5): 0.1/1.9 MB | 0.2/1.6 MB | 7.0/11 MB | 287/327 kB | 0.6/1.4 MB
Progress (5): 0.1/1.9 MB | 0.2/1.6 MB | 7.0/11 MB | 303/327 kB | 0.6/1.4 MB
Progress (5): 0.1/1.9 MB | 0.2/1.6 MB | 7.0/11 MB | 303/327 kB | 0.7/1.4 MB
Progress (5): 0.1/1.9 MB | 0.2/1.6 MB | 7.0/11 MB | 303/327 kB | 0.7/1.4 MB
Progress (5): 0.1/1.9 MB | 0.2/1.6 MB | 7.0/11 MB | 303/327 kB | 0.7/1.4 MB
Progress (5): 0.1/1.9 MB | 0.2/1.6 MB | 7.0/11 MB | 303/327 kB | 0.7/1.4 MB
Progress (5): 0.1/1.9 MB | 0.2/1.6 MB | 7.0/11 MB | 303/327 kB | 0.7/1.4 MB
Progress (5): 0.1/1.9 MB | 0.2/1.6 MB | 7.0/11 MB | 303/327 kB | 0.7/1.4 MB
Progress (5): 0.1/1.9 MB | 0.2/1.6 MB | 7.1/11 MB | 303/327 kB | 0.7/1.4 MB
Progress (5): 0.1/1.9 MB | 0.2/1.6 MB | 7.1/11 MB | 303/327 kB | 0.7/1.4 MB
Progress (5): 0.1/1.9 MB | 0.2/1.6 MB | 7.1/11 MB | 303/327 kB | 0.7/1.4 MB
Progress (5): 0.1/1.9 MB | 0.2/1.6 MB | 7.1/11 MB | 303/327 kB | 0.7/1.4 MB
Progress (5): 0.1/1.9 MB | 0.2/1.6 MB | 7.1/11 MB | 303/327 kB | 0.7/1.4 MB
Progress (5): 0.1/1.9 MB | 0.2/1.6 MB | 7.1/11 MB | 303/327 kB | 0.7/1.4 MB
Progress (5): 0.1/1.9 MB | 0.2/1.6 MB | 7.1/11 MB | 303/327 kB | 0.7/1.4 MB
Progress (5): 0.1/1.9 MB | 0.2/1.6 MB | 7.1/11 MB | 303/327 kB | 0.8/1.4 MB
Progress (5): 0.1/1.9 MB | 0.2/1.6 MB | 7.1/11 MB | 303/327 kB | 0.8/1.4 MB
Progress (5): 0.1/1.9 MB | 0.2/1.6 MB | 7.1/11 MB | 303/327 kB | 0.8/1.4 MB
Progress (5): 0.1/1.9 MB | 0.2/1.6 MB | 7.1/11 MB | 303/327 kB | 0.8/1.4 MB
Progress (5): 0.1/1.9 MB | 0.2/1.6 MB | 7.2/11 MB | 303/327 kB | 0.8/1.4 MB
Progress (5): 0.1/1.9 MB | 0.2/1.6 MB | 7.2/11 MB | 303/327 kB | 0.8/1.4 MB
Progress (5): 0.1/1.9 MB | 0.2/1.6 MB | 7.2/11 MB | 303/327 kB | 0.8/1.4 MB
Progress (5): 0.1/1.9 MB | 0.2/1.6 MB | 7.2/11 MB | 303/327 kB | 0.8/1.4 MB
Progress (5): 0.1/1.9 MB | 0.2/1.6 MB | 7.2/11 MB | 303/327 kB | 0.8/1.4 MB
Progress (5): 0.1/1.9 MB | 0.2/1.6 MB | 7.2/11 MB | 303/327 kB | 0.8/1.4 MB
Progress (5): 0.1/1.9 MB | 0.2/1.6 MB | 7.2/11 MB | 303/327 kB | 0.8/1.4 MB
Progress (5): 0.1/1.9 MB | 0.2/1.6 MB | 7.2/11 MB | 319/327 kB | 0.8/1.4 MB
Progress (5): 0.1/1.9 MB | 0.2/1.6 MB | 7.2/11 MB | 319/327 kB | 0.8/1.4 MB
Progress (5): 0.1/1.9 MB | 0.2/1.6 MB | 7.2/11 MB | 319/327 kB | 0.8/1.4 MB
Progress (5): 0.1/1.9 MB | 0.2/1.6 MB | 7.2/11 MB | 327 kB | 0.8/1.4 MB    
Progress (5): 0.1/1.9 MB | 0.2/1.6 MB | 7.3/11 MB | 327 kB | 0.8/1.4 MB
Progress (5): 0.1/1.9 MB | 0.2/1.6 MB | 7.3/11 MB | 327 kB | 0.8/1.4 MB
Progress (5): 0.1/1.9 MB | 0.2/1.6 MB | 7.3/11 MB | 327 kB | 0.8/1.4 MB
                                                                       
Downloaded from central: https://repo.maven.apache.org/maven2/io/smallrye/jandex/3.1.2/jandex-3.1.2.jar (327 kB at 17 kB/s)
Downloading from central: https://repo.maven.apache.org/maven2/org/springframework/spring-orm/6.1.1/spring-orm-6.1.1.jar
Progress (4): 0.1/1.9 MB | 0.2/1.6 MB | 7.3/11 MB | 0.9/1.4 MB
Progress (4): 0.1/1.9 MB | 0.2/1.6 MB | 7.3/11 MB | 0.9/1.4 MB
Progress (4): 0.1/1.9 MB | 0.2/1.6 MB | 7.3/11 MB | 0.9/1.4 MB
Progress (4): 0.1/1.9 MB | 0.2/1.6 MB | 7.3/11 MB | 0.9/1.4 MB
Progress (4): 0.1/1.9 MB | 0.2/1.6 MB | 7.3/11 MB | 0.9/1.4 MB
Progress (4): 0.1/1.9 MB | 0.2/1.6 MB | 7.3/11 MB | 0.9/1.4 MB
Progress (4): 0.1/1.9 MB | 0.2/1.6 MB | 7.3/11 MB | 0.9/1.4 MB
Progress (4): 0.1/1.9 MB | 0.2/1.6 MB | 7.4/11 MB | 0.9/1.4 MB
Progress (4): 0.1/1.9 MB | 0.2/1.6 MB | 7.4/11 MB | 0.9/1.4 MB
Progress (4): 0.1/1.9 MB | 0.2/1.6 MB | 7.4/11 MB | 0.9/1.4 MB
Progress (4): 0.1/1.9 MB | 0.2/1.6 MB | 7.4/11 MB | 0.9/1.4 MB
Progress (4): 0.1/1.9 MB | 0.2/1.6 MB | 7.4/11 MB | 0.9/1.4 MB
Progress (4): 0.1/1.9 MB | 0.2/1.6 MB | 7.4/11 MB | 0.9/1.4 MB
Progress (4): 0.1/1.9 MB | 0.2/1.6 MB | 7.4/11 MB | 1.0/1.4 MB
Progress (4): 0.1/1.9 MB | 0.2/1.6 MB | 7.4/11 MB | 1.0/1.4 MB
Progress (4): 0.1/1.9 MB | 0.2/1.6 MB | 7.4/11 MB | 1.0/1.4 MB
Progress (4): 0.1/1.9 MB | 0.2/1.6 MB | 7.4/11 MB | 1.0/1.4 MB
Progress (4): 0.1/1.9 MB | 0.2/1.6 MB | 7.4/11 MB | 1.0/1.4 MB
Progress (4): 0.1/1.9 MB | 0.2/1.6 MB | 7.4/11 MB | 1.0/1.4 MB
Progress (4): 0.1/1.9 MB | 0.2/1.6 MB | 7.4/11 MB | 1.0/1.4 MB
Progress (4): 0.1/1.9 MB | 0.2/1.6 MB | 7.4/11 MB | 1.0/1.4 MB
Progress (4): 0.1/1.9 MB | 0.2/1.6 MB | 7.4/11 MB | 1.1/1.4 MB
Progress (4): 0.1/1.9 MB | 0.2/1.6 MB | 7.4/11 MB | 1.1/1.4 MB
Progress (4): 0.1/1.9 MB | 0.2/1.6 MB | 7.4/11 MB | 1.1/1.4 MB
Progress (4): 0.1/1.9 MB | 0.2/1.6 MB | 7.5/11 MB | 1.1/1.4 MB
Progress (4): 0.1/1.9 MB | 0.2/1.6 MB | 7.5/11 MB | 1.1/1.4 MB
Progress (4): 0.1/1.9 MB | 0.2/1.6 MB | 7.5/11 MB | 1.1/1.4 MB
Progress (4): 0.1/1.9 MB | 0.2/1.6 MB | 7.5/11 MB | 1.1/1.4 MB
Progress (4): 0.1/1.9 MB | 0.2/1.6 MB | 7.5/11 MB | 1.1/1.4 MB
Progress (4): 0.1/1.9 MB | 0.2/1.6 MB | 7.5/11 MB | 1.1/1.4 MB
Progress (4): 0.1/1.9 MB | 0.3/1.6 MB | 7.5/11 MB | 1.1/1.4 MB
Progress (4): 0.1/1.9 MB | 0.3/1.6 MB | 7.5/11 MB | 1.1/1.4 MB
Progress (4): 0.1/1.9 MB | 0.3/1.6 MB | 7.5/11 MB | 1.1/1.4 MB
Progress (4): 0.1/1.9 MB | 0.3/1.6 MB | 7.5/11 MB | 1.1/1.4 MB
Progress (4): 0.1/1.9 MB | 0.3/1.6 MB | 7.5/11 MB | 1.1/1.4 MB
Progress (4): 0.1/1.9 MB | 0.3/1.6 MB | 7.5/11 MB | 1.1/1.4 MB
Progress (4): 0.1/1.9 MB | 0.3/1.6 MB | 7.6/11 MB | 1.1/1.4 MB
Progress (4): 0.1/1.9 MB | 0.3/1.6 MB | 7.6/11 MB | 1.1/1.4 MB
Progress (5): 0.1/1.9 MB | 0.3/1.6 MB | 7.6/11 MB | 1.1/1.4 MB | 7.7/234 kB
Progress (5): 0.1/1.9 MB | 0.3/1.6 MB | 7.6/11 MB | 1.1/1.4 MB | 16/234 kB 
Progress (5): 0.1/1.9 MB | 0.3/1.6 MB | 7.6/11 MB | 1.2/1.4 MB | 16/234 kB
Progress (5): 0.1/1.9 MB | 0.3/1.6 MB | 7.6/11 MB | 1.2/1.4 MB | 16/234 kB
Progress (5): 0.1/1.9 MB | 0.3/1.6 MB | 7.6/11 MB | 1.2/1.4 MB | 16/234 kB
Progress (5): 0.1/1.9 MB | 0.3/1.6 MB | 7.6/11 MB | 1.2/1.4 MB | 16/234 kB
Progress (5): 0.1/1.9 MB | 0.3/1.6 MB | 7.6/11 MB | 1.2/1.4 MB | 16/234 kB
Progress (5): 0.1/1.9 MB | 0.3/1.6 MB | 7.6/11 MB | 1.2/1.4 MB | 16/234 kB
Progress (5): 0.1/1.9 MB | 0.3/1.6 MB | 7.6/11 MB | 1.2/1.4 MB | 16/234 kB
Progress (5): 0.1/1.9 MB | 0.3/1.6 MB | 7.6/11 MB | 1.3/1.4 MB | 16/234 kB
Progress (5): 0.1/1.9 MB | 0.3/1.6 MB | 7.6/11 MB | 1.3/1.4 MB | 16/234 kB
Progress (5): 0.1/1.9 MB | 0.3/1.6 MB | 7.6/11 MB | 1.3/1.4 MB | 16/234 kB
Progress (5): 0.1/1.9 MB | 0.3/1.6 MB | 7.6/11 MB | 1.3/1.4 MB | 16/234 kB
Progress (5): 0.1/1.9 MB | 0.3/1.6 MB | 7.6/11 MB | 1.3/1.4 MB | 16/234 kB
Progress (5): 0.1/1.9 MB | 0.3/1.6 MB | 7.7/11 MB | 1.3/1.4 MB | 16/234 kB
Progress (5): 0.1/1.9 MB | 0.3/1.6 MB | 7.7/11 MB | 1.3/1.4 MB | 16/234 kB
Progress (5): 0.1/1.9 MB | 0.3/1.6 MB | 7.7/11 MB | 1.3/1.4 MB | 25/234 kB
Progress (5): 0.1/1.9 MB | 0.3/1.6 MB | 7.7/11 MB | 1.3/1.4 MB | 25/234 kB
Progress (5): 0.1/1.9 MB | 0.3/1.6 MB | 7.7/11 MB | 1.3/1.4 MB | 25/234 kB
Progress (5): 0.1/1.9 MB | 0.3/1.6 MB | 7.7/11 MB | 1.3/1.4 MB | 25/234 kB
Progress (5): 0.1/1.9 MB | 0.3/1.6 MB | 7.7/11 MB | 1.3/1.4 MB | 25/234 kB
Progress (5): 0.1/1.9 MB | 0.3/1.6 MB | 7.7/11 MB | 1.3/1.4 MB | 25/234 kB
Progress (5): 0.1/1.9 MB | 0.3/1.6 MB | 7.7/11 MB | 1.3/1.4 MB | 25/234 kB
Progress (5): 0.1/1.9 MB | 0.3/1.6 MB | 7.7/11 MB | 1.3/1.4 MB | 25/234 kB
Progress (5): 0.1/1.9 MB | 0.3/1.6 MB | 7.7/11 MB | 1.4/1.4 MB | 25/234 kB
Progress (5): 0.1/1.9 MB | 0.3/1.6 MB | 7.7/11 MB | 1.4/1.4 MB | 25/234 kB
Progress (5): 0.1/1.9 MB | 0.3/1.6 MB | 7.7/11 MB | 1.4/1.4 MB | 25/234 kB
Progress (5): 0.1/1.9 MB | 0.3/1.6 MB | 7.8/11 MB | 1.4/1.4 MB | 25/234 kB
Progress (5): 0.1/1.9 MB | 0.3/1.6 MB | 7.8/11 MB | 1.4/1.4 MB | 25/234 kB
Progress (5): 0.1/1.9 MB | 0.3/1.6 MB | 7.8/11 MB | 1.4/1.4 MB | 25/234 kB
Progress (5): 0.1/1.9 MB | 0.3/1.6 MB | 7.8/11 MB | 1.4/1.4 MB | 25/234 kB
Progress (5): 0.1/1.9 MB | 0.3/1.6 MB | 7.8/11 MB | 1.4/1.4 MB | 25/234 kB
Progress (5): 0.1/1.9 MB | 0.3/1.6 MB | 7.8/11 MB | 1.4/1.4 MB | 25/234 kB
Progress (5): 0.1/1.9 MB | 0.3/1.6 MB | 7.8/11 MB | 1.4/1.4 MB | 25/234 kB
Progress (5): 0.1/1.9 MB | 0.3/1.6 MB | 7.8/11 MB | 1.4/1.4 MB | 25/234 kB
Progress (5): 0.1/1.9 MB | 0.3/1.6 MB | 7.8/11 MB | 1.4/1.4 MB | 25/234 kB
Progress (5): 0.1/1.9 MB | 0.3/1.6 MB | 7.8/11 MB | 1.4/1.4 MB | 25/234 kB
Progress (5): 0.1/1.9 MB | 0.3/1.6 MB | 7.8/11 MB | 1.4 MB | 25/234 kB    
                                                                      
Downloaded from central: https://repo.maven.apache.org/maven2/org/springframework/data/spring-data-commons/3.2.0/spring-data-commons-3.2.0.jar (1.4 MB at 70 kB/s)
Downloading from central: https://repo.maven.apache.org/maven2/org/springframework/spring-aspects/6.1.1/spring-aspects-6.1.1.jar
Progress (4): 0.1/1.9 MB | 0.3/1.6 MB | 7.8/11 MB | 41/234 kB
Progress (4): 0.1/1.9 MB | 0.3/1.6 MB | 7.9/11 MB | 41/234 kB
Progress (4): 0.1/1.9 MB | 0.3/1.6 MB | 7.9/11 MB | 41/234 kB
Progress (4): 0.1/1.9 MB | 0.3/1.6 MB | 7.9/11 MB | 41/234 kB
Progress (4): 0.1/1.9 MB | 0.3/1.6 MB | 7.9/11 MB | 41/234 kB
Progress (4): 0.1/1.9 MB | 0.3/1.6 MB | 7.9/11 MB | 41/234 kB
Progress (4): 0.1/1.9 MB | 0.3/1.6 MB | 7.9/11 MB | 41/234 kB
Progress (4): 0.1/1.9 MB | 0.3/1.6 MB | 8.0/11 MB | 41/234 kB
Progress (4): 0.1/1.9 MB | 0.3/1.6 MB | 8.0/11 MB | 41/234 kB
Progress (4): 0.1/1.9 MB | 0.3/1.6 MB | 8.0/11 MB | 41/234 kB
Progress (4): 0.1/1.9 MB | 0.3/1.6 MB | 8.0/11 MB | 41/234 kB
Progress (4): 0.1/1.9 MB | 0.3/1.6 MB | 8.0/11 MB | 41/234 kB
Progress (4): 0.1/1.9 MB | 0.3/1.6 MB | 8.0/11 MB | 41/234 kB
Progress (4): 0.1/1.9 MB | 0.3/1.6 MB | 8.1/11 MB | 41/234 kB
Progress (4): 0.1/1.9 MB | 0.3/1.6 MB | 8.1/11 MB | 41/234 kB
Progress (4): 0.1/1.9 MB | 0.3/1.6 MB | 8.1/11 MB | 41/234 kB
Progress (4): 0.1/1.9 MB | 0.3/1.6 MB | 8.1/11 MB | 57/234 kB
Progress (5): 0.1/1.9 MB | 0.3/1.6 MB | 8.1/11 MB | 57/234 kB | 7.7/50 kB
Progress (5): 0.1/1.9 MB | 0.3/1.6 MB | 8.1/11 MB | 57/234 kB | 16/50 kB 
Progress (5): 0.1/1.9 MB | 0.3/1.6 MB | 8.1/11 MB | 57/234 kB | 20/50 kB
Progress (5): 0.1/1.9 MB | 0.3/1.6 MB | 8.1/11 MB | 57/234 kB | 37/50 kB
Progress (5): 0.1/1.9 MB | 0.3/1.6 MB | 8.1/11 MB | 57/234 kB | 50 kB   
                                                                     
Downloaded from central: https://repo.maven.apache.org/maven2/org/springframework/spring-aspects/6.1.1/spring-aspects-6.1.1.jar (50 kB at 2.4 kB/s)
Downloading from central: https://repo.maven.apache.org/maven2/org/springframework/security/spring-security-core/6.2.0/spring-security-core-6.2.0.jar
Progress (4): 0.1/1.9 MB | 0.3/1.6 MB | 8.1/11 MB | 57/234 kB
Progress (4): 0.1/1.9 MB | 0.3/1.6 MB | 8.1/11 MB | 57/234 kB
Progress (4): 0.1/1.9 MB | 0.3/1.6 MB | 8.1/11 MB | 57/234 kB
Progress (4): 0.1/1.9 MB | 0.3/1.6 MB | 8.1/11 MB | 57/234 kB
Progress (4): 0.1/1.9 MB | 0.3/1.6 MB | 8.2/11 MB | 57/234 kB
Progress (4): 0.1/1.9 MB | 0.3/1.6 MB | 8.2/11 MB | 57/234 kB
Progress (4): 0.1/1.9 MB | 0.3/1.6 MB | 8.2/11 MB | 57/234 kB
Progress (4): 0.1/1.9 MB | 0.3/1.6 MB | 8.2/11 MB | 57/234 kB
Progress (4): 0.1/1.9 MB | 0.3/1.6 MB | 8.2/11 MB | 57/234 kB
Progress (4): 0.1/1.9 MB | 0.3/1.6 MB | 8.2/11 MB | 57/234 kB
Progress (4): 0.1/1.9 MB | 0.3/1.6 MB | 8.2/11 MB | 57/234 kB
Progress (4): 0.1/1.9 MB | 0.3/1.6 MB | 8.3/11 MB | 57/234 kB
Progress (4): 0.1/1.9 MB | 0.3/1.6 MB | 8.3/11 MB | 57/234 kB
Progress (4): 0.1/1.9 MB | 0.3/1.6 MB | 8.3/11 MB | 74/234 kB
Progress (4): 0.1/1.9 MB | 0.3/1.6 MB | 8.3/11 MB | 74/234 kB
Progress (4): 0.1/1.9 MB | 0.3/1.6 MB | 8.3/11 MB | 74/234 kB
Progress (4): 0.1/1.9 MB | 0.3/1.6 MB | 8.3/11 MB | 74/234 kB
Progress (4): 0.1/1.9 MB | 0.3/1.6 MB | 8.3/11 MB | 74/234 kB
Progress (5): 0.1/1.9 MB | 0.3/1.6 MB | 8.3/11 MB | 74/234 kB | 7.7/513 kB
Progress (5): 0.1/1.9 MB | 0.3/1.6 MB | 8.3/11 MB | 74/234 kB | 16/513 kB 
Progress (5): 0.1/1.9 MB | 0.3/1.6 MB | 8.3/11 MB | 74/234 kB | 25/513 kB
Progress (5): 0.1/1.9 MB | 0.3/1.6 MB | 8.3/11 MB | 74/234 kB | 41/513 kB
Progress (5): 0.1/1.9 MB | 0.3/1.6 MB | 8.3/11 MB | 74/234 kB | 57/513 kB
Progress (5): 0.1/1.9 MB | 0.3/1.6 MB | 8.3/11 MB | 74/234 kB | 74/513 kB
Progress (5): 0.1/1.9 MB | 0.3/1.6 MB | 8.4/11 MB | 74/234 kB | 74/513 kB
Progress (5): 0.1/1.9 MB | 0.3/1.6 MB | 8.4/11 MB | 74/234 kB | 90/513 kB
Progress (5): 0.1/1.9 MB | 0.3/1.6 MB | 8.4/11 MB | 74/234 kB | 90/513 kB
Progress (5): 0.1/1.9 MB | 0.3/1.6 MB | 8.4/11 MB | 74/234 kB | 90/513 kB
Progress (5): 0.1/1.9 MB | 0.3/1.6 MB | 8.4/11 MB | 74/234 kB | 90/513 kB
Progress (5): 0.1/1.9 MB | 0.3/1.6 MB | 8.4/11 MB | 74/234 kB | 90/513 kB
Progress (5): 0.1/1.9 MB | 0.3/1.6 MB | 8.4/11 MB | 74/234 kB | 106/513 kB
Progress (5): 0.1/1.9 MB | 0.3/1.6 MB | 8.4/11 MB | 74/234 kB | 123/513 kB
Progress (5): 0.1/1.9 MB | 0.3/1.6 MB | 8.4/11 MB | 74/234 kB | 139/513 kB
Progress (5): 0.1/1.9 MB | 0.3/1.6 MB | 8.4/11 MB | 74/234 kB | 139/513 kB
Progress (5): 0.1/1.9 MB | 0.3/1.6 MB | 8.4/11 MB | 74/234 kB | 156/513 kB
Progress (5): 0.1/1.9 MB | 0.3/1.6 MB | 8.4/11 MB | 74/234 kB | 156/513 kB
Progress (5): 0.1/1.9 MB | 0.3/1.6 MB | 8.4/11 MB | 74/234 kB | 172/513 kB
Progress (5): 0.1/1.9 MB | 0.3/1.6 MB | 8.4/11 MB | 74/234 kB | 188/513 kB
Progress (5): 0.1/1.9 MB | 0.3/1.6 MB | 8.5/11 MB | 74/234 kB | 188/513 kB
Progress (5): 0.1/1.9 MB | 0.3/1.6 MB | 8.5/11 MB | 74/234 kB | 188/513 kB
Progress (5): 0.1/1.9 MB | 0.3/1.6 MB | 8.5/11 MB | 74/234 kB | 188/513 kB
Progress (5): 0.1/1.9 MB | 0.3/1.6 MB | 8.5/11 MB | 74/234 kB | 188/513 kB
Progress (5): 0.1/1.9 MB | 0.3/1.6 MB | 8.5/11 MB | 74/234 kB | 188/513 kB
Progress (5): 0.1/1.9 MB | 0.3/1.6 MB | 8.5/11 MB | 74/234 kB | 188/513 kB
Progress (5): 0.1/1.9 MB | 0.3/1.6 MB | 8.5/11 MB | 74/234 kB | 188/513 kB
Progress (5): 0.1/1.9 MB | 0.3/1.6 MB | 8.5/11 MB | 74/234 kB | 205/513 kB
Progress (5): 0.1/1.9 MB | 0.3/1.6 MB | 8.6/11 MB | 74/234 kB | 205/513 kB
Progress (5): 0.1/1.9 MB | 0.3/1.6 MB | 8.6/11 MB | 74/234 kB | 221/513 kB
Progress (5): 0.1/1.9 MB | 0.3/1.6 MB | 8.6/11 MB | 74/234 kB | 238/513 kB
Progress (5): 0.1/1.9 MB | 0.3/1.6 MB | 8.6/11 MB | 74/234 kB | 254/513 kB
Progress (5): 0.1/1.9 MB | 0.3/1.6 MB | 8.6/11 MB | 74/234 kB | 270/513 kB
Progress (5): 0.1/1.9 MB | 0.3/1.6 MB | 8.6/11 MB | 74/234 kB | 270/513 kB
Progress (5): 0.1/1.9 MB | 0.3/1.6 MB | 8.6/11 MB | 74/234 kB | 287/513 kB
Progress (5): 0.1/1.9 MB | 0.3/1.6 MB | 8.6/11 MB | 74/234 kB | 294/513 kB
Progress (5): 0.1/1.9 MB | 0.3/1.6 MB | 8.6/11 MB | 74/234 kB | 311/513 kB
Progress (5): 0.1/1.9 MB | 0.3/1.6 MB | 8.6/11 MB | 90/234 kB | 311/513 kB
Progress (5): 0.1/1.9 MB | 0.3/1.6 MB | 8.6/11 MB | 90/234 kB | 327/513 kB
Progress (5): 0.1/1.9 MB | 0.3/1.6 MB | 8.6/11 MB | 90/234 kB | 343/513 kB
Progress (5): 0.1/1.9 MB | 0.3/1.6 MB | 8.6/11 MB | 90/234 kB | 360/513 kB
Progress (5): 0.1/1.9 MB | 0.3/1.6 MB | 8.6/11 MB | 90/234 kB | 369/513 kB
Progress (5): 0.1/1.9 MB | 0.3/1.6 MB | 8.6/11 MB | 90/234 kB | 369/513 kB
Progress (5): 0.1/1.9 MB | 0.3/1.6 MB | 8.6/11 MB | 90/234 kB | 369/513 kB
Progress (5): 0.1/1.9 MB | 0.3/1.6 MB | 8.6/11 MB | 90/234 kB | 385/513 kB
Progress (5): 0.1/1.9 MB | 0.3/1.6 MB | 8.6/11 MB | 106/234 kB | 385/513 kB
Progress (5): 0.1/1.9 MB | 0.3/1.6 MB | 8.6/11 MB | 106/234 kB | 401/513 kB
Progress (5): 0.1/1.9 MB | 0.3/1.6 MB | 8.6/11 MB | 106/234 kB | 405/513 kB
Progress (5): 0.1/1.9 MB | 0.3/1.6 MB | 8.6/11 MB | 106/234 kB | 405/513 kB
Progress (5): 0.1/1.9 MB | 0.3/1.6 MB | 8.6/11 MB | 106/234 kB | 405/513 kB
Progress (5): 0.1/1.9 MB | 0.3/1.6 MB | 8.7/11 MB | 106/234 kB | 405/513 kB
Progress (5): 0.1/1.9 MB | 0.3/1.6 MB | 8.7/11 MB | 106/234 kB | 405/513 kB
Progress (5): 0.1/1.9 MB | 0.3/1.6 MB | 8.7/11 MB | 106/234 kB | 405/513 kB
Progress (5): 0.1/1.9 MB | 0.3/1.6 MB | 8.7/11 MB | 106/234 kB | 405/513 kB
Progress (5): 0.1/1.9 MB | 0.3/1.6 MB | 8.7/11 MB | 106/234 kB | 405/513 kB
Progress (5): 0.1/1.9 MB | 0.3/1.6 MB | 8.7/11 MB | 106/234 kB | 405/513 kB
Progress (5): 0.1/1.9 MB | 0.3/1.6 MB | 8.8/11 MB | 106/234 kB | 405/513 kB
Progress (5): 0.1/1.9 MB | 0.3/1.6 MB | 8.8/11 MB | 106/234 kB | 405/513 kB
Progress (5): 0.1/1.9 MB | 0.3/1.6 MB | 8.8/11 MB | 106/234 kB | 405/513 kB
Progress (5): 0.1/1.9 MB | 0.3/1.6 MB | 8.8/11 MB | 106/234 kB | 405/513 kB
Progress (5): 0.1/1.9 MB | 0.3/1.6 MB | 8.8/11 MB | 106/234 kB | 405/513 kB
Progress (5): 0.1/1.9 MB | 0.3/1.6 MB | 8.8/11 MB | 106/234 kB | 405/513 kB
Progress (5): 0.1/1.9 MB | 0.3/1.6 MB | 8.8/11 MB | 106/234 kB | 405/513 kB
Progress (5): 0.1/1.9 MB | 0.3/1.6 MB | 8.9/11 MB | 106/234 kB | 405/513 kB
Progress (5): 0.1/1.9 MB | 0.3/1.6 MB | 8.9/11 MB | 106/234 kB | 405/513 kB
Progress (5): 0.1/1.9 MB | 0.3/1.6 MB | 8.9/11 MB | 106/234 kB | 422/513 kB
Progress (5): 0.1/1.9 MB | 0.3/1.6 MB | 8.9/11 MB | 106/234 kB | 438/513 kB
Progress (5): 0.1/1.9 MB | 0.3/1.6 MB | 8.9/11 MB | 106/234 kB | 454/513 kB
Progress (5): 0.1/1.9 MB | 0.3/1.6 MB | 8.9/11 MB | 106/234 kB | 471/513 kB
Progress (5): 0.1/1.9 MB | 0.3/1.6 MB | 8.9/11 MB | 106/234 kB | 487/513 kB
Progress (5): 0.1/1.9 MB | 0.3/1.6 MB | 8.9/11 MB | 106/234 kB | 503/513 kB
Progress (5): 0.1/1.9 MB | 0.3/1.6 MB | 8.9/11 MB | 106/234 kB | 513 kB    
                                                                       
Downloaded from central: https://repo.maven.apache.org/maven2/org/springframework/security/spring-security-core/6.2.0/spring-security-core-6.2.0.jar (513 kB at 23 kB/s)
Downloading from central: https://repo.maven.apache.org/maven2/org/springframework/security/spring-security-crypto/6.2.0/spring-security-crypto-6.2.0.jar
Progress (4): 0.1/1.9 MB | 0.3/1.6 MB | 8.9/11 MB | 106/234 kB
Progress (4): 0.1/1.9 MB | 0.3/1.6 MB | 8.9/11 MB | 106/234 kB
Progress (4): 0.1/1.9 MB | 0.3/1.6 MB | 8.9/11 MB | 106/234 kB
Progress (4): 0.1/1.9 MB | 0.3/1.6 MB | 8.9/11 MB | 106/234 kB
Progress (4): 0.1/1.9 MB | 0.3/1.6 MB | 9.0/11 MB | 106/234 kB
Progress (4): 0.1/1.9 MB | 0.3/1.6 MB | 9.0/11 MB | 106/234 kB
Progress (4): 0.1/1.9 MB | 0.3/1.6 MB | 9.0/11 MB | 123/234 kB
Progress (4): 0.1/1.9 MB | 0.3/1.6 MB | 9.0/11 MB | 123/234 kB
Progress (4): 0.1/1.9 MB | 0.3/1.6 MB | 9.0/11 MB | 123/234 kB
Progress (4): 0.1/1.9 MB | 0.3/1.6 MB | 9.0/11 MB | 123/234 kB
Progress (4): 0.1/1.9 MB | 0.3/1.6 MB | 9.0/11 MB | 123/234 kB
Progress (4): 0.1/1.9 MB | 0.3/1.6 MB | 9.1/11 MB | 123/234 kB
Progress (4): 0.1/1.9 MB | 0.3/1.6 MB | 9.1/11 MB | 139/234 kB
Progress (4): 0.1/1.9 MB | 0.3/1.6 MB | 9.1/11 MB | 139/234 kB
Progress (4): 0.1/1.9 MB | 0.3/1.6 MB | 9.1/11 MB | 139/234 kB
Progress (4): 0.1/1.9 MB | 0.3/1.6 MB | 9.1/11 MB | 139/234 kB
Progress (5): 0.1/1.9 MB | 0.3/1.6 MB | 9.1/11 MB | 139/234 kB | 7.7/84 kB
Progress (5): 0.1/1.9 MB | 0.3/1.6 MB | 9.1/11 MB | 139/234 kB | 16/84 kB 
Progress (5): 0.1/1.9 MB | 0.3/1.6 MB | 9.1/11 MB | 139/234 kB | 20/84 kB
Progress (5): 0.1/1.9 MB | 0.3/1.6 MB | 9.1/11 MB | 139/234 kB | 37/84 kB
Progress (5): 0.1/1.9 MB | 0.3/1.6 MB | 9.1/11 MB | 139/234 kB | 53/84 kB
Progress (5): 0.1/1.9 MB | 0.3/1.6 MB | 9.1/11 MB | 139/234 kB | 70/84 kB
Progress (5): 0.1/1.9 MB | 0.3/1.6 MB | 9.1/11 MB | 139/234 kB | 84 kB   
                                                                      
Downloaded from central: https://repo.maven.apache.org/maven2/org/springframework/security/spring-security-crypto/6.2.0/spring-security-crypto-6.2.0.jar (84 kB at 3.7 kB/s)
Downloading from central: https://repo.maven.apache.org/maven2/org/springframework/boot/spring-boot-starter-validation/3.2.0/spring-boot-starter-validation-3.2.0.jar
Progress (4): 0.1/1.9 MB | 0.3/1.6 MB | 9.1/11 MB | 139/234 kB
Progress (4): 0.1/1.9 MB | 0.3/1.6 MB | 9.1/11 MB | 139/234 kB
Progress (4): 0.1/1.9 MB | 0.3/1.6 MB | 9.1/11 MB | 139/234 kB
Progress (4): 0.1/1.9 MB | 0.3/1.6 MB | 9.2/11 MB | 139/234 kB
Progress (4): 0.1/1.9 MB | 0.3/1.6 MB | 9.2/11 MB | 139/234 kB
Progress (4): 0.1/1.9 MB | 0.3/1.6 MB | 9.2/11 MB | 139/234 kB
Progress (4): 0.1/1.9 MB | 0.3/1.6 MB | 9.2/11 MB | 139/234 kB
Progress (4): 0.1/1.9 MB | 0.3/1.6 MB | 9.2/11 MB | 156/234 kB
Progress (4): 0.1/1.9 MB | 0.3/1.6 MB | 9.2/11 MB | 172/234 kB
Progress (4): 0.1/1.9 MB | 0.3/1.6 MB | 9.2/11 MB | 172/234 kB
Progress (4): 0.1/1.9 MB | 0.3/1.6 MB | 9.2/11 MB | 172/234 kB
Progress (4): 0.1/1.9 MB | 0.3/1.6 MB | 9.3/11 MB | 172/234 kB
Progress (4): 0.1/1.9 MB | 0.3/1.6 MB | 9.3/11 MB | 172/234 kB
Progress (4): 0.1/1.9 MB | 0.3/1.6 MB | 9.3/11 MB | 172/234 kB
Progress (4): 0.1/1.9 MB | 0.3/1.6 MB | 9.3/11 MB | 172/234 kB
Progress (5): 0.1/1.9 MB | 0.3/1.6 MB | 9.3/11 MB | 172/234 kB | 4.8 kB
                                                                       
Downloaded from central: https://repo.maven.apache.org/maven2/org/springframework/boot/spring-boot-starter-validation/3.2.0/spring-boot-starter-validation-3.2.0.jar (4.8 kB at 209 B/s)
Downloading from central: https://repo.maven.apache.org/maven2/org/apache/tomcat/embed/tomcat-embed-el/10.1.16/tomcat-embed-el-10.1.16.jar
Progress (4): 0.1/1.9 MB | 0.3/1.6 MB | 9.3/11 MB | 172/234 kB
Progress (4): 0.1/1.9 MB | 0.3/1.6 MB | 9.3/11 MB | 188/234 kB
Progress (4): 0.1/1.9 MB | 0.3/1.6 MB | 9.3/11 MB | 188/234 kB
Progress (4): 0.1/1.9 MB | 0.3/1.6 MB | 9.3/11 MB | 188/234 kB
Progress (4): 0.1/1.9 MB | 0.3/1.6 MB | 9.4/11 MB | 188/234 kB
Progress (4): 0.1/1.9 MB | 0.3/1.6 MB | 9.4/11 MB | 188/234 kB
Progress (4): 0.1/1.9 MB | 0.3/1.6 MB | 9.4/11 MB | 188/234 kB
Progress (4): 0.1/1.9 MB | 0.3/1.6 MB | 9.4/11 MB | 188/234 kB
Progress (4): 0.1/1.9 MB | 0.3/1.6 MB | 9.4/11 MB | 188/234 kB
Progress (4): 0.1/1.9 MB | 0.3/1.6 MB | 9.4/11 MB | 188/234 kB
Progress (4): 0.1/1.9 MB | 0.3/1.6 MB | 9.4/11 MB | 188/234 kB
Progress (4): 0.1/1.9 MB | 0.3/1.6 MB | 9.5/11 MB | 188/234 kB
Progress (5): 0.1/1.9 MB | 0.3/1.6 MB | 9.5/11 MB | 188/234 kB | 7.7/261 kB
Progress (5): 0.1/1.9 MB | 0.3/1.6 MB | 9.5/11 MB | 188/234 kB | 11/261 kB 
Progress (5): 0.1/1.9 MB | 0.3/1.6 MB | 9.5/11 MB | 188/234 kB | 28/261 kB
Progress (5): 0.1/1.9 MB | 0.3/1.6 MB | 9.5/11 MB | 188/234 kB | 28/261 kB
Progress (5): 0.1/1.9 MB | 0.3/1.6 MB | 9.5/11 MB | 205/234 kB | 28/261 kB
Progress (5): 0.1/1.9 MB | 0.3/1.6 MB | 9.5/11 MB | 221/234 kB | 28/261 kB
Progress (5): 0.1/1.9 MB | 0.3/1.6 MB | 9.5/11 MB | 234 kB | 28/261 kB    
                                                                      
Downloaded from central: https://repo.maven.apache.org/maven2/org/springframework/spring-orm/6.1.1/spring-orm-6.1.1.jar (234 kB at 10 kB/s)
Downloading from central: https://repo.maven.apache.org/maven2/org/springframework/boot/spring-boot-starter-web/3.2.0/spring-boot-starter-web-3.2.0.jar
Progress (4): 0.1/1.9 MB | 0.3/1.6 MB | 9.5/11 MB | 28/261 kB
Progress (4): 0.1/1.9 MB | 0.3/1.6 MB | 9.5/11 MB | 28/261 kB
Progress (4): 0.1/1.9 MB | 0.3/1.6 MB | 9.5/11 MB | 44/261 kB
Progress (4): 0.1/1.9 MB | 0.3/1.6 MB | 9.5/11 MB | 61/261 kB
Progress (4): 0.1/1.9 MB | 0.3/1.6 MB | 9.5/11 MB | 77/261 kB
Progress (4): 0.1/1.9 MB | 0.3/1.6 MB | 9.5/11 MB | 77/261 kB
Progress (4): 0.1/1.9 MB | 0.3/1.6 MB | 9.5/11 MB | 77/261 kB
Progress (4): 0.1/1.9 MB | 0.3/1.6 MB | 9.5/11 MB | 77/261 kB
Progress (4): 0.1/1.9 MB | 0.3/1.6 MB | 9.5/11 MB | 77/261 kB
Progress (4): 0.1/1.9 MB | 0.3/1.6 MB | 9.6/11 MB | 77/261 kB
Progress (4): 0.1/1.9 MB | 0.3/1.6 MB | 9.6/11 MB | 77/261 kB
Progress (4): 0.1/1.9 MB | 0.3/1.6 MB | 9.6/11 MB | 93/261 kB
Progress (4): 0.1/1.9 MB | 0.3/1.6 MB | 9.6/11 MB | 93/261 kB
Progress (4): 0.1/1.9 MB | 0.3/1.6 MB | 9.6/11 MB | 110/261 kB
Progress (4): 0.1/1.9 MB | 0.3/1.6 MB | 9.6/11 MB | 126/261 kB
Progress (4): 0.1/1.9 MB | 0.3/1.6 MB | 9.6/11 MB | 126/261 kB
Progress (5): 0.1/1.9 MB | 0.3/1.6 MB | 9.6/11 MB | 126/261 kB | 4.8 kB
                                                                       
Downloaded from central: https://repo.maven.apache.org/maven2/org/springframework/boot/spring-boot-starter-web/3.2.0/spring-boot-starter-web-3.2.0.jar (4.8 kB at 204 B/s)
Downloading from central: https://repo.maven.apache.org/maven2/org/springframework/boot/spring-boot-starter-json/3.2.0/spring-boot-starter-json-3.2.0.jar
Progress (4): 0.1/1.9 MB | 0.3/1.6 MB | 9.6/11 MB | 126/261 kB
Progress (4): 0.1/1.9 MB | 0.3/1.6 MB | 9.6/11 MB | 142/261 kB
Progress (4): 0.1/1.9 MB | 0.3/1.6 MB | 9.6/11 MB | 159/261 kB
Progress (4): 0.1/1.9 MB | 0.3/1.6 MB | 9.6/11 MB | 175/261 kB
Progress (4): 0.1/1.9 MB | 0.3/1.6 MB | 9.6/11 MB | 192/261 kB
Progress (4): 0.1/1.9 MB | 0.3/1.6 MB | 9.6/11 MB | 192/261 kB
Progress (4): 0.1/1.9 MB | 0.3/1.6 MB | 9.6/11 MB | 208/261 kB
Progress (4): 0.1/1.9 MB | 0.3/1.6 MB | 9.6/11 MB | 224/261 kB
Progress (4): 0.1/1.9 MB | 0.3/1.6 MB | 9.6/11 MB | 241/261 kB
Progress (4): 0.1/1.9 MB | 0.3/1.6 MB | 9.6/11 MB | 257/261 kB
Progress (4): 0.1/1.9 MB | 0.3/1.6 MB | 9.6/11 MB | 261 kB    
                                                          
Downloaded from central: https://repo.maven.apache.org/maven2/org/apache/tomcat/embed/tomcat-embed-el/10.1.16/tomcat-embed-el-10.1.16.jar (261 kB at 11 kB/s)
Downloading from central: https://repo.maven.apache.org/maven2/org/springframework/boot/spring-boot-starter-tomcat/3.2.0/spring-boot-starter-tomcat-3.2.0.jar
Progress (3): 0.1/1.9 MB | 0.3/1.6 MB | 9.7/11 MB
Progress (3): 0.1/1.9 MB | 0.3/1.6 MB | 9.7/11 MB
Progress (3): 0.1/1.9 MB | 0.3/1.6 MB | 9.7/11 MB
Progress (3): 0.1/1.9 MB | 0.3/1.6 MB | 9.7/11 MB
Progress (3): 0.1/1.9 MB | 0.3/1.6 MB | 9.7/11 MB
Progress (3): 0.1/1.9 MB | 0.3/1.6 MB | 9.7/11 MB
Progress (3): 0.1/1.9 MB | 0.3/1.6 MB | 9.8/11 MB
Progress (3): 0.1/1.9 MB | 0.3/1.6 MB | 9.8/11 MB
Progress (4): 0.1/1.9 MB | 0.3/1.6 MB | 9.8/11 MB | 4.7 kB
                                                          
Downloaded from central: https://repo.maven.apache.org/maven2/org/springframework/boot/spring-boot-starter-json/3.2.0/spring-boot-starter-json-3.2.0.jar (4.7 kB at 200 B/s)
Downloading from central: https://repo.maven.apache.org/maven2/org/apache/tomcat/embed/tomcat-embed-core/10.1.16/tomcat-embed-core-10.1.16.jar
Progress (3): 0.1/1.9 MB | 0.3/1.6 MB | 9.8/11 MB
Progress (3): 0.1/1.9 MB | 0.3/1.6 MB | 9.8/11 MB
Progress (3): 0.1/1.9 MB | 0.3/1.6 MB | 9.8/11 MB
Progress (4): 0.1/1.9 MB | 0.3/1.6 MB | 9.8/11 MB | 4.8 kB
                                                          
Downloaded from central: https://repo.maven.apache.org/maven2/org/springframework/boot/spring-boot-starter-tomcat/3.2.0/spring-boot-starter-tomcat-3.2.0.jar (4.8 kB at 201 B/s)
Downloading from central: https://repo.maven.apache.org/maven2/org/apache/tomcat/embed/tomcat-embed-websocket/10.1.16/tomcat-embed-websocket-10.1.16.jar
Progress (3): 0.1/1.9 MB | 0.3/1.6 MB | 9.8/11 MB
Progress (3): 0.1/1.9 MB | 0.3/1.6 MB | 9.9/11 MB
Progress (3): 0.1/1.9 MB | 0.3/1.6 MB | 9.9/11 MB
Progress (3): 0.1/1.9 MB | 0.3/1.6 MB | 9.9/11 MB
Progress (3): 0.1/1.9 MB | 0.3/1.6 MB | 9.9/11 MB
Progress (3): 0.1/1.9 MB | 0.3/1.6 MB | 9.9/11 MB
Progress (4): 0.1/1.9 MB | 0.3/1.6 MB | 9.9/11 MB | 7.7/281 kB
Progress (4): 0.1/1.9 MB | 0.3/1.6 MB | 9.9/11 MB | 16/281 kB 
Progress (5): 0.1/1.9 MB | 0.3/1.6 MB | 9.9/11 MB | 16/281 kB | 0/3.5 MB
Progress (5): 0.1/1.9 MB | 0.3/1.6 MB | 9.9/11 MB | 16/281 kB | 0/3.5 MB
Progress (5): 0.1/1.9 MB | 0.3/1.6 MB | 9.9/11 MB | 32/281 kB | 0/3.5 MB
Progress (5): 0.1/1.9 MB | 0.3/1.6 MB | 9.9/11 MB | 49/281 kB | 0/3.5 MB
Progress (5): 0.1/1.9 MB | 0.3/1.6 MB | 9.9/11 MB | 61/281 kB | 0/3.5 MB
Progress (5): 0.1/1.9 MB | 0.3/1.6 MB | 9.9/11 MB | 66/281 kB | 0/3.5 MB
Progress (5): 0.1/1.9 MB | 0.3/1.6 MB | 9.9/11 MB | 66/281 kB | 0/3.5 MB
Progress (5): 0.1/1.9 MB | 0.3/1.6 MB | 10.0/11 MB | 66/281 kB | 0/3.5 MB
Progress (5): 0.1/1.9 MB | 0.3/1.6 MB | 10.0/11 MB | 66/281 kB | 0/3.5 MB
Progress (5): 0.1/1.9 MB | 0.3/1.6 MB | 10.0/11 MB | 78/281 kB | 0/3.5 MB
Progress (5): 0.1/1.9 MB | 0.3/1.6 MB | 10.0/11 MB | 82/281 kB | 0/3.5 MB
Progress (5): 0.1/1.9 MB | 0.3/1.6 MB | 10.0/11 MB | 98/281 kB | 0/3.5 MB
Progress (5): 0.1/1.9 MB | 0.3/1.6 MB | 10.0/11 MB | 98/281 kB | 0/3.5 MB
Progress (5): 0.1/1.9 MB | 0.3/1.6 MB | 10.0/11 MB | 98/281 kB | 0/3.5 MB
Progress (5): 0.1/1.9 MB | 0.3/1.6 MB | 10/11 MB | 98/281 kB | 0/3.5 MB  
Progress (5): 0.1/1.9 MB | 0.3/1.6 MB | 10/11 MB | 98/281 kB | 0/3.5 MB
Progress (5): 0.1/1.9 MB | 0.3/1.6 MB | 10/11 MB | 98/281 kB | 0/3.5 MB
Progress (5): 0.1/1.9 MB | 0.3/1.6 MB | 10/11 MB | 115/281 kB | 0/3.5 MB
Progress (5): 0.1/1.9 MB | 0.3/1.6 MB | 10/11 MB | 131/281 kB | 0/3.5 MB
Progress (5): 0.1/1.9 MB | 0.3/1.6 MB | 10/11 MB | 147/281 kB | 0/3.5 MB
Progress (5): 0.1/1.9 MB | 0.3/1.6 MB | 10/11 MB | 164/281 kB | 0/3.5 MB
Progress (5): 0.1/1.9 MB | 0.3/1.6 MB | 10/11 MB | 168/281 kB | 0/3.5 MB
Progress (5): 0.1/1.9 MB | 0.3/1.6 MB | 10/11 MB | 184/281 kB | 0/3.5 MB
Progress (5): 0.1/1.9 MB | 0.3/1.6 MB | 10/11 MB | 193/281 kB | 0/3.5 MB
Progress (5): 0.1/1.9 MB | 0.3/1.6 MB | 10/11 MB | 205/281 kB | 0/3.5 MB
Progress (5): 0.1/1.9 MB | 0.3/1.6 MB | 10/11 MB | 217/281 kB | 0/3.5 MB
Progress (5): 0.1/1.9 MB | 0.3/1.6 MB | 10/11 MB | 229/281 kB | 0/3.5 MB
Progress (5): 0.1/1.9 MB | 0.3/1.6 MB | 10/11 MB | 229/281 kB | 0/3.5 MB
Progress (5): 0.1/1.9 MB | 0.3/1.6 MB | 10/11 MB | 229/281 kB | 0/3.5 MB
Progress (5): 0.1/1.9 MB | 0.3/1.6 MB | 10/11 MB | 229/281 kB | 0/3.5 MB
Progress (5): 0.1/1.9 MB | 0.3/1.6 MB | 10/11 MB | 229/281 kB | 0/3.5 MB
Progress (5): 0.1/1.9 MB | 0.3/1.6 MB | 10/11 MB | 229/281 kB | 0/3.5 MB
Progress (5): 0.1/1.9 MB | 0.3/1.6 MB | 10/11 MB | 229/281 kB | 0.1/3.5 MB
Progress (5): 0.1/1.9 MB | 0.3/1.6 MB | 10/11 MB | 229/281 kB | 0.1/3.5 MB
Progress (5): 0.1/1.9 MB | 0.3/1.6 MB | 10/11 MB | 229/281 kB | 0.1/3.5 MB
Progress (5): 0.1/1.9 MB | 0.3/1.6 MB | 10/11 MB | 229/281 kB | 0.1/3.5 MB
Progress (5): 0.1/1.9 MB | 0.3/1.6 MB | 10/11 MB | 229/281 kB | 0.1/3.5 MB
Progress (5): 0.1/1.9 MB | 0.3/1.6 MB | 10/11 MB | 229/281 kB | 0.1/3.5 MB
Progress (5): 0.1/1.9 MB | 0.3/1.6 MB | 10/11 MB | 229/281 kB | 0.1/3.5 MB
Progress (5): 0.1/1.9 MB | 0.3/1.6 MB | 10/11 MB | 246/281 kB | 0.1/3.5 MB
Progress (5): 0.1/1.9 MB | 0.3/1.6 MB | 10/11 MB | 254/281 kB | 0.1/3.5 MB
Progress (5): 0.1/1.9 MB | 0.3/1.6 MB | 10/11 MB | 270/281 kB | 0.1/3.5 MB
Progress (5): 0.1/1.9 MB | 0.3/1.6 MB | 10/11 MB | 279/281 kB | 0.1/3.5 MB
Progress (5): 0.1/1.9 MB | 0.3/1.6 MB | 10/11 MB | 279/281 kB | 0.1/3.5 MB
Progress (5): 0.1/1.9 MB | 0.3/1.6 MB | 10/11 MB | 279/281 kB | 0.1/3.5 MB
Progress (5): 0.1/1.9 MB | 0.3/1.6 MB | 10/11 MB | 279/281 kB | 0.1/3.5 MB
Progress (5): 0.1/1.9 MB | 0.3/1.6 MB | 10/11 MB | 279/281 kB | 0.1/3.5 MB
Progress (5): 0.1/1.9 MB | 0.3/1.6 MB | 10/11 MB | 279/281 kB | 0.1/3.5 MB
Progress (5): 0.1/1.9 MB | 0.3/1.6 MB | 10/11 MB | 279/281 kB | 0.1/3.5 MB
Progress (5): 0.1/1.9 MB | 0.3/1.6 MB | 10/11 MB | 279/281 kB | 0.1/3.5 MB
Progress (5): 0.1/1.9 MB | 0.3/1.6 MB | 10/11 MB | 279/281 kB | 0.1/3.5 MB
Progress (5): 0.1/1.9 MB | 0.3/1.6 MB | 10/11 MB | 279/281 kB | 0.1/3.5 MB
Progress (5): 0.1/1.9 MB | 0.3/1.6 MB | 10/11 MB | 279/281 kB | 0.1/3.5 MB
Progress (5): 0.1/1.9 MB | 0.3/1.6 MB | 10/11 MB | 279/281 kB | 0.2/3.5 MB
Progress (5): 0.1/1.9 MB | 0.3/1.6 MB | 10/11 MB | 279/281 kB | 0.2/3.5 MB
Progress (5): 0.1/1.9 MB | 0.3/1.6 MB | 10/11 MB | 279/281 kB | 0.2/3.5 MB
Progress (5): 0.1/1.9 MB | 0.3/1.6 MB | 10/11 MB | 279/281 kB | 0.2/3.5 MB
Progress (5): 0.1/1.9 MB | 0.3/1.6 MB | 10/11 MB | 279/281 kB | 0.2/3.5 MB
Progress (5): 0.1/1.9 MB | 0.3/1.6 MB | 10/11 MB | 279/281 kB | 0.2/3.5 MB
Progress (5): 0.1/1.9 MB | 0.3/1.6 MB | 10/11 MB | 279/281 kB | 0.2/3.5 MB
Progress (5): 0.1/1.9 MB | 0.3/1.6 MB | 10/11 MB | 279/281 kB | 0.2/3.5 MB
Progress (5): 0.1/1.9 MB | 0.3/1.6 MB | 10/11 MB | 281 kB | 0.2/3.5 MB    
                                                                      
Downloaded from central: https://repo.maven.apache.org/maven2/org/apache/tomcat/embed/tomcat-embed-websocket/10.1.16/tomcat-embed-websocket-10.1.16.jar (281 kB at 11 kB/s)
Downloading from central: https://repo.maven.apache.org/maven2/org/springframework/spring-web/6.1.1/spring-web-6.1.1.jar
Progress (4): 0.1/1.9 MB | 0.3/1.6 MB | 10/11 MB | 0.2/3.5 MB
Progress (4): 0.1/1.9 MB | 0.3/1.6 MB | 10/11 MB | 0.2/3.5 MB
Progress (4): 0.1/1.9 MB | 0.3/1.6 MB | 10/11 MB | 0.2/3.5 MB
Progress (4): 0.1/1.9 MB | 0.3/1.6 MB | 10/11 MB | 0.2/3.5 MB
Progress (4): 0.1/1.9 MB | 0.3/1.6 MB | 10/11 MB | 0.2/3.5 MB
Progress (4): 0.1/1.9 MB | 0.3/1.6 MB | 10/11 MB | 0.2/3.5 MB
Progress (4): 0.1/1.9 MB | 0.3/1.6 MB | 10/11 MB | 0.2/3.5 MB
Progress (4): 0.1/1.9 MB | 0.3/1.6 MB | 10/11 MB | 0.3/3.5 MB
Progress (4): 0.1/1.9 MB | 0.3/1.6 MB | 10/11 MB | 0.3/3.5 MB
Progress (4): 0.1/1.9 MB | 0.3/1.6 MB | 10/11 MB | 0.3/3.5 MB
Progress (4): 0.1/1.9 MB | 0.3/1.6 MB | 10/11 MB | 0.3/3.5 MB
Progress (4): 0.1/1.9 MB | 0.3/1.6 MB | 10/11 MB | 0.3/3.5 MB
Progress (4): 0.1/1.9 MB | 0.3/1.6 MB | 10/11 MB | 0.3/3.5 MB
Progress (4): 0.1/1.9 MB | 0.3/1.6 MB | 10/11 MB | 0.3/3.5 MB
Progress (4): 0.1/1.9 MB | 0.3/1.6 MB | 10/11 MB | 0.3/3.5 MB
Progress (4): 0.1/1.9 MB | 0.3/1.6 MB | 10/11 MB | 0.3/3.5 MB
Progress (4): 0.1/1.9 MB | 0.3/1.6 MB | 11/11 MB | 0.3/3.5 MB
Progress (4): 0.1/1.9 MB | 0.3/1.6 MB | 11/11 MB | 0.3/3.5 MB
Progress (5): 0.1/1.9 MB | 0.3/1.6 MB | 11/11 MB | 0.3/3.5 MB | 0/1.9 MB
Progress (5): 0.1/1.9 MB | 0.3/1.6 MB | 11/11 MB | 0.3/3.5 MB | 0/1.9 MB
Progress (5): 0.1/1.9 MB | 0.3/1.6 MB | 11/11 MB | 0.3/3.5 MB | 0/1.9 MB
Progress (5): 0.1/1.9 MB | 0.3/1.6 MB | 11/11 MB | 0.3/3.5 MB | 0/1.9 MB
Progress (5): 0.1/1.9 MB | 0.3/1.6 MB | 11/11 MB | 0.3/3.5 MB | 0/1.9 MB
Progress (5): 0.1/1.9 MB | 0.3/1.6 MB | 11/11 MB | 0.3/3.5 MB | 0/1.9 MB
Progress (5): 0.1/1.9 MB | 0.3/1.6 MB | 11/11 MB | 0.3/3.5 MB | 0/1.9 MB
Progress (5): 0.1/1.9 MB | 0.3/1.6 MB | 11/11 MB | 0.3/3.5 MB | 0/1.9 MB
Progress (5): 0.1/1.9 MB | 0.3/1.6 MB | 11/11 MB | 0.4/3.5 MB | 0/1.9 MB
Progress (5): 0.1/1.9 MB | 0.3/1.6 MB | 11/11 MB | 0.4/3.5 MB | 0/1.9 MB
Progress (5): 0.1/1.9 MB | 0.3/1.6 MB | 11/11 MB | 0.4/3.5 MB | 0/1.9 MB
Progress (5): 0.1/1.9 MB | 0.3/1.6 MB | 11/11 MB | 0.4/3.5 MB | 0/1.9 MB
Progress (5): 0.1/1.9 MB | 0.3/1.6 MB | 11/11 MB | 0.4/3.5 MB | 0/1.9 MB
Progress (5): 0.1/1.9 MB | 0.3/1.6 MB | 11/11 MB | 0.4/3.5 MB | 0/1.9 MB
Progress (5): 0.1/1.9 MB | 0.3/1.6 MB | 11/11 MB | 0.4/3.5 MB | 0/1.9 MB
Progress (5): 0.1/1.9 MB | 0.3/1.6 MB | 11/11 MB | 0.4/3.5 MB | 0.1/1.9 MB
Progress (5): 0.1/1.9 MB | 0.3/1.6 MB | 11/11 MB | 0.4/3.5 MB | 0.1/1.9 MB
Progress (5): 0.1/1.9 MB | 0.3/1.6 MB | 11/11 MB | 0.4/3.5 MB | 0.1/1.9 MB
Progress (5): 0.1/1.9 MB | 0.3/1.6 MB | 11/11 MB | 0.4/3.5 MB | 0.1/1.9 MB
Progress (5): 0.1/1.9 MB | 0.3/1.6 MB | 11/11 MB | 0.5/3.5 MB | 0.1/1.9 MB
Progress (5): 0.1/1.9 MB | 0.3/1.6 MB | 11/11 MB | 0.5/3.5 MB | 0.1/1.9 MB
Progress (5): 0.1/1.9 MB | 0.3/1.6 MB | 11/11 MB | 0.5/3.5 MB | 0.1/1.9 MB
Progress (5): 0.1/1.9 MB | 0.3/1.6 MB | 11/11 MB | 0.5/3.5 MB | 0.1/1.9 MB
Progress (5): 0.1/1.9 MB | 0.3/1.6 MB | 11/11 MB | 0.5/3.5 MB | 0.1/1.9 MB
Progress (5): 0.1/1.9 MB | 0.3/1.6 MB | 11/11 MB | 0.5/3.5 MB | 0.1/1.9 MB
Progress (5): 0.1/1.9 MB | 0.3/1.6 MB | 11/11 MB | 0.5/3.5 MB | 0.1/1.9 MB
Progress (5): 0.1/1.9 MB | 0.3/1.6 MB | 11/11 MB | 0.5/3.5 MB | 0.1/1.9 MB
Progress (5): 0.1/1.9 MB | 0.3/1.6 MB | 11/11 MB | 0.5/3.5 MB | 0.2/1.9 MB
Progress (5): 0.1/1.9 MB | 0.3/1.6 MB | 11/11 MB | 0.5/3.5 MB | 0.2/1.9 MB
Progress (5): 0.1/1.9 MB | 0.3/1.6 MB | 11/11 MB | 0.5/3.5 MB | 0.2/1.9 MB
Progress (5): 0.1/1.9 MB | 0.3/1.6 MB | 11/11 MB | 0.5/3.5 MB | 0.2/1.9 MB
Progress (5): 0.1/1.9 MB | 0.3/1.6 MB | 11/11 MB | 0.5/3.5 MB | 0.2/1.9 MB
Progress (5): 0.1/1.9 MB | 0.3/1.6 MB | 11/11 MB | 0.5/3.5 MB | 0.2/1.9 MB
Progress (5): 0.1/1.9 MB | 0.3/1.6 MB | 11/11 MB | 0.5/3.5 MB | 0.2/1.9 MB
Progress (5): 0.1/1.9 MB | 0.3/1.6 MB | 11/11 MB | 0.5/3.5 MB | 0.2/1.9 MB
Progress (5): 0.1/1.9 MB | 0.3/1.6 MB | 11/11 MB | 0.5/3.5 MB | 0.2/1.9 MB
Progress (5): 0.1/1.9 MB | 0.3/1.6 MB | 11/11 MB | 0.5/3.5 MB | 0.2/1.9 MB
Progress (5): 0.1/1.9 MB | 0.3/1.6 MB | 11/11 MB | 0.5/3.5 MB | 0.2/1.9 MB
Progress (5): 0.1/1.9 MB | 0.3/1.6 MB | 11/11 MB | 0.5/3.5 MB | 0.2/1.9 MB
Progress (5): 0.1/1.9 MB | 0.3/1.6 MB | 11/11 MB | 0.5/3.5 MB | 0.2/1.9 MB
Progress (5): 0.1/1.9 MB | 0.3/1.6 MB | 11/11 MB | 0.5/3.5 MB | 0.2/1.9 MB
Progress (5): 0.1/1.9 MB | 0.3/1.6 MB | 11/11 MB | 0.5/3.5 MB | 0.2/1.9 MB
Progress (5): 0.1/1.9 MB | 0.3/1.6 MB | 11/11 MB | 0.5/3.5 MB | 0.2/1.9 MB
Progress (5): 0.1/1.9 MB | 0.3/1.6 MB | 11/11 MB | 0.5/3.5 MB | 0.2/1.9 MB
Progress (5): 0.1/1.9 MB | 0.3/1.6 MB | 11/11 MB | 0.5/3.5 MB | 0.2/1.9 MB
Progress (5): 0.1/1.9 MB | 0.3/1.6 MB | 11/11 MB | 0.5/3.5 MB | 0.2/1.9 MB
Progress (5): 0.1/1.9 MB | 0.3/1.6 MB | 11/11 MB | 0.6/3.5 MB | 0.2/1.9 MB
Progress (5): 0.1/1.9 MB | 0.3/1.6 MB | 11/11 MB | 0.6/3.5 MB | 0.2/1.9 MB
Progress (5): 0.1/1.9 MB | 0.3/1.6 MB | 11/11 MB | 0.6/3.5 MB | 0.2/1.9 MB
Progress (5): 0.1/1.9 MB | 0.3/1.6 MB | 11/11 MB | 0.6/3.5 MB | 0.2/1.9 MB
Progress (5): 0.1/1.9 MB | 0.3/1.6 MB | 11/11 MB | 0.6/3.5 MB | 0.2/1.9 MB
Progress (5): 0.1/1.9 MB | 0.3/1.6 MB | 11/11 MB | 0.6/3.5 MB | 0.2/1.9 MB
Progress (5): 0.1/1.9 MB | 0.3/1.6 MB | 11/11 MB | 0.6/3.5 MB | 0.2/1.9 MB
Progress (5): 0.1/1.9 MB | 0.3/1.6 MB | 11/11 MB | 0.6/3.5 MB | 0.2/1.9 MB
Progress (5): 0.1/1.9 MB | 0.3/1.6 MB | 11/11 MB | 0.6/3.5 MB | 0.2/1.9 MB
Progress (5): 0.1/1.9 MB | 0.3/1.6 MB | 11/11 MB | 0.6/3.5 MB | 0.2/1.9 MB
Progress (5): 0.1/1.9 MB | 0.3/1.6 MB | 11/11 MB | 0.6/3.5 MB | 0.2/1.9 MB
Progress (5): 0.1/1.9 MB | 0.3/1.6 MB | 11/11 MB | 0.6/3.5 MB | 0.3/1.9 MB
Progress (5): 0.1/1.9 MB | 0.3/1.6 MB | 11/11 MB | 0.6/3.5 MB | 0.3/1.9 MB
Progress (5): 0.1/1.9 MB | 0.3/1.6 MB | 11/11 MB | 0.6/3.5 MB | 0.3/1.9 MB
Progress (5): 0.1/1.9 MB | 0.3/1.6 MB | 11/11 MB | 0.6/3.5 MB | 0.3/1.9 MB
Progress (5): 0.1/1.9 MB | 0.3/1.6 MB | 11/11 MB | 0.6/3.5 MB | 0.3/1.9 MB
Progress (5): 0.1/1.9 MB | 0.3/1.6 MB | 11/11 MB | 0.6/3.5 MB | 0.3/1.9 MB
Progress (5): 0.1/1.9 MB | 0.3/1.6 MB | 11/11 MB | 0.6/3.5 MB | 0.3/1.9 MB
Progress (5): 0.1/1.9 MB | 0.3/1.6 MB | 11/11 MB | 0.6/3.5 MB | 0.3/1.9 MB
Progress (5): 0.1/1.9 MB | 0.3/1.6 MB | 11/11 MB | 0.6/3.5 MB | 0.3/1.9 MB
Progress (5): 0.1/1.9 MB | 0.3/1.6 MB | 11/11 MB | 0.6/3.5 MB | 0.3/1.9 MB
Progress (5): 0.1/1.9 MB | 0.3/1.6 MB | 11/11 MB | 0.6/3.5 MB | 0.3/1.9 MB
Progress (5): 0.1/1.9 MB | 0.3/1.6 MB | 11/11 MB | 0.6/3.5 MB | 0.3/1.9 MB
Progress (5): 0.1/1.9 MB | 0.3/1.6 MB | 11/11 MB | 0.6/3.5 MB | 0.3/1.9 MB
Progress (5): 0.1/1.9 MB | 0.3/1.6 MB | 11/11 MB | 0.6/3.5 MB | 0.3/1.9 MB
Progress (5): 0.1/1.9 MB | 0.3/1.6 MB | 11/11 MB | 0.6/3.5 MB | 0.3/1.9 MB
Progress (5): 0.1/1.9 MB | 0.3/1.6 MB | 11/11 MB | 0.6/3.5 MB | 0.4/1.9 MB
Progress (5): 0.1/1.9 MB | 0.3/1.6 MB | 11/11 MB | 0.6/3.5 MB | 0.4/1.9 MB
Progress (5): 0.1/1.9 MB | 0.3/1.6 MB | 11/11 MB | 0.6/3.5 MB | 0.4/1.9 MB
Progress (5): 0.1/1.9 MB | 0.3/1.6 MB | 11/11 MB | 0.6/3.5 MB | 0.4/1.9 MB
Progress (5): 0.1/1.9 MB | 0.3/1.6 MB | 11/11 MB | 0.7/3.5 MB | 0.4/1.9 MB
Progress (5): 0.1/1.9 MB | 0.3/1.6 MB | 11/11 MB | 0.7/3.5 MB | 0.4/1.9 MB
Progress (5): 0.1/1.9 MB | 0.3/1.6 MB | 11/11 MB | 0.7/3.5 MB | 0.4/1.9 MB
Progress (5): 0.1/1.9 MB | 0.3/1.6 MB | 11/11 MB | 0.7/3.5 MB | 0.4/1.9 MB
Progress (5): 0.1/1.9 MB | 0.3/1.6 MB | 11/11 MB | 0.7/3.5 MB | 0.4/1.9 MB
Progress (5): 0.1/1.9 MB | 0.3/1.6 MB | 11/11 MB | 0.7/3.5 MB | 0.4/1.9 MB
Progress (5): 0.1/1.9 MB | 0.3/1.6 MB | 11/11 MB | 0.8/3.5 MB | 0.4/1.9 MB
Progress (5): 0.1/1.9 MB | 0.3/1.6 MB | 11/11 MB | 0.8/3.5 MB | 0.4/1.9 MB
Progress (5): 0.1/1.9 MB | 0.3/1.6 MB | 11/11 MB | 0.8/3.5 MB | 0.4/1.9 MB
Progress (5): 0.1/1.9 MB | 0.3/1.6 MB | 11/11 MB | 0.8/3.5 MB | 0.4/1.9 MB
Progress (5): 0.1/1.9 MB | 0.3/1.6 MB | 11/11 MB | 0.8/3.5 MB | 0.4/1.9 MB
Progress (5): 0.1/1.9 MB | 0.3/1.6 MB | 11/11 MB | 0.8/3.5 MB | 0.4/1.9 MB
Progress (5): 0.1/1.9 MB | 0.3/1.6 MB | 11/11 MB | 0.8/3.5 MB | 0.4/1.9 MB
Progress (5): 0.1/1.9 MB | 0.3/1.6 MB | 11/11 MB | 0.8/3.5 MB | 0.4/1.9 MB
Progress (5): 0.1/1.9 MB | 0.3/1.6 MB | 11/11 MB | 0.8/3.5 MB | 0.4/1.9 MB
Progress (5): 0.1/1.9 MB | 0.3/1.6 MB | 11/11 MB | 0.8/3.5 MB | 0.4/1.9 MB
Progress (5): 0.1/1.9 MB | 0.3/1.6 MB | 11/11 MB | 0.8/3.5 MB | 0.4/1.9 MB
Progress (5): 0.1/1.9 MB | 0.3/1.6 MB | 11/11 MB | 0.8/3.5 MB | 0.4/1.9 MB
Progress (5): 0.1/1.9 MB | 0.3/1.6 MB | 11/11 MB | 0.8/3.5 MB | 0.4/1.9 MB
Progress (5): 0.1/1.9 MB | 0.3/1.6 MB | 11/11 MB | 0.8/3.5 MB | 0.4/1.9 MB
Progress (5): 0.1/1.9 MB | 0.3/1.6 MB | 11/11 MB | 0.8/3.5 MB | 0.4/1.9 MB
Progress (5): 0.1/1.9 MB | 0.3/1.6 MB | 11/11 MB | 0.8/3.5 MB | 0.4/1.9 MB
Progress (5): 0.1/1.9 MB | 0.3/1.6 MB | 11/11 MB | 0.8/3.5 MB | 0.4/1.9 MB
Progress (5): 0.1/1.9 MB | 0.3/1.6 MB | 11/11 MB | 0.9/3.5 MB | 0.4/1.9 MB
Progress (5): 0.1/1.9 MB | 0.3/1.6 MB | 11/11 MB | 0.9/3.5 MB | 0.4/1.9 MB
Progress (5): 0.1/1.9 MB | 0.3/1.6 MB | 11/11 MB | 0.9/3.5 MB | 0.4/1.9 MB
Progress (5): 0.1/1.9 MB | 0.3/1.6 MB | 11/11 MB | 0.9/3.5 MB | 0.4/1.9 MB
Progress (5): 0.1/1.9 MB | 0.3/1.6 MB | 11/11 MB | 0.9/3.5 MB | 0.4/1.9 MB
Progress (5): 0.1/1.9 MB | 0.3/1.6 MB | 11/11 MB | 0.9/3.5 MB | 0.4/1.9 MB
Progress (5): 0.1/1.9 MB | 0.3/1.6 MB | 11/11 MB | 0.9/3.5 MB | 0.4/1.9 MB
Progress (5): 0.1/1.9 MB | 0.3/1.6 MB | 11/11 MB | 0.9/3.5 MB | 0.5/1.9 MB
Progress (5): 0.1/1.9 MB | 0.3/1.6 MB | 11/11 MB | 0.9/3.5 MB | 0.5/1.9 MB
Progress (5): 0.1/1.9 MB | 0.3/1.6 MB | 11/11 MB | 1.0/3.5 MB | 0.5/1.9 MB
Progress (5): 0.1/1.9 MB | 0.3/1.6 MB | 11/11 MB | 1.0/3.5 MB | 0.5/1.9 MB
Progress (5): 0.1/1.9 MB | 0.3/1.6 MB | 11/11 MB | 1.0/3.5 MB | 0.5/1.9 MB
Progress (5): 0.1/1.9 MB | 0.3/1.6 MB | 11/11 MB | 1.0/3.5 MB | 0.5/1.9 MB
Progress (5): 0.1/1.9 MB | 0.3/1.6 MB | 11/11 MB | 1.0/3.5 MB | 0.5/1.9 MB
Progress (5): 0.1/1.9 MB | 0.3/1.6 MB | 11/11 MB | 1.0/3.5 MB | 0.5/1.9 MB
Progress (5): 0.1/1.9 MB | 0.3/1.6 MB | 11/11 MB | 1.0/3.5 MB | 0.5/1.9 MB
Progress (5): 0.1/1.9 MB | 0.3/1.6 MB | 11/11 MB | 1.0/3.5 MB | 0.5/1.9 MB
Progress (5): 0.1/1.9 MB | 0.3/1.6 MB | 11/11 MB | 1.0/3.5 MB | 0.5/1.9 MB
Progress (5): 0.1/1.9 MB | 0.3/1.6 MB | 11/11 MB | 1.0/3.5 MB | 0.5/1.9 MB
Progress (5): 0.1/1.9 MB | 0.3/1.6 MB | 11/11 MB | 1.0/3.5 MB | 0.5/1.9 MB
Progress (5): 0.1/1.9 MB | 0.3/1.6 MB | 11/11 MB | 1.0/3.5 MB | 0.5/1.9 MB
Progress (5): 0.1/1.9 MB | 0.3/1.6 MB | 11/11 MB | 1.0/3.5 MB | 0.5/1.9 MB
Progress (5): 0.1/1.9 MB | 0.3/1.6 MB | 11/11 MB | 1.0/3.5 MB | 0.5/1.9 MB
Progress (5): 0.1/1.9 MB | 0.3/1.6 MB | 11/11 MB | 1.0/3.5 MB | 0.5/1.9 MB
Progress (5): 0.1/1.9 MB | 0.3/1.6 MB | 11/11 MB | 1.0/3.5 MB | 0.5/1.9 MB
Progress (5): 0.1/1.9 MB | 0.3/1.6 MB | 11/11 MB | 1.0/3.5 MB | 0.5/1.9 MB
Progress (5): 0.1/1.9 MB | 0.3/1.6 MB | 11 MB | 1.0/3.5 MB | 0.5/1.9 MB   
Progress (5): 0.1/1.9 MB | 0.3/1.6 MB | 11 MB | 1.1/3.5 MB | 0.5/1.9 MB
                                                                       
Downloaded from central: https://repo.maven.apache.org/maven2/org/hibernate/orm/hibernate-core/6.3.1.Final/hibernate-core-6.3.1.Final.jar (11 MB at 408 kB/s)
Downloading from central: https://repo.maven.apache.org/maven2/org/springframework/spring-webmvc/6.1.1/spring-webmvc-6.1.1.jar
Progress (4): 0.1/1.9 MB | 0.3/1.6 MB | 1.1/3.5 MB | 0.5/1.9 MB
Progress (4): 0.1/1.9 MB | 0.3/1.6 MB | 1.1/3.5 MB | 0.5/1.9 MB
Progress (4): 0.1/1.9 MB | 0.3/1.6 MB | 1.1/3.5 MB | 0.5/1.9 MB
Progress (4): 0.1/1.9 MB | 0.3/1.6 MB | 1.1/3.5 MB | 0.6/1.9 MB
Progress (4): 0.1/1.9 MB | 0.3/1.6 MB | 1.1/3.5 MB | 0.6/1.9 MB
Progress (4): 0.1/1.9 MB | 0.3/1.6 MB | 1.1/3.5 MB | 0.6/1.9 MB
Progress (4): 0.1/1.9 MB | 0.3/1.6 MB | 1.1/3.5 MB | 0.6/1.9 MB
Progress (4): 0.1/1.9 MB | 0.3/1.6 MB | 1.1/3.5 MB | 0.6/1.9 MB
Progress (4): 0.1/1.9 MB | 0.3/1.6 MB | 1.1/3.5 MB | 0.6/1.9 MB
Progress (4): 0.1/1.9 MB | 0.3/1.6 MB | 1.1/3.5 MB | 0.6/1.9 MB
Progress (4): 0.1/1.9 MB | 0.3/1.6 MB | 1.2/3.5 MB | 0.6/1.9 MB
Progress (4): 0.1/1.9 MB | 0.4/1.6 MB | 1.2/3.5 MB | 0.6/1.9 MB
Progress (4): 0.1/1.9 MB | 0.4/1.6 MB | 1.2/3.5 MB | 0.6/1.9 MB
Progress (4): 0.1/1.9 MB | 0.4/1.6 MB | 1.2/3.5 MB | 0.6/1.9 MB
Progress (4): 0.1/1.9 MB | 0.4/1.6 MB | 1.2/3.5 MB | 0.6/1.9 MB
Progress (4): 0.1/1.9 MB | 0.4/1.6 MB | 1.2/3.5 MB | 0.6/1.9 MB
Progress (4): 0.1/1.9 MB | 0.4/1.6 MB | 1.2/3.5 MB | 0.6/1.9 MB
Progress (4): 0.1/1.9 MB | 0.4/1.6 MB | 1.2/3.5 MB | 0.6/1.9 MB
Progress (5): 0.1/1.9 MB | 0.4/1.6 MB | 1.2/3.5 MB | 0.6/1.9 MB | 0/1.0 MB
Progress (5): 0.1/1.9 MB | 0.4/1.6 MB | 1.2/3.5 MB | 0.6/1.9 MB | 0/1.0 MB
Progress (5): 0.1/1.9 MB | 0.4/1.6 MB | 1.2/3.5 MB | 0.6/1.9 MB | 0/1.0 MB
Progress (5): 0.1/1.9 MB | 0.4/1.6 MB | 1.2/3.5 MB | 0.6/1.9 MB | 0/1.0 MB
Progress (5): 0.1/1.9 MB | 0.4/1.6 MB | 1.2/3.5 MB | 0.6/1.9 MB | 0/1.0 MB
Progress (5): 0.1/1.9 MB | 0.4/1.6 MB | 1.2/3.5 MB | 0.6/1.9 MB | 0/1.0 MB
Progress (5): 0.1/1.9 MB | 0.4/1.6 MB | 1.2/3.5 MB | 0.6/1.9 MB | 0/1.0 MB
Progress (5): 0.1/1.9 MB | 0.4/1.6 MB | 1.2/3.5 MB | 0.6/1.9 MB | 0/1.0 MB
Progress (5): 0.1/1.9 MB | 0.4/1.6 MB | 1.2/3.5 MB | 0.6/1.9 MB | 0.1/1.0 MB
Progress (5): 0.1/1.9 MB | 0.4/1.6 MB | 1.2/3.5 MB | 0.6/1.9 MB | 0.1/1.0 MB
Progress (5): 0.1/1.9 MB | 0.4/1.6 MB | 1.2/3.5 MB | 0.6/1.9 MB | 0.1/1.0 MB
Progress (5): 0.1/1.9 MB | 0.4/1.6 MB | 1.2/3.5 MB | 0.6/1.9 MB | 0.1/1.0 MB
Progress (5): 0.1/1.9 MB | 0.4/1.6 MB | 1.2/3.5 MB | 0.6/1.9 MB | 0.1/1.0 MB
Progress (5): 0.1/1.9 MB | 0.4/1.6 MB | 1.2/3.5 MB | 0.6/1.9 MB | 0.1/1.0 MB
Progress (5): 0.1/1.9 MB | 0.4/1.6 MB | 1.2/3.5 MB | 0.6/1.9 MB | 0.1/1.0 MB
Progress (5): 0.1/1.9 MB | 0.4/1.6 MB | 1.2/3.5 MB | 0.6/1.9 MB | 0.2/1.0 MB
Progress (5): 0.1/1.9 MB | 0.4/1.6 MB | 1.2/3.5 MB | 0.7/1.9 MB | 0.2/1.0 MB
Progress (5): 0.1/1.9 MB | 0.4/1.6 MB | 1.2/3.5 MB | 0.7/1.9 MB | 0.2/1.0 MB
Progress (5): 0.1/1.9 MB | 0.4/1.6 MB | 1.2/3.5 MB | 0.7/1.9 MB | 0.2/1.0 MB
Progress (5): 0.1/1.9 MB | 0.4/1.6 MB | 1.2/3.5 MB | 0.7/1.9 MB | 0.2/1.0 MB
Progress (5): 0.1/1.9 MB | 0.4/1.6 MB | 1.3/3.5 MB | 0.7/1.9 MB | 0.2/1.0 MB
Progress (5): 0.1/1.9 MB | 0.4/1.6 MB | 1.3/3.5 MB | 0.7/1.9 MB | 0.2/1.0 MB
Progress (5): 0.1/1.9 MB | 0.4/1.6 MB | 1.3/3.5 MB | 0.7/1.9 MB | 0.2/1.0 MB
Progress (5): 0.1/1.9 MB | 0.4/1.6 MB | 1.3/3.5 MB | 0.7/1.9 MB | 0.2/1.0 MB
Progress (5): 0.1/1.9 MB | 0.4/1.6 MB | 1.3/3.5 MB | 0.7/1.9 MB | 0.2/1.0 MB
Progress (5): 0.1/1.9 MB | 0.4/1.6 MB | 1.3/3.5 MB | 0.7/1.9 MB | 0.2/1.0 MB
Progress (5): 0.1/1.9 MB | 0.4/1.6 MB | 1.3/3.5 MB | 0.7/1.9 MB | 0.2/1.0 MB
Progress (5): 0.1/1.9 MB | 0.4/1.6 MB | 1.4/3.5 MB | 0.7/1.9 MB | 0.2/1.0 MB
Progress (5): 0.1/1.9 MB | 0.4/1.6 MB | 1.4/3.5 MB | 0.7/1.9 MB | 0.2/1.0 MB
Progress (5): 0.1/1.9 MB | 0.4/1.6 MB | 1.4/3.5 MB | 0.7/1.9 MB | 0.2/1.0 MB
Progress (5): 0.1/1.9 MB | 0.4/1.6 MB | 1.4/3.5 MB | 0.7/1.9 MB | 0.2/1.0 MB
Progress (5): 0.1/1.9 MB | 0.4/1.6 MB | 1.4/3.5 MB | 0.7/1.9 MB | 0.2/1.0 MB
Progress (5): 0.1/1.9 MB | 0.4/1.6 MB | 1.4/3.5 MB | 0.7/1.9 MB | 0.2/1.0 MB
Progress (5): 0.1/1.9 MB | 0.4/1.6 MB | 1.4/3.5 MB | 0.7/1.9 MB | 0.2/1.0 MB
Progress (5): 0.1/1.9 MB | 0.4/1.6 MB | 1.4/3.5 MB | 0.7/1.9 MB | 0.2/1.0 MB
Progress (5): 0.1/1.9 MB | 0.4/1.6 MB | 1.4/3.5 MB | 0.7/1.9 MB | 0.2/1.0 MB
Progress (5): 0.1/1.9 MB | 0.4/1.6 MB | 1.4/3.5 MB | 0.7/1.9 MB | 0.2/1.0 MB
Progress (5): 0.1/1.9 MB | 0.4/1.6 MB | 1.4/3.5 MB | 0.7/1.9 MB | 0.2/1.0 MB
Progress (5): 0.1/1.9 MB | 0.4/1.6 MB | 1.4/3.5 MB | 0.8/1.9 MB | 0.2/1.0 MB
Progress (5): 0.1/1.9 MB | 0.4/1.6 MB | 1.4/3.5 MB | 0.8/1.9 MB | 0.2/1.0 MB
Progress (5): 0.1/1.9 MB | 0.4/1.6 MB | 1.4/3.5 MB | 0.8/1.9 MB | 0.2/1.0 MB
Progress (5): 0.1/1.9 MB | 0.4/1.6 MB | 1.4/3.5 MB | 0.8/1.9 MB | 0.3/1.0 MB
Progress (5): 0.1/1.9 MB | 0.4/1.6 MB | 1.4/3.5 MB | 0.8/1.9 MB | 0.3/1.0 MB
Progress (5): 0.1/1.9 MB | 0.4/1.6 MB | 1.4/3.5 MB | 0.8/1.9 MB | 0.3/1.0 MB
Progress (5): 0.1/1.9 MB | 0.4/1.6 MB | 1.4/3.5 MB | 0.8/1.9 MB | 0.3/1.0 MB
Progress (5): 0.1/1.9 MB | 0.4/1.6 MB | 1.4/3.5 MB | 0.8/1.9 MB | 0.3/1.0 MB
Progress (5): 0.1/1.9 MB | 0.4/1.6 MB | 1.5/3.5 MB | 0.8/1.9 MB | 0.3/1.0 MB
Progress (5): 0.1/1.9 MB | 0.4/1.6 MB | 1.5/3.5 MB | 0.8/1.9 MB | 0.3/1.0 MB
Progress (5): 0.1/1.9 MB | 0.4/1.6 MB | 1.5/3.5 MB | 0.8/1.9 MB | 0.3/1.0 MB
Progress (5): 0.1/1.9 MB | 0.4/1.6 MB | 1.5/3.5 MB | 0.8/1.9 MB | 0.3/1.0 MB
Progress (5): 0.1/1.9 MB | 0.4/1.6 MB | 1.5/3.5 MB | 0.8/1.9 MB | 0.3/1.0 MB
Progress (5): 0.1/1.9 MB | 0.4/1.6 MB | 1.5/3.5 MB | 0.8/1.9 MB | 0.3/1.0 MB
Progress (5): 0.1/1.9 MB | 0.4/1.6 MB | 1.5/3.5 MB | 0.8/1.9 MB | 0.3/1.0 MB
Progress (5): 0.1/1.9 MB | 0.4/1.6 MB | 1.5/3.5 MB | 0.8/1.9 MB | 0.3/1.0 MB
Progress (5): 0.1/1.9 MB | 0.4/1.6 MB | 1.5/3.5 MB | 0.8/1.9 MB | 0.3/1.0 MB
Progress (5): 0.1/1.9 MB | 0.4/1.6 MB | 1.5/3.5 MB | 0.8/1.9 MB | 0.3/1.0 MB
Progress (5): 0.1/1.9 MB | 0.4/1.6 MB | 1.5/3.5 MB | 0.8/1.9 MB | 0.3/1.0 MB
Progress (5): 0.1/1.9 MB | 0.4/1.6 MB | 1.5/3.5 MB | 0.8/1.9 MB | 0.3/1.0 MB
Progress (5): 0.1/1.9 MB | 0.4/1.6 MB | 1.5/3.5 MB | 0.8/1.9 MB | 0.3/1.0 MB
Progress (5): 0.1/1.9 MB | 0.4/1.6 MB | 1.5/3.5 MB | 0.8/1.9 MB | 0.3/1.0 MB
Progress (5): 0.1/1.9 MB | 0.4/1.6 MB | 1.5/3.5 MB | 0.9/1.9 MB | 0.3/1.0 MB
Progress (5): 0.1/1.9 MB | 0.4/1.6 MB | 1.5/3.5 MB | 0.9/1.9 MB | 0.3/1.0 MB
Progress (5): 0.1/1.9 MB | 0.4/1.6 MB | 1.5/3.5 MB | 0.9/1.9 MB | 0.4/1.0 MB
Progress (5): 0.1/1.9 MB | 0.4/1.6 MB | 1.5/3.5 MB | 0.9/1.9 MB | 0.4/1.0 MB
Progress (5): 0.1/1.9 MB | 0.4/1.6 MB | 1.6/3.5 MB | 0.9/1.9 MB | 0.4/1.0 MB
Progress (5): 0.1/1.9 MB | 0.4/1.6 MB | 1.6/3.5 MB | 0.9/1.9 MB | 0.4/1.0 MB
Progress (5): 0.1/1.9 MB | 0.4/1.6 MB | 1.6/3.5 MB | 0.9/1.9 MB | 0.4/1.0 MB
Progress (5): 0.1/1.9 MB | 0.4/1.6 MB | 1.6/3.5 MB | 0.9/1.9 MB | 0.4/1.0 MB
Progress (5): 0.1/1.9 MB | 0.4/1.6 MB | 1.6/3.5 MB | 0.9/1.9 MB | 0.4/1.0 MB
Progress (5): 0.1/1.9 MB | 0.4/1.6 MB | 1.6/3.5 MB | 0.9/1.9 MB | 0.4/1.0 MB
Progress (5): 0.1/1.9 MB | 0.4/1.6 MB | 1.6/3.5 MB | 0.9/1.9 MB | 0.4/1.0 MB
Progress (5): 0.1/1.9 MB | 0.4/1.6 MB | 1.6/3.5 MB | 0.9/1.9 MB | 0.4/1.0 MB
Progress (5): 0.1/1.9 MB | 0.4/1.6 MB | 1.6/3.5 MB | 0.9/1.9 MB | 0.4/1.0 MB
Progress (5): 0.1/1.9 MB | 0.4/1.6 MB | 1.6/3.5 MB | 0.9/1.9 MB | 0.4/1.0 MB
Progress (5): 0.1/1.9 MB | 0.4/1.6 MB | 1.6/3.5 MB | 0.9/1.9 MB | 0.4/1.0 MB
Progress (5): 0.1/1.9 MB | 0.4/1.6 MB | 1.6/3.5 MB | 0.9/1.9 MB | 0.4/1.0 MB
Progress (5): 0.1/1.9 MB | 0.4/1.6 MB | 1.6/3.5 MB | 0.9/1.9 MB | 0.4/1.0 MB
Progress (5): 0.1/1.9 MB | 0.4/1.6 MB | 1.6/3.5 MB | 0.9/1.9 MB | 0.4/1.0 MB
Progress (5): 0.1/1.9 MB | 0.4/1.6 MB | 1.6/3.5 MB | 0.9/1.9 MB | 0.4/1.0 MB
Progress (5): 0.1/1.9 MB | 0.4/1.6 MB | 1.7/3.5 MB | 0.9/1.9 MB | 0.4/1.0 MB
Progress (5): 0.1/1.9 MB | 0.4/1.6 MB | 1.7/3.5 MB | 0.9/1.9 MB | 0.4/1.0 MB
Progress (5): 0.1/1.9 MB | 0.4/1.6 MB | 1.7/3.5 MB | 0.9/1.9 MB | 0.4/1.0 MB
Progress (5): 0.1/1.9 MB | 0.4/1.6 MB | 1.7/3.5 MB | 0.9/1.9 MB | 0.4/1.0 MB
Progress (5): 0.1/1.9 MB | 0.4/1.6 MB | 1.7/3.5 MB | 1.0/1.9 MB | 0.4/1.0 MB
Progress (5): 0.1/1.9 MB | 0.4/1.6 MB | 1.7/3.5 MB | 1.0/1.9 MB | 0.4/1.0 MB
Progress (5): 0.1/1.9 MB | 0.4/1.6 MB | 1.7/3.5 MB | 1.0/1.9 MB | 0.4/1.0 MB
Progress (5): 0.1/1.9 MB | 0.4/1.6 MB | 1.7/3.5 MB | 1.0/1.9 MB | 0.4/1.0 MB
Progress (5): 0.1/1.9 MB | 0.4/1.6 MB | 1.7/3.5 MB | 1.0/1.9 MB | 0.4/1.0 MB
Progress (5): 0.1/1.9 MB | 0.4/1.6 MB | 1.7/3.5 MB | 1.0/1.9 MB | 0.5/1.0 MB
Progress (5): 0.1/1.9 MB | 0.4/1.6 MB | 1.7/3.5 MB | 1.0/1.9 MB | 0.5/1.0 MB
Progress (5): 0.1/1.9 MB | 0.4/1.6 MB | 1.7/3.5 MB | 1.0/1.9 MB | 0.5/1.0 MB
Progress (5): 0.1/1.9 MB | 0.4/1.6 MB | 1.7/3.5 MB | 1.0/1.9 MB | 0.5/1.0 MB
Progress (5): 0.1/1.9 MB | 0.4/1.6 MB | 1.7/3.5 MB | 1.0/1.9 MB | 0.5/1.0 MB
Progress (5): 0.1/1.9 MB | 0.4/1.6 MB | 1.7/3.5 MB | 1.0/1.9 MB | 0.5/1.0 MB
Progress (5): 0.1/1.9 MB | 0.4/1.6 MB | 1.7/3.5 MB | 1.0/1.9 MB | 0.5/1.0 MB
Progress (5): 0.1/1.9 MB | 0.4/1.6 MB | 1.8/3.5 MB | 1.0/1.9 MB | 0.5/1.0 MB
Progress (5): 0.1/1.9 MB | 0.4/1.6 MB | 1.8/3.5 MB | 1.0/1.9 MB | 0.5/1.0 MB
Progress (5): 0.1/1.9 MB | 0.4/1.6 MB | 1.8/3.5 MB | 1.0/1.9 MB | 0.5/1.0 MB
Progress (5): 0.1/1.9 MB | 0.4/1.6 MB | 1.8/3.5 MB | 1.0/1.9 MB | 0.5/1.0 MB
Progress (5): 0.1/1.9 MB | 0.4/1.6 MB | 1.8/3.5 MB | 1.0/1.9 MB | 0.5/1.0 MB
Progress (5): 0.1/1.9 MB | 0.4/1.6 MB | 1.8/3.5 MB | 1.0/1.9 MB | 0.5/1.0 MB
Progress (5): 0.1/1.9 MB | 0.4/1.6 MB | 1.8/3.5 MB | 1.0/1.9 MB | 0.5/1.0 MB
Progress (5): 0.1/1.9 MB | 0.4/1.6 MB | 1.8/3.5 MB | 1.0/1.9 MB | 0.5/1.0 MB
Progress (5): 0.1/1.9 MB | 0.4/1.6 MB | 1.8/3.5 MB | 1.0/1.9 MB | 0.5/1.0 MB
Progress (5): 0.1/1.9 MB | 0.4/1.6 MB | 1.8/3.5 MB | 1.0/1.9 MB | 0.6/1.0 MB
Progress (5): 0.1/1.9 MB | 0.4/1.6 MB | 1.8/3.5 MB | 1.0/1.9 MB | 0.6/1.0 MB
Progress (5): 0.1/1.9 MB | 0.4/1.6 MB | 1.8/3.5 MB | 1.0/1.9 MB | 0.6/1.0 MB
Progress (5): 0.1/1.9 MB | 0.4/1.6 MB | 1.8/3.5 MB | 1.0/1.9 MB | 0.6/1.0 MB
Progress (5): 0.1/1.9 MB | 0.4/1.6 MB | 1.8/3.5 MB | 1.0/1.9 MB | 0.6/1.0 MB
Progress (5): 0.1/1.9 MB | 0.4/1.6 MB | 1.8/3.5 MB | 1.0/1.9 MB | 0.6/1.0 MB
Progress (5): 0.1/1.9 MB | 0.4/1.6 MB | 1.8/3.5 MB | 1.1/1.9 MB | 0.6/1.0 MB
Progress (5): 0.1/1.9 MB | 0.5/1.6 MB | 1.8/3.5 MB | 1.1/1.9 MB | 0.6/1.0 MB
Progress (5): 0.1/1.9 MB | 0.5/1.6 MB | 1.9/3.5 MB | 1.1/1.9 MB | 0.6/1.0 MB
Progress (5): 0.1/1.9 MB | 0.5/1.6 MB | 1.9/3.5 MB | 1.1/1.9 MB | 0.6/1.0 MB
Progress (5): 0.1/1.9 MB | 0.5/1.6 MB | 1.9/3.5 MB | 1.1/1.9 MB | 0.6/1.0 MB
Progress (5): 0.1/1.9 MB | 0.5/1.6 MB | 1.9/3.5 MB | 1.1/1.9 MB | 0.6/1.0 MB
Progress (5): 0.1/1.9 MB | 0.5/1.6 MB | 1.9/3.5 MB | 1.1/1.9 MB | 0.6/1.0 MB
Progress (5): 0.1/1.9 MB | 0.5/1.6 MB | 1.9/3.5 MB | 1.1/1.9 MB | 0.6/1.0 MB
Progress (5): 0.1/1.9 MB | 0.5/1.6 MB | 1.9/3.5 MB | 1.1/1.9 MB | 0.6/1.0 MB
Progress (5): 0.1/1.9 MB | 0.5/1.6 MB | 1.9/3.5 MB | 1.1/1.9 MB | 0.6/1.0 MB
Progress (5): 0.1/1.9 MB | 0.5/1.6 MB | 1.9/3.5 MB | 1.1/1.9 MB | 0.6/1.0 MB
Progress (5): 0.1/1.9 MB | 0.5/1.6 MB | 1.9/3.5 MB | 1.1/1.9 MB | 0.7/1.0 MB
Progress (5): 0.1/1.9 MB | 0.5/1.6 MB | 1.9/3.5 MB | 1.1/1.9 MB | 0.7/1.0 MB
Progress (5): 0.1/1.9 MB | 0.5/1.6 MB | 1.9/3.5 MB | 1.1/1.9 MB | 0.7/1.0 MB
Progress (5): 0.1/1.9 MB | 0.5/1.6 MB | 1.9/3.5 MB | 1.1/1.9 MB | 0.7/1.0 MB
Progress (5): 0.1/1.9 MB | 0.5/1.6 MB | 1.9/3.5 MB | 1.1/1.9 MB | 0.7/1.0 MB
Progress (5): 0.1/1.9 MB | 0.5/1.6 MB | 1.9/3.5 MB | 1.1/1.9 MB | 0.7/1.0 MB
Progress (5): 0.1/1.9 MB | 0.5/1.6 MB | 2.0/3.5 MB | 1.1/1.9 MB | 0.7/1.0 MB
Progress (5): 0.1/1.9 MB | 0.5/1.6 MB | 2.0/3.5 MB | 1.1/1.9 MB | 0.7/1.0 MB
Progress (5): 0.1/1.9 MB | 0.5/1.6 MB | 2.0/3.5 MB | 1.1/1.9 MB | 0.7/1.0 MB
Progress (5): 0.1/1.9 MB | 0.5/1.6 MB | 2.0/3.5 MB | 1.1/1.9 MB | 0.7/1.0 MB
Progress (5): 0.1/1.9 MB | 0.5/1.6 MB | 2.0/3.5 MB | 1.1/1.9 MB | 0.7/1.0 MB
Progress (5): 0.1/1.9 MB | 0.5/1.6 MB | 2.0/3.5 MB | 1.1/1.9 MB | 0.7/1.0 MB
Progress (5): 0.1/1.9 MB | 0.5/1.6 MB | 2.0/3.5 MB | 1.1/1.9 MB | 0.7/1.0 MB
Progress (5): 0.1/1.9 MB | 0.5/1.6 MB | 2.0/3.5 MB | 1.1/1.9 MB | 0.7/1.0 MB
Progress (5): 0.1/1.9 MB | 0.5/1.6 MB | 2.0/3.5 MB | 1.1/1.9 MB | 0.7/1.0 MB
Progress (5): 0.1/1.9 MB | 0.5/1.6 MB | 2.0/3.5 MB | 1.1/1.9 MB | 0.7/1.0 MB
Progress (5): 0.1/1.9 MB | 0.5/1.6 MB | 2.1/3.5 MB | 1.1/1.9 MB | 0.7/1.0 MB
Progress (5): 0.1/1.9 MB | 0.5/1.6 MB | 2.1/3.5 MB | 1.1/1.9 MB | 0.7/1.0 MB
Progress (5): 0.1/1.9 MB | 0.5/1.6 MB | 2.1/3.5 MB | 1.1/1.9 MB | 0.7/1.0 MB
Progress (5): 0.1/1.9 MB | 0.5/1.6 MB | 2.1/3.5 MB | 1.1/1.9 MB | 0.7/1.0 MB
Progress (5): 0.1/1.9 MB | 0.5/1.6 MB | 2.1/3.5 MB | 1.1/1.9 MB | 0.8/1.0 MB
Progress (5): 0.1/1.9 MB | 0.5/1.6 MB | 2.1/3.5 MB | 1.1/1.9 MB | 0.8/1.0 MB
Progress (5): 0.1/1.9 MB | 0.5/1.6 MB | 2.1/3.5 MB | 1.2/1.9 MB | 0.8/1.0 MB
Progress (5): 0.1/1.9 MB | 0.5/1.6 MB | 2.1/3.5 MB | 1.2/1.9 MB | 0.8/1.0 MB
Progress (5): 0.1/1.9 MB | 0.5/1.6 MB | 2.1/3.5 MB | 1.2/1.9 MB | 0.8/1.0 MB
Progress (5): 0.1/1.9 MB | 0.5/1.6 MB | 2.1/3.5 MB | 1.2/1.9 MB | 0.8/1.0 MB
Progress (5): 0.1/1.9 MB | 0.5/1.6 MB | 2.1/3.5 MB | 1.2/1.9 MB | 0.8/1.0 MB
Progress (5): 0.1/1.9 MB | 0.5/1.6 MB | 2.1/3.5 MB | 1.2/1.9 MB | 0.8/1.0 MB
Progress (5): 0.1/1.9 MB | 0.5/1.6 MB | 2.1/3.5 MB | 1.2/1.9 MB | 0.8/1.0 MB
Progress (5): 0.1/1.9 MB | 0.5/1.6 MB | 2.2/3.5 MB | 1.2/1.9 MB | 0.8/1.0 MB
Progress (5): 0.1/1.9 MB | 0.5/1.6 MB | 2.2/3.5 MB | 1.2/1.9 MB | 0.8/1.0 MB
Progress (5): 0.1/1.9 MB | 0.5/1.6 MB | 2.2/3.5 MB | 1.2/1.9 MB | 0.8/1.0 MB
Progress (5): 0.1/1.9 MB | 0.5/1.6 MB | 2.2/3.5 MB | 1.2/1.9 MB | 0.8/1.0 MB
Progress (5): 0.1/1.9 MB | 0.5/1.6 MB | 2.2/3.5 MB | 1.2/1.9 MB | 0.8/1.0 MB
Progress (5): 0.1/1.9 MB | 0.5/1.6 MB | 2.2/3.5 MB | 1.2/1.9 MB | 0.8/1.0 MB
Progress (5): 0.1/1.9 MB | 0.5/1.6 MB | 2.2/3.5 MB | 1.2/1.9 MB | 0.8/1.0 MB
Progress (5): 0.1/1.9 MB | 0.5/1.6 MB | 2.2/3.5 MB | 1.2/1.9 MB | 0.9/1.0 MB
Progress (5): 0.1/1.9 MB | 0.5/1.6 MB | 2.2/3.5 MB | 1.2/1.9 MB | 0.9/1.0 MB
Progress (5): 0.1/1.9 MB | 0.5/1.6 MB | 2.2/3.5 MB | 1.2/1.9 MB | 0.9/1.0 MB
Progress (5): 0.1/1.9 MB | 0.5/1.6 MB | 2.2/3.5 MB | 1.2/1.9 MB | 0.9/1.0 MB
Progress (5): 0.1/1.9 MB | 0.5/1.6 MB | 2.3/3.5 MB | 1.2/1.9 MB | 0.9/1.0 MB
Progress (5): 0.1/1.9 MB | 0.5/1.6 MB | 2.3/3.5 MB | 1.2/1.9 MB | 0.9/1.0 MB
Progress (5): 0.1/1.9 MB | 0.5/1.6 MB | 2.3/3.5 MB | 1.2/1.9 MB | 0.9/1.0 MB
Progress (5): 0.1/1.9 MB | 0.5/1.6 MB | 2.3/3.5 MB | 1.2/1.9 MB | 0.9/1.0 MB
Progress (5): 0.1/1.9 MB | 0.5/1.6 MB | 2.3/3.5 MB | 1.2/1.9 MB | 0.9/1.0 MB
Progress (5): 0.1/1.9 MB | 0.5/1.6 MB | 2.3/3.5 MB | 1.2/1.9 MB | 0.9/1.0 MB
Progress (5): 0.1/1.9 MB | 0.5/1.6 MB | 2.3/3.5 MB | 1.2/1.9 MB | 0.9/1.0 MB
Progress (5): 0.1/1.9 MB | 0.5/1.6 MB | 2.3/3.5 MB | 1.3/1.9 MB | 0.9/1.0 MB
Progress (5): 0.1/1.9 MB | 0.5/1.6 MB | 2.3/3.5 MB | 1.3/1.9 MB | 0.9/1.0 MB
Progress (5): 0.1/1.9 MB | 0.5/1.6 MB | 2.3/3.5 MB | 1.3/1.9 MB | 0.9/1.0 MB
Progress (5): 0.1/1.9 MB | 0.5/1.6 MB | 2.3/3.5 MB | 1.3/1.9 MB | 0.9/1.0 MB
Progress (5): 0.1/1.9 MB | 0.5/1.6 MB | 2.3/3.5 MB | 1.3/1.9 MB | 0.9/1.0 MB
Progress (5): 0.1/1.9 MB | 0.5/1.6 MB | 2.3/3.5 MB | 1.3/1.9 MB | 0.9/1.0 MB
Progress (5): 0.1/1.9 MB | 0.5/1.6 MB | 2.3/3.5 MB | 1.3/1.9 MB | 0.9/1.0 MB
Progress (5): 0.1/1.9 MB | 0.5/1.6 MB | 2.3/3.5 MB | 1.3/1.9 MB | 0.9/1.0 MB
Progress (5): 0.1/1.9 MB | 0.5/1.6 MB | 2.3/3.5 MB | 1.3/1.9 MB | 0.9/1.0 MB
Progress (5): 0.1/1.9 MB | 0.5/1.6 MB | 2.4/3.5 MB | 1.3/1.9 MB | 0.9/1.0 MB
Progress (5): 0.1/1.9 MB | 0.5/1.6 MB | 2.4/3.5 MB | 1.3/1.9 MB | 0.9/1.0 MB
Progress (5): 0.1/1.9 MB | 0.5/1.6 MB | 2.4/3.5 MB | 1.3/1.9 MB | 0.9/1.0 MB
Progress (5): 0.1/1.9 MB | 0.5/1.6 MB | 2.4/3.5 MB | 1.3/1.9 MB | 0.9/1.0 MB
Progress (5): 0.1/1.9 MB | 0.5/1.6 MB | 2.4/3.5 MB | 1.3/1.9 MB | 0.9/1.0 MB
Progress (5): 0.1/1.9 MB | 0.5/1.6 MB | 2.4/3.5 MB | 1.3/1.9 MB | 0.9/1.0 MB
Progress (5): 0.1/1.9 MB | 0.5/1.6 MB | 2.4/3.5 MB | 1.3/1.9 MB | 0.9/1.0 MB
Progress (5): 0.1/1.9 MB | 0.5/1.6 MB | 2.4/3.5 MB | 1.3/1.9 MB | 0.9/1.0 MB
Progress (5): 0.1/1.9 MB | 0.5/1.6 MB | 2.4/3.5 MB | 1.3/1.9 MB | 0.9/1.0 MB
Progress (5): 0.1/1.9 MB | 0.5/1.6 MB | 2.4/3.5 MB | 1.3/1.9 MB | 0.9/1.0 MB
Progress (5): 0.1/1.9 MB | 0.5/1.6 MB | 2.4/3.5 MB | 1.3/1.9 MB | 0.9/1.0 MB
Progress (5): 0.1/1.9 MB | 0.5/1.6 MB | 2.4/3.5 MB | 1.3/1.9 MB | 0.9/1.0 MB
Progress (5): 0.1/1.9 MB | 0.5/1.6 MB | 2.4/3.5 MB | 1.3/1.9 MB | 0.9/1.0 MB
Progress (5): 0.1/1.9 MB | 0.5/1.6 MB | 2.5/3.5 MB | 1.3/1.9 MB | 0.9/1.0 MB
Progress (5): 0.1/1.9 MB | 0.5/1.6 MB | 2.5/3.5 MB | 1.3/1.9 MB | 0.9/1.0 MB
Progress (5): 0.1/1.9 MB | 0.5/1.6 MB | 2.5/3.5 MB | 1.3/1.9 MB | 0.9/1.0 MB
Progress (5): 0.1/1.9 MB | 0.5/1.6 MB | 2.5/3.5 MB | 1.3/1.9 MB | 1.0/1.0 MB
Progress (5): 0.1/1.9 MB | 0.5/1.6 MB | 2.5/3.5 MB | 1.3/1.9 MB | 1.0/1.0 MB
Progress (5): 0.1/1.9 MB | 0.5/1.6 MB | 2.5/3.5 MB | 1.3/1.9 MB | 1.0/1.0 MB
Progress (5): 0.1/1.9 MB | 0.5/1.6 MB | 2.5/3.5 MB | 1.3/1.9 MB | 1.0/1.0 MB
Progress (5): 0.1/1.9 MB | 0.5/1.6 MB | 2.5/3.5 MB | 1.3/1.9 MB | 1.0/1.0 MB
Progress (5): 0.1/1.9 MB | 0.5/1.6 MB | 2.5/3.5 MB | 1.3/1.9 MB | 1.0/1.0 MB
Progress (5): 0.1/1.9 MB | 0.5/1.6 MB | 2.5/3.5 MB | 1.3/1.9 MB | 1.0/1.0 MB
Progress (5): 0.1/1.9 MB | 0.5/1.6 MB | 2.5/3.5 MB | 1.3/1.9 MB | 1.0/1.0 MB
Progress (5): 0.1/1.9 MB | 0.5/1.6 MB | 2.6/3.5 MB | 1.3/1.9 MB | 1.0/1.0 MB
Progress (5): 0.1/1.9 MB | 0.5/1.6 MB | 2.6/3.5 MB | 1.3/1.9 MB | 1.0/1.0 MB
Progress (5): 0.1/1.9 MB | 0.5/1.6 MB | 2.6/3.5 MB | 1.3/1.9 MB | 1.0/1.0 MB
Progress (5): 0.1/1.9 MB | 0.5/1.6 MB | 2.6/3.5 MB | 1.3/1.9 MB | 1.0/1.0 MB
Progress (5): 0.1/1.9 MB | 0.5/1.6 MB | 2.6/3.5 MB | 1.4/1.9 MB | 1.0/1.0 MB
Progress (5): 0.1/1.9 MB | 0.5/1.6 MB | 2.6/3.5 MB | 1.4/1.9 MB | 1.0/1.0 MB
Progress (5): 0.1/1.9 MB | 0.5/1.6 MB | 2.6/3.5 MB | 1.4/1.9 MB | 1.0/1.0 MB
Progress (5): 0.1/1.9 MB | 0.5/1.6 MB | 2.6/3.5 MB | 1.4/1.9 MB | 1.0/1.0 MB
Progress (5): 0.1/1.9 MB | 0.5/1.6 MB | 2.6/3.5 MB | 1.4/1.9 MB | 1.0/1.0 MB
Progress (5): 0.1/1.9 MB | 0.5/1.6 MB | 2.6/3.5 MB | 1.4/1.9 MB | 1.0/1.0 MB
Progress (5): 0.1/1.9 MB | 0.5/1.6 MB | 2.6/3.5 MB | 1.5/1.9 MB | 1.0/1.0 MB
Progress (5): 0.1/1.9 MB | 0.5/1.6 MB | 2.6/3.5 MB | 1.5/1.9 MB | 1.0/1.0 MB
Progress (5): 0.1/1.9 MB | 0.5/1.6 MB | 2.6/3.5 MB | 1.5/1.9 MB | 1.0/1.0 MB
Progress (5): 0.1/1.9 MB | 0.5/1.6 MB | 2.6/3.5 MB | 1.5/1.9 MB | 1.0/1.0 MB
Progress (5): 0.1/1.9 MB | 0.5/1.6 MB | 2.6/3.5 MB | 1.5/1.9 MB | 1.0 MB    
Progress (5): 0.1/1.9 MB | 0.5/1.6 MB | 2.6/3.5 MB | 1.5/1.9 MB | 1.0 MB
                                                                        
Downloaded from central: https://repo.maven.apache.org/maven2/org/springframework/spring-webmvc/6.1.1/spring-webmvc-6.1.1.jar (1.0 MB at 33 kB/s)
Downloading from central: https://repo.maven.apache.org/maven2/org/springframework/boot/spring-boot-starter-aop/3.2.0/spring-boot-starter-aop-3.2.0.jar
Progress (4): 0.1/1.9 MB | 0.5/1.6 MB | 2.6/3.5 MB | 1.5/1.9 MB
Progress (4): 0.1/1.9 MB | 0.5/1.6 MB | 2.6/3.5 MB | 1.5/1.9 MB
Progress (4): 0.1/1.9 MB | 0.5/1.6 MB | 2.7/3.5 MB | 1.5/1.9 MB
Progress (4): 0.1/1.9 MB | 0.5/1.6 MB | 2.7/3.5 MB | 1.5/1.9 MB
Progress (4): 0.1/1.9 MB | 0.5/1.6 MB | 2.7/3.5 MB | 1.5/1.9 MB
Progress (4): 0.1/1.9 MB | 0.5/1.6 MB | 2.7/3.5 MB | 1.5/1.9 MB
Progress (4): 0.1/1.9 MB | 0.5/1.6 MB | 2.7/3.5 MB | 1.5/1.9 MB
Progress (4): 0.1/1.9 MB | 0.5/1.6 MB | 2.7/3.5 MB | 1.5/1.9 MB
Progress (4): 0.1/1.9 MB | 0.5/1.6 MB | 2.7/3.5 MB | 1.5/1.9 MB
Progress (4): 0.1/1.9 MB | 0.5/1.6 MB | 2.7/3.5 MB | 1.5/1.9 MB
Progress (4): 0.1/1.9 MB | 0.5/1.6 MB | 2.7/3.5 MB | 1.5/1.9 MB
Progress (4): 0.1/1.9 MB | 0.5/1.6 MB | 2.7/3.5 MB | 1.5/1.9 MB
Progress (5): 0.1/1.9 MB | 0.5/1.6 MB | 2.7/3.5 MB | 1.5/1.9 MB | 4.8 kB
                                                                        
Downloaded from central: https://repo.maven.apache.org/maven2/org/springframework/boot/spring-boot-starter-aop/3.2.0/spring-boot-starter-aop-3.2.0.jar (4.8 kB at 148 B/s)
Downloading from central: https://repo.maven.apache.org/maven2/org/aspectj/aspectjweaver/1.9.20.1/aspectjweaver-1.9.20.1.jar
Progress (4): 0.1/1.9 MB | 0.5/1.6 MB | 2.8/3.5 MB | 1.5/1.9 MB
Progress (4): 0.1/1.9 MB | 0.6/1.6 MB | 2.8/3.5 MB | 1.5/1.9 MB
Progress (4): 0.1/1.9 MB | 0.6/1.6 MB | 2.8/3.5 MB | 1.6/1.9 MB
Progress (4): 0.1/1.9 MB | 0.6/1.6 MB | 2.8/3.5 MB | 1.6/1.9 MB
Progress (4): 0.1/1.9 MB | 0.6/1.6 MB | 2.8/3.5 MB | 1.6/1.9 MB
Progress (4): 0.1/1.9 MB | 0.6/1.6 MB | 2.8/3.5 MB | 1.6/1.9 MB
Progress (4): 0.1/1.9 MB | 0.6/1.6 MB | 2.8/3.5 MB | 1.6/1.9 MB
Progress (4): 0.1/1.9 MB | 0.6/1.6 MB | 2.8/3.5 MB | 1.6/1.9 MB
Progress (4): 0.1/1.9 MB | 0.6/1.6 MB | 2.8/3.5 MB | 1.6/1.9 MB
Progress (4): 0.1/1.9 MB | 0.6/1.6 MB | 2.8/3.5 MB | 1.6/1.9 MB
Progress (4): 0.1/1.9 MB | 0.6/1.6 MB | 2.8/3.5 MB | 1.6/1.9 MB
Progress (4): 0.1/1.9 MB | 0.6/1.6 MB | 2.8/3.5 MB | 1.6/1.9 MB
Progress (4): 0.1/1.9 MB | 0.6/1.6 MB | 2.9/3.5 MB | 1.6/1.9 MB
Progress (4): 0.1/1.9 MB | 0.6/1.6 MB | 2.9/3.5 MB | 1.6/1.9 MB
Progress (4): 0.1/1.9 MB | 0.6/1.6 MB | 2.9/3.5 MB | 1.6/1.9 MB
Progress (5): 0.1/1.9 MB | 0.6/1.6 MB | 2.9/3.5 MB | 1.6/1.9 MB | 0/2.1 MB
Progress (5): 0.1/1.9 MB | 0.6/1.6 MB | 2.9/3.5 MB | 1.6/1.9 MB | 0/2.1 MB
Progress (5): 0.1/1.9 MB | 0.6/1.6 MB | 2.9/3.5 MB | 1.6/1.9 MB | 0/2.1 MB
Progress (5): 0.1/1.9 MB | 0.6/1.6 MB | 2.9/3.5 MB | 1.6/1.9 MB | 0/2.1 MB
Progress (5): 0.1/1.9 MB | 0.6/1.6 MB | 2.9/3.5 MB | 1.6/1.9 MB | 0/2.1 MB
Progress (5): 0.1/1.9 MB | 0.6/1.6 MB | 2.9/3.5 MB | 1.7/1.9 MB | 0/2.1 MB
Progress (5): 0.1/1.9 MB | 0.6/1.6 MB | 2.9/3.5 MB | 1.7/1.9 MB | 0/2.1 MB
Progress (5): 0.1/1.9 MB | 0.6/1.6 MB | 2.9/3.5 MB | 1.7/1.9 MB | 0/2.1 MB
Progress (5): 0.1/1.9 MB | 0.6/1.6 MB | 2.9/3.5 MB | 1.7/1.9 MB | 0/2.1 MB
Progress (5): 0.1/1.9 MB | 0.6/1.6 MB | 3.0/3.5 MB | 1.7/1.9 MB | 0/2.1 MB
Progress (5): 0.1/1.9 MB | 0.6/1.6 MB | 3.0/3.5 MB | 1.7/1.9 MB | 0/2.1 MB
Progress (5): 0.1/1.9 MB | 0.6/1.6 MB | 3.0/3.5 MB | 1.7/1.9 MB | 0/2.1 MB
Progress (5): 0.1/1.9 MB | 0.6/1.6 MB | 3.0/3.5 MB | 1.7/1.9 MB | 0/2.1 MB
Progress (5): 0.1/1.9 MB | 0.6/1.6 MB | 3.0/3.5 MB | 1.7/1.9 MB | 0/2.1 MB
Progress (5): 0.1/1.9 MB | 0.6/1.6 MB | 3.0/3.5 MB | 1.7/1.9 MB | 0/2.1 MB
Progress (5): 0.1/1.9 MB | 0.6/1.6 MB | 3.0/3.5 MB | 1.7/1.9 MB | 0.1/2.1 MB
Progress (5): 0.1/1.9 MB | 0.6/1.6 MB | 3.0/3.5 MB | 1.7/1.9 MB | 0.1/2.1 MB
Progress (5): 0.1/1.9 MB | 0.6/1.6 MB | 3.0/3.5 MB | 1.7/1.9 MB | 0.1/2.1 MB
Progress (5): 0.1/1.9 MB | 0.6/1.6 MB | 3.0/3.5 MB | 1.7/1.9 MB | 0.1/2.1 MB
Progress (5): 0.1/1.9 MB | 0.6/1.6 MB | 3.0/3.5 MB | 1.7/1.9 MB | 0.1/2.1 MB
Progress (5): 0.1/1.9 MB | 0.6/1.6 MB | 3.0/3.5 MB | 1.7/1.9 MB | 0.1/2.1 MB
Progress (5): 0.1/1.9 MB | 0.6/1.6 MB | 3.0/3.5 MB | 1.7/1.9 MB | 0.1/2.1 MB
Progress (5): 0.1/1.9 MB | 0.6/1.6 MB | 3.0/3.5 MB | 1.7/1.9 MB | 0.1/2.1 MB
Progress (5): 0.1/1.9 MB | 0.6/1.6 MB | 3.1/3.5 MB | 1.7/1.9 MB | 0.1/2.1 MB
Progress (5): 0.1/1.9 MB | 0.6/1.6 MB | 3.1/3.5 MB | 1.7/1.9 MB | 0.1/2.1 MB
Progress (5): 0.1/1.9 MB | 0.6/1.6 MB | 3.1/3.5 MB | 1.7/1.9 MB | 0.1/2.1 MB
Progress (5): 0.1/1.9 MB | 0.6/1.6 MB | 3.1/3.5 MB | 1.7/1.9 MB | 0.1/2.1 MB
Progress (5): 0.1/1.9 MB | 0.6/1.6 MB | 3.1/3.5 MB | 1.7/1.9 MB | 0.1/2.1 MB
Progress (5): 0.1/1.9 MB | 0.6/1.6 MB | 3.1/3.5 MB | 1.7/1.9 MB | 0.1/2.1 MB
Progress (5): 0.1/1.9 MB | 0.6/1.6 MB | 3.1/3.5 MB | 1.7/1.9 MB | 0.1/2.1 MB
Progress (5): 0.1/1.9 MB | 0.6/1.6 MB | 3.1/3.5 MB | 1.7/1.9 MB | 0.1/2.1 MB
Progress (5): 0.1/1.9 MB | 0.6/1.6 MB | 3.1/3.5 MB | 1.7/1.9 MB | 0.1/2.1 MB
Progress (5): 0.1/1.9 MB | 0.6/1.6 MB | 3.1/3.5 MB | 1.7/1.9 MB | 0.1/2.1 MB
Progress (5): 0.1/1.9 MB | 0.6/1.6 MB | 3.2/3.5 MB | 1.7/1.9 MB | 0.1/2.1 MB
Progress (5): 0.1/1.9 MB | 0.6/1.6 MB | 3.2/3.5 MB | 1.7/1.9 MB | 0.1/2.1 MB
Progress (5): 0.1/1.9 MB | 0.6/1.6 MB | 3.2/3.5 MB | 1.7/1.9 MB | 0.1/2.1 MB
Progress (5): 0.1/1.9 MB | 0.6/1.6 MB | 3.2/3.5 MB | 1.7/1.9 MB | 0.1/2.1 MB
Progress (5): 0.1/1.9 MB | 0.6/1.6 MB | 3.2/3.5 MB | 1.7/1.9 MB | 0.2/2.1 MB
Progress (5): 0.1/1.9 MB | 0.6/1.6 MB | 3.2/3.5 MB | 1.7/1.9 MB | 0.2/2.1 MB
Progress (5): 0.1/1.9 MB | 0.6/1.6 MB | 3.2/3.5 MB | 1.7/1.9 MB | 0.2/2.1 MB
Progress (5): 0.1/1.9 MB | 0.6/1.6 MB | 3.2/3.5 MB | 1.7/1.9 MB | 0.2/2.1 MB
Progress (5): 0.1/1.9 MB | 0.6/1.6 MB | 3.2/3.5 MB | 1.7/1.9 MB | 0.2/2.1 MB
Progress (5): 0.1/1.9 MB | 0.6/1.6 MB | 3.2/3.5 MB | 1.7/1.9 MB | 0.2/2.1 MB
Progress (5): 0.1/1.9 MB | 0.6/1.6 MB | 3.2/3.5 MB | 1.7/1.9 MB | 0.2/2.1 MB
Progress (5): 0.1/1.9 MB | 0.6/1.6 MB | 3.2/3.5 MB | 1.7/1.9 MB | 0.2/2.1 MB
Progress (5): 0.1/1.9 MB | 0.6/1.6 MB | 3.2/3.5 MB | 1.7/1.9 MB | 0.2/2.1 MB
Progress (5): 0.1/1.9 MB | 0.6/1.6 MB | 3.2/3.5 MB | 1.7/1.9 MB | 0.2/2.1 MB
Progress (5): 0.1/1.9 MB | 0.6/1.6 MB | 3.2/3.5 MB | 1.7/1.9 MB | 0.2/2.1 MB
Progress (5): 0.1/1.9 MB | 0.6/1.6 MB | 3.2/3.5 MB | 1.7/1.9 MB | 0.2/2.1 MB
Progress (5): 0.1/1.9 MB | 0.6/1.6 MB | 3.2/3.5 MB | 1.8/1.9 MB | 0.2/2.1 MB
Progress (5): 0.1/1.9 MB | 0.6/1.6 MB | 3.2/3.5 MB | 1.8/1.9 MB | 0.2/2.1 MB
Progress (5): 0.1/1.9 MB | 0.6/1.6 MB | 3.2/3.5 MB | 1.8/1.9 MB | 0.2/2.1 MB
Progress (5): 0.1/1.9 MB | 0.6/1.6 MB | 3.2/3.5 MB | 1.8/1.9 MB | 0.3/2.1 MB
Progress (5): 0.1/1.9 MB | 0.6/1.6 MB | 3.3/3.5 MB | 1.8/1.9 MB | 0.3/2.1 MB
Progress (5): 0.1/1.9 MB | 0.6/1.6 MB | 3.3/3.5 MB | 1.8/1.9 MB | 0.3/2.1 MB
Progress (5): 0.1/1.9 MB | 0.6/1.6 MB | 3.3/3.5 MB | 1.8/1.9 MB | 0.3/2.1 MB
Progress (5): 0.1/1.9 MB | 0.6/1.6 MB | 3.3/3.5 MB | 1.8/1.9 MB | 0.3/2.1 MB
Progress (5): 0.1/1.9 MB | 0.6/1.6 MB | 3.3/3.5 MB | 1.8/1.9 MB | 0.3/2.1 MB
Progress (5): 0.1/1.9 MB | 0.6/1.6 MB | 3.3/3.5 MB | 1.8/1.9 MB | 0.3/2.1 MB
Progress (5): 0.1/1.9 MB | 0.6/1.6 MB | 3.3/3.5 MB | 1.8/1.9 MB | 0.3/2.1 MB
Progress (5): 0.1/1.9 MB | 0.6/1.6 MB | 3.3/3.5 MB | 1.8/1.9 MB | 0.3/2.1 MB
Progress (5): 0.1/1.9 MB | 0.6/1.6 MB | 3.3/3.5 MB | 1.8/1.9 MB | 0.3/2.1 MB
Progress (5): 0.1/1.9 MB | 0.6/1.6 MB | 3.3/3.5 MB | 1.8/1.9 MB | 0.3/2.1 MB
Progress (5): 0.1/1.9 MB | 0.6/1.6 MB | 3.3/3.5 MB | 1.8/1.9 MB | 0.3/2.1 MB
Progress (5): 0.1/1.9 MB | 0.6/1.6 MB | 3.3/3.5 MB | 1.8/1.9 MB | 0.3/2.1 MB
Progress (5): 0.1/1.9 MB | 0.6/1.6 MB | 3.3/3.5 MB | 1.8/1.9 MB | 0.3/2.1 MB
Progress (5): 0.1/1.9 MB | 0.6/1.6 MB | 3.3/3.5 MB | 1.8/1.9 MB | 0.3/2.1 MB
Progress (5): 0.1/1.9 MB | 0.6/1.6 MB | 3.3/3.5 MB | 1.8/1.9 MB | 0.4/2.1 MB
Progress (5): 0.1/1.9 MB | 0.6/1.6 MB | 3.3/3.5 MB | 1.8/1.9 MB | 0.4/2.1 MB
Progress (5): 0.1/1.9 MB | 0.6/1.6 MB | 3.3/3.5 MB | 1.8/1.9 MB | 0.4/2.1 MB
Progress (5): 0.1/1.9 MB | 0.6/1.6 MB | 3.3/3.5 MB | 1.8/1.9 MB | 0.4/2.1 MB
Progress (5): 0.1/1.9 MB | 0.6/1.6 MB | 3.3/3.5 MB | 1.8/1.9 MB | 0.4/2.1 MB
Progress (5): 0.1/1.9 MB | 0.6/1.6 MB | 3.4/3.5 MB | 1.8/1.9 MB | 0.4/2.1 MB
Progress (5): 0.1/1.9 MB | 0.6/1.6 MB | 3.4/3.5 MB | 1.8/1.9 MB | 0.4/2.1 MB
Progress (5): 0.1/1.9 MB | 0.6/1.6 MB | 3.4/3.5 MB | 1.8/1.9 MB | 0.4/2.1 MB
Progress (5): 0.1/1.9 MB | 0.6/1.6 MB | 3.4/3.5 MB | 1.8/1.9 MB | 0.4/2.1 MB
Progress (5): 0.1/1.9 MB | 0.6/1.6 MB | 3.4/3.5 MB | 1.8/1.9 MB | 0.4/2.1 MB
Progress (5): 0.1/1.9 MB | 0.6/1.6 MB | 3.4/3.5 MB | 1.8/1.9 MB | 0.4/2.1 MB
Progress (5): 0.1/1.9 MB | 0.6/1.6 MB | 3.4/3.5 MB | 1.8/1.9 MB | 0.4/2.1 MB
Progress (5): 0.1/1.9 MB | 0.6/1.6 MB | 3.4/3.5 MB | 1.8/1.9 MB | 0.4/2.1 MB
Progress (5): 0.1/1.9 MB | 0.6/1.6 MB | 3.4/3.5 MB | 1.8/1.9 MB | 0.4/2.1 MB
Progress (5): 0.1/1.9 MB | 0.6/1.6 MB | 3.4/3.5 MB | 1.8/1.9 MB | 0.4/2.1 MB
Progress (5): 0.1/1.9 MB | 0.6/1.6 MB | 3.4/3.5 MB | 1.8/1.9 MB | 0.4/2.1 MB
Progress (5): 0.1/1.9 MB | 0.6/1.6 MB | 3.4/3.5 MB | 1.8/1.9 MB | 0.4/2.1 MB
Progress (5): 0.1/1.9 MB | 0.6/1.6 MB | 3.4/3.5 MB | 1.8/1.9 MB | 0.4/2.1 MB
Progress (5): 0.1/1.9 MB | 0.6/1.6 MB | 3.4/3.5 MB | 1.8/1.9 MB | 0.5/2.1 MB
Progress (5): 0.1/1.9 MB | 0.6/1.6 MB | 3.4/3.5 MB | 1.8/1.9 MB | 0.5/2.1 MB
Progress (5): 0.1/1.9 MB | 0.6/1.6 MB | 3.4/3.5 MB | 1.9 MB | 0.5/2.1 MB    
                                                                        
Downloaded from central: https://repo.maven.apache.org/maven2/org/springframework/spring-web/6.1.1/spring-web-6.1.1.jar (1.9 MB at 54 kB/s)
Downloading from central: https://repo.maven.apache.org/maven2/org/springframework/kafka/spring-kafka/3.1.0/spring-kafka-3.1.0.jar
Progress (4): 0.1/1.9 MB | 0.6/1.6 MB | 3.5/3.5 MB | 0.5/2.1 MB
Progress (4): 0.1/1.9 MB | 0.6/1.6 MB | 3.5/3.5 MB | 0.5/2.1 MB
Progress (4): 0.1/1.9 MB | 0.6/1.6 MB | 3.5/3.5 MB | 0.5/2.1 MB
Progress (4): 0.1/1.9 MB | 0.6/1.6 MB | 3.5/3.5 MB | 0.5/2.1 MB
Progress (4): 0.1/1.9 MB | 0.6/1.6 MB | 3.5 MB | 0.5/2.1 MB    
                                                           
Downloaded from central: https://repo.maven.apache.org/maven2/org/apache/tomcat/embed/tomcat-embed-core/10.1.16/tomcat-embed-core-10.1.16.jar (3.5 MB at 102 kB/s)
Downloading from central: https://repo.maven.apache.org/maven2/org/springframework/spring-messaging/6.1.1/spring-messaging-6.1.1.jar
Progress (3): 0.1/1.9 MB | 0.6/1.6 MB | 0.5/2.1 MB
Progress (3): 0.1/1.9 MB | 0.6/1.6 MB | 0.5/2.1 MB
Progress (3): 0.1/1.9 MB | 0.6/1.6 MB | 0.5/2.1 MB
Progress (3): 0.1/1.9 MB | 0.6/1.6 MB | 0.5/2.1 MB
Progress (3): 0.1/1.9 MB | 0.7/1.6 MB | 0.5/2.1 MB
Progress (3): 0.1/1.9 MB | 0.7/1.6 MB | 0.5/2.1 MB
Progress (3): 0.1/1.9 MB | 0.7/1.6 MB | 0.6/2.1 MB
Progress (4): 0.1/1.9 MB | 0.7/1.6 MB | 0.6/2.1 MB | 7.7/803 kB
Progress (4): 0.1/1.9 MB | 0.7/1.6 MB | 0.6/2.1 MB | 16/803 kB 
Progress (5): 0.1/1.9 MB | 0.7/1.6 MB | 0.6/2.1 MB | 16/803 kB | 7.7/612 kB
Progress (5): 0.1/1.9 MB | 0.7/1.6 MB | 0.6/2.1 MB | 16/803 kB | 16/612 kB 
Progress (5): 0.1/1.9 MB | 0.7/1.6 MB | 0.6/2.1 MB | 16/803 kB | 16/612 kB
Progress (5): 0.1/1.9 MB | 0.7/1.6 MB | 0.6/2.1 MB | 16/803 kB | 32/612 kB
Progress (5): 0.1/1.9 MB | 0.7/1.6 MB | 0.6/2.1 MB | 16/803 kB | 49/612 kB
Progress (5): 0.1/1.9 MB | 0.7/1.6 MB | 0.6/2.1 MB | 16/803 kB | 57/612 kB
Progress (5): 0.1/1.9 MB | 0.7/1.6 MB | 0.6/2.1 MB | 16/803 kB | 57/612 kB
Progress (5): 0.1/1.9 MB | 0.7/1.6 MB | 0.6/2.1 MB | 28/803 kB | 57/612 kB
Progress (5): 0.1/1.9 MB | 0.7/1.6 MB | 0.6/2.1 MB | 28/803 kB | 74/612 kB
Progress (5): 0.1/1.9 MB | 0.7/1.6 MB | 0.6/2.1 MB | 28/803 kB | 74/612 kB
Progress (5): 0.1/1.9 MB | 0.7/1.6 MB | 0.6/2.1 MB | 28/803 kB | 74/612 kB
Progress (5): 0.1/1.9 MB | 0.7/1.6 MB | 0.6/2.1 MB | 44/803 kB | 74/612 kB
Progress (5): 0.1/1.9 MB | 0.7/1.6 MB | 0.6/2.1 MB | 44/803 kB | 74/612 kB
Progress (5): 0.1/1.9 MB | 0.7/1.6 MB | 0.6/2.1 MB | 44/803 kB | 74/612 kB
Progress (5): 0.1/1.9 MB | 0.7/1.6 MB | 0.7/2.1 MB | 44/803 kB | 74/612 kB
Progress (5): 0.1/1.9 MB | 0.7/1.6 MB | 0.7/2.1 MB | 44/803 kB | 74/612 kB
Progress (5): 0.1/1.9 MB | 0.7/1.6 MB | 0.7/2.1 MB | 44/803 kB | 74/612 kB
Progress (5): 0.1/1.9 MB | 0.7/1.6 MB | 0.7/2.1 MB | 44/803 kB | 90/612 kB
Progress (5): 0.1/1.9 MB | 0.7/1.6 MB | 0.7/2.1 MB | 44/803 kB | 106/612 kB
Progress (5): 0.1/1.9 MB | 0.7/1.6 MB | 0.7/2.1 MB | 44/803 kB | 123/612 kB
Progress (5): 0.1/1.9 MB | 0.7/1.6 MB | 0.7/2.1 MB | 44/803 kB | 139/612 kB
Progress (5): 0.1/1.9 MB | 0.7/1.6 MB | 0.7/2.1 MB | 44/803 kB | 156/612 kB
Progress (5): 0.1/1.9 MB | 0.7/1.6 MB | 0.7/2.1 MB | 44/803 kB | 172/612 kB
Progress (5): 0.1/1.9 MB | 0.7/1.6 MB | 0.7/2.1 MB | 44/803 kB | 172/612 kB
Progress (5): 0.1/1.9 MB | 0.7/1.6 MB | 0.7/2.1 MB | 44/803 kB | 188/612 kB
Progress (5): 0.1/1.9 MB | 0.7/1.6 MB | 0.7/2.1 MB | 44/803 kB | 205/612 kB
Progress (5): 0.1/1.9 MB | 0.7/1.6 MB | 0.7/2.1 MB | 44/803 kB | 221/612 kB
Progress (5): 0.1/1.9 MB | 0.7/1.6 MB | 0.7/2.1 MB | 44/803 kB | 238/612 kB
Progress (5): 0.1/1.9 MB | 0.7/1.6 MB | 0.7/2.1 MB | 44/803 kB | 254/612 kB
Progress (5): 0.1/1.9 MB | 0.7/1.6 MB | 0.7/2.1 MB | 44/803 kB | 270/612 kB
Progress (5): 0.1/1.9 MB | 0.7/1.6 MB | 0.7/2.1 MB | 44/803 kB | 287/612 kB
Progress (5): 0.1/1.9 MB | 0.7/1.6 MB | 0.7/2.1 MB | 44/803 kB | 303/612 kB
Progress (5): 0.1/1.9 MB | 0.7/1.6 MB | 0.7/2.1 MB | 44/803 kB | 319/612 kB
Progress (5): 0.1/1.9 MB | 0.7/1.6 MB | 0.7/2.1 MB | 44/803 kB | 323/612 kB
Progress (5): 0.1/1.9 MB | 0.7/1.6 MB | 0.7/2.1 MB | 44/803 kB | 331/612 kB
Progress (5): 0.1/1.9 MB | 0.7/1.6 MB | 0.7/2.1 MB | 61/803 kB | 331/612 kB
Progress (5): 0.1/1.9 MB | 0.7/1.6 MB | 0.7/2.1 MB | 77/803 kB | 331/612 kB
Progress (5): 0.1/1.9 MB | 0.7/1.6 MB | 0.7/2.1 MB | 93/803 kB | 331/612 kB
Progress (5): 0.1/1.9 MB | 0.7/1.6 MB | 0.7/2.1 MB | 93/803 kB | 331/612 kB
Progress (5): 0.1/1.9 MB | 0.7/1.6 MB | 0.7/2.1 MB | 93/803 kB | 331/612 kB
Progress (5): 0.1/1.9 MB | 0.7/1.6 MB | 0.7/2.1 MB | 93/803 kB | 331/612 kB
Progress (5): 0.1/1.9 MB | 0.7/1.6 MB | 0.7/2.1 MB | 93/803 kB | 331/612 kB
Progress (5): 0.1/1.9 MB | 0.7/1.6 MB | 0.8/2.1 MB | 93/803 kB | 331/612 kB
Progress (5): 0.1/1.9 MB | 0.7/1.6 MB | 0.8/2.1 MB | 93/803 kB | 347/612 kB
Progress (5): 0.1/1.9 MB | 0.7/1.6 MB | 0.8/2.1 MB | 93/803 kB | 355/612 kB
Progress (5): 0.1/1.9 MB | 0.7/1.6 MB | 0.8/2.1 MB | 93/803 kB | 355/612 kB
Progress (5): 0.1/1.9 MB | 0.7/1.6 MB | 0.8/2.1 MB | 93/803 kB | 364/612 kB
Progress (5): 0.1/1.9 MB | 0.7/1.6 MB | 0.8/2.1 MB | 93/803 kB | 364/612 kB
Progress (5): 0.1/1.9 MB | 0.7/1.6 MB | 0.8/2.1 MB | 93/803 kB | 380/612 kB
Progress (5): 0.1/1.9 MB | 0.7/1.6 MB | 0.8/2.1 MB | 93/803 kB | 388/612 kB
Progress (5): 0.1/1.9 MB | 0.7/1.6 MB | 0.8/2.1 MB | 93/803 kB | 396/612 kB
Progress (5): 0.1/1.9 MB | 0.7/1.6 MB | 0.8/2.1 MB | 93/803 kB | 413/612 kB
Progress (5): 0.1/1.9 MB | 0.7/1.6 MB | 0.8/2.1 MB | 93/803 kB | 421/612 kB
Progress (5): 0.1/1.9 MB | 0.7/1.6 MB | 0.8/2.1 MB | 110/803 kB | 421/612 kB
Progress (5): 0.1/1.9 MB | 0.7/1.6 MB | 0.8/2.1 MB | 126/803 kB | 421/612 kB
Progress (5): 0.1/1.9 MB | 0.7/1.6 MB | 0.8/2.1 MB | 142/803 kB | 421/612 kB
Progress (5): 0.1/1.9 MB | 0.7/1.6 MB | 0.8/2.1 MB | 142/803 kB | 437/612 kB
Progress (5): 0.1/1.9 MB | 0.7/1.6 MB | 0.8/2.1 MB | 142/803 kB | 454/612 kB
Progress (5): 0.1/1.9 MB | 0.7/1.6 MB | 0.8/2.1 MB | 159/803 kB | 454/612 kB
Progress (5): 0.1/1.9 MB | 0.7/1.6 MB | 0.8/2.1 MB | 159/803 kB | 470/612 kB
Progress (5): 0.1/1.9 MB | 0.7/1.6 MB | 0.8/2.1 MB | 175/803 kB | 470/612 kB
Progress (5): 0.1/1.9 MB | 0.7/1.6 MB | 0.8/2.1 MB | 175/803 kB | 487/612 kB
Progress (5): 0.1/1.9 MB | 0.7/1.6 MB | 0.8/2.1 MB | 175/803 kB | 487/612 kB
Progress (5): 0.1/1.9 MB | 0.7/1.6 MB | 0.8/2.1 MB | 175/803 kB | 487/612 kB
Progress (5): 0.1/1.9 MB | 0.7/1.6 MB | 0.8/2.1 MB | 175/803 kB | 503/612 kB
Progress (5): 0.1/1.9 MB | 0.7/1.6 MB | 0.8/2.1 MB | 175/803 kB | 519/612 kB
Progress (5): 0.1/1.9 MB | 0.7/1.6 MB | 0.8/2.1 MB | 175/803 kB | 536/612 kB
Progress (5): 0.1/1.9 MB | 0.7/1.6 MB | 0.8/2.1 MB | 175/803 kB | 536/612 kB
Progress (5): 0.1/1.9 MB | 0.7/1.6 MB | 0.8/2.1 MB | 175/803 kB | 552/612 kB
Progress (5): 0.1/1.9 MB | 0.7/1.6 MB | 0.9/2.1 MB | 175/803 kB | 552/612 kB
Progress (5): 0.1/1.9 MB | 0.7/1.6 MB | 0.9/2.1 MB | 175/803 kB | 552/612 kB
Progress (5): 0.1/1.9 MB | 0.7/1.6 MB | 0.9/2.1 MB | 175/803 kB | 568/612 kB
Progress (5): 0.1/1.9 MB | 0.7/1.6 MB | 0.9/2.1 MB | 175/803 kB | 585/612 kB
Progress (5): 0.1/1.9 MB | 0.7/1.6 MB | 0.9/2.1 MB | 175/803 kB | 585/612 kB
Progress (5): 0.1/1.9 MB | 0.7/1.6 MB | 0.9/2.1 MB | 175/803 kB | 585/612 kB
Progress (5): 0.1/1.9 MB | 0.7/1.6 MB | 0.9/2.1 MB | 175/803 kB | 585/612 kB
Progress (5): 0.1/1.9 MB | 0.7/1.6 MB | 0.9/2.1 MB | 175/803 kB | 585/612 kB
Progress (5): 0.1/1.9 MB | 0.7/1.6 MB | 0.9/2.1 MB | 175/803 kB | 601/612 kB
Progress (5): 0.1/1.9 MB | 0.7/1.6 MB | 0.9/2.1 MB | 175/803 kB | 612 kB    
Progress (5): 0.1/1.9 MB | 0.7/1.6 MB | 0.9/2.1 MB | 175/803 kB | 612 kB
                                                                        
Downloaded from central: https://repo.maven.apache.org/maven2/org/springframework/spring-messaging/6.1.1/spring-messaging-6.1.1.jar (612 kB at 17 kB/s)
Downloading from central: https://repo.maven.apache.org/maven2/org/springframework/spring-tx/6.1.1/spring-tx-6.1.1.jar
Progress (4): 0.1/1.9 MB | 0.7/1.6 MB | 0.9/2.1 MB | 175/803 kB
Progress (4): 0.1/1.9 MB | 0.7/1.6 MB | 0.9/2.1 MB | 192/803 kB
Progress (4): 0.1/1.9 MB | 0.7/1.6 MB | 0.9/2.1 MB | 208/803 kB
Progress (4): 0.1/1.9 MB | 0.7/1.6 MB | 0.9/2.1 MB | 224/803 kB
Progress (4): 0.1/1.9 MB | 0.7/1.6 MB | 0.9/2.1 MB | 241/803 kB
Progress (4): 0.1/1.9 MB | 0.7/1.6 MB | 0.9/2.1 MB | 241/803 kB
Progress (4): 0.1/1.9 MB | 0.7/1.6 MB | 0.9/2.1 MB | 257/803 kB
Progress (4): 0.1/1.9 MB | 0.7/1.6 MB | 1.0/2.1 MB | 257/803 kB
Progress (4): 0.1/1.9 MB | 0.7/1.6 MB | 1.0/2.1 MB | 274/803 kB
Progress (4): 0.1/1.9 MB | 0.7/1.6 MB | 1.0/2.1 MB | 290/803 kB
Progress (4): 0.1/1.9 MB | 0.7/1.6 MB | 1.0/2.1 MB | 290/803 kB
Progress (4): 0.1/1.9 MB | 0.7/1.6 MB | 1.0/2.1 MB | 290/803 kB
Progress (5): 0.1/1.9 MB | 0.7/1.6 MB | 1.0/2.1 MB | 290/803 kB | 7.7/284 kB
Progress (5): 0.1/1.9 MB | 0.7/1.6 MB | 1.0/2.1 MB | 290/803 kB | 16/284 kB 
Progress (5): 0.1/1.9 MB | 0.7/1.6 MB | 1.0/2.1 MB | 290/803 kB | 20/284 kB
Progress (5): 0.1/1.9 MB | 0.7/1.6 MB | 1.0/2.1 MB | 290/803 kB | 20/284 kB
Progress (5): 0.1/1.9 MB | 0.7/1.6 MB | 1.0/2.1 MB | 290/803 kB | 20/284 kB
Progress (5): 0.1/1.9 MB | 0.7/1.6 MB | 1.0/2.1 MB | 290/803 kB | 37/284 kB
Progress (5): 0.1/1.9 MB | 0.7/1.6 MB | 1.0/2.1 MB | 290/803 kB | 53/284 kB
Progress (5): 0.1/1.9 MB | 0.7/1.6 MB | 1.0/2.1 MB | 290/803 kB | 53/284 kB
Progress (5): 0.1/1.9 MB | 0.7/1.6 MB | 1.0/2.1 MB | 290/803 kB | 69/284 kB
Progress (5): 0.1/1.9 MB | 0.7/1.6 MB | 1.0/2.1 MB | 306/803 kB | 69/284 kB
Progress (5): 0.1/1.9 MB | 0.7/1.6 MB | 1.0/2.1 MB | 306/803 kB | 86/284 kB
Progress (5): 0.1/1.9 MB | 0.7/1.6 MB | 1.0/2.1 MB | 306/803 kB | 102/284 kB
Progress (5): 0.1/1.9 MB | 0.7/1.6 MB | 1.0/2.1 MB | 306/803 kB | 119/284 kB
Progress (5): 0.1/1.9 MB | 0.7/1.6 MB | 1.0/2.1 MB | 323/803 kB | 119/284 kB
Progress (5): 0.1/1.9 MB | 0.7/1.6 MB | 1.0/2.1 MB | 323/803 kB | 135/284 kB
Progress (5): 0.1/1.9 MB | 0.7/1.6 MB | 1.0/2.1 MB | 323/803 kB | 135/284 kB
Progress (5): 0.1/1.9 MB | 0.7/1.6 MB | 1.1/2.1 MB | 323/803 kB | 135/284 kB
Progress (5): 0.1/1.9 MB | 0.7/1.6 MB | 1.1/2.1 MB | 323/803 kB | 135/284 kB
Progress (5): 0.1/1.9 MB | 0.7/1.6 MB | 1.1/2.1 MB | 323/803 kB | 151/284 kB
Progress (5): 0.1/1.9 MB | 0.7/1.6 MB | 1.1/2.1 MB | 323/803 kB | 168/284 kB
Progress (5): 0.1/1.9 MB | 0.7/1.6 MB | 1.1/2.1 MB | 323/803 kB | 184/284 kB
Progress (5): 0.1/1.9 MB | 0.7/1.6 MB | 1.1/2.1 MB | 323/803 kB | 201/284 kB
Progress (5): 0.1/1.9 MB | 0.7/1.6 MB | 1.1/2.1 MB | 323/803 kB | 217/284 kB
Progress (5): 0.1/1.9 MB | 0.7/1.6 MB | 1.1/2.1 MB | 323/803 kB | 233/284 kB
Progress (5): 0.1/1.9 MB | 0.7/1.6 MB | 1.1/2.1 MB | 323/803 kB | 233/284 kB
Progress (5): 0.1/1.9 MB | 0.7/1.6 MB | 1.1/2.1 MB | 339/803 kB | 233/284 kB
Progress (5): 0.1/1.9 MB | 0.7/1.6 MB | 1.1/2.1 MB | 339/803 kB | 233/284 kB
Progress (5): 0.1/1.9 MB | 0.7/1.6 MB | 1.1/2.1 MB | 339/803 kB | 233/284 kB
Progress (5): 0.1/1.9 MB | 0.7/1.6 MB | 1.1/2.1 MB | 339/803 kB | 233/284 kB
Progress (5): 0.1/1.9 MB | 0.7/1.6 MB | 1.1/2.1 MB | 339/803 kB | 233/284 kB
Progress (5): 0.1/1.9 MB | 0.7/1.6 MB | 1.2/2.1 MB | 339/803 kB | 233/284 kB
Progress (5): 0.1/1.9 MB | 0.7/1.6 MB | 1.2/2.1 MB | 355/803 kB | 233/284 kB
Progress (5): 0.1/1.9 MB | 0.7/1.6 MB | 1.2/2.1 MB | 372/803 kB | 233/284 kB
Progress (5): 0.1/1.9 MB | 0.7/1.6 MB | 1.2/2.1 MB | 388/803 kB | 233/284 kB
Progress (5): 0.1/1.9 MB | 0.7/1.6 MB | 1.2/2.1 MB | 405/803 kB | 233/284 kB
Progress (5): 0.1/1.9 MB | 0.7/1.6 MB | 1.2/2.1 MB | 405/803 kB | 233/284 kB
Progress (5): 0.1/1.9 MB | 0.7/1.6 MB | 1.2/2.1 MB | 405/803 kB | 233/284 kB
Progress (5): 0.1/1.9 MB | 0.7/1.6 MB | 1.2/2.1 MB | 405/803 kB | 233/284 kB
Progress (5): 0.1/1.9 MB | 0.7/1.6 MB | 1.2/2.1 MB | 405/803 kB | 233/284 kB
Progress (5): 0.1/1.9 MB | 0.7/1.6 MB | 1.2/2.1 MB | 421/803 kB | 233/284 kB
Progress (5): 0.1/1.9 MB | 0.7/1.6 MB | 1.2/2.1 MB | 437/803 kB | 233/284 kB
Progress (5): 0.1/1.9 MB | 0.8/1.6 MB | 1.2/2.1 MB | 437/803 kB | 233/284 kB
Progress (5): 0.1/1.9 MB | 0.8/1.6 MB | 1.2/2.1 MB | 437/803 kB | 233/284 kB
Progress (5): 0.1/1.9 MB | 0.8/1.6 MB | 1.2/2.1 MB | 437/803 kB | 233/284 kB
Progress (5): 0.1/1.9 MB | 0.8/1.6 MB | 1.3/2.1 MB | 437/803 kB | 233/284 kB
Progress (5): 0.1/1.9 MB | 0.8/1.6 MB | 1.3/2.1 MB | 454/803 kB | 233/284 kB
Progress (5): 0.1/1.9 MB | 0.8/1.6 MB | 1.3/2.1 MB | 454/803 kB | 233/284 kB
Progress (5): 0.1/1.9 MB | 0.8/1.6 MB | 1.3/2.1 MB | 470/803 kB | 233/284 kB
Progress (5): 0.1/1.9 MB | 0.8/1.6 MB | 1.3/2.1 MB | 487/803 kB | 233/284 kB
Progress (5): 0.1/1.9 MB | 0.8/1.6 MB | 1.3/2.1 MB | 487/803 kB | 250/284 kB
Progress (5): 0.1/1.9 MB | 0.8/1.6 MB | 1.3/2.1 MB | 487/803 kB | 266/284 kB
Progress (5): 0.1/1.9 MB | 0.8/1.6 MB | 1.3/2.1 MB | 487/803 kB | 282/284 kB
Progress (5): 0.1/1.9 MB | 0.8/1.6 MB | 1.3/2.1 MB | 487/803 kB | 284 kB    
                                                                        
Downloaded from central: https://repo.maven.apache.org/maven2/org/springframework/spring-tx/6.1.1/spring-tx-6.1.1.jar (284 kB at 7.5 kB/s)
Downloading from central: https://repo.maven.apache.org/maven2/org/springframework/retry/spring-retry/2.0.4/spring-retry-2.0.4.jar
Progress (4): 0.1/1.9 MB | 0.8/1.6 MB | 1.3/2.1 MB | 487/803 kB
Progress (4): 0.1/1.9 MB | 0.8/1.6 MB | 1.3/2.1 MB | 487/803 kB
Progress (4): 0.1/1.9 MB | 0.8/1.6 MB | 1.3/2.1 MB | 503/803 kB
Progress (4): 0.1/1.9 MB | 0.8/1.6 MB | 1.3/2.1 MB | 519/803 kB
Progress (4): 0.1/1.9 MB | 0.8/1.6 MB | 1.3/2.1 MB | 519/803 kB
Progress (4): 0.1/1.9 MB | 0.8/1.6 MB | 1.3/2.1 MB | 519/803 kB
Progress (4): 0.1/1.9 MB | 0.8/1.6 MB | 1.3/2.1 MB | 536/803 kB
Progress (4): 0.1/1.9 MB | 0.8/1.6 MB | 1.3/2.1 MB | 552/803 kB
Progress (4): 0.1/1.9 MB | 0.8/1.6 MB | 1.3/2.1 MB | 552/803 kB
Progress (5): 0.1/1.9 MB | 0.8/1.6 MB | 1.3/2.1 MB | 552/803 kB | 7.7/154 kB
Progress (5): 0.1/1.9 MB | 0.8/1.6 MB | 1.3/2.1 MB | 552/803 kB | 16/154 kB 
Progress (5): 0.1/1.9 MB | 0.8/1.6 MB | 1.3/2.1 MB | 552/803 kB | 16/154 kB
Progress (5): 0.1/1.9 MB | 0.8/1.6 MB | 1.4/2.1 MB | 552/803 kB | 16/154 kB
Progress (5): 0.1/1.9 MB | 0.8/1.6 MB | 1.4/2.1 MB | 552/803 kB | 25/154 kB
Progress (5): 0.1/1.9 MB | 0.8/1.6 MB | 1.4/2.1 MB | 552/803 kB | 41/154 kB
Progress (5): 0.1/1.9 MB | 0.8/1.6 MB | 1.4/2.1 MB | 552/803 kB | 57/154 kB
Progress (5): 0.1/1.9 MB | 0.8/1.6 MB | 1.4/2.1 MB | 552/803 kB | 74/154 kB
Progress (5): 0.1/1.9 MB | 0.8/1.6 MB | 1.4/2.1 MB | 552/803 kB | 90/154 kB
Progress (5): 0.1/1.9 MB | 0.8/1.6 MB | 1.4/2.1 MB | 552/803 kB | 106/154 kB
Progress (5): 0.1/1.9 MB | 0.8/1.6 MB | 1.4/2.1 MB | 552/803 kB | 106/154 kB
Progress (5): 0.1/1.9 MB | 0.8/1.6 MB | 1.4/2.1 MB | 552/803 kB | 123/154 kB
Progress (5): 0.1/1.9 MB | 0.8/1.6 MB | 1.4/2.1 MB | 552/803 kB | 123/154 kB
Progress (5): 0.1/1.9 MB | 0.8/1.6 MB | 1.4/2.1 MB | 552/803 kB | 123/154 kB
Progress (5): 0.1/1.9 MB | 0.8/1.6 MB | 1.4/2.1 MB | 552/803 kB | 123/154 kB
Progress (5): 0.1/1.9 MB | 0.8/1.6 MB | 1.4/2.1 MB | 568/803 kB | 123/154 kB
Progress (5): 0.1/1.9 MB | 0.8/1.6 MB | 1.4/2.1 MB | 585/803 kB | 123/154 kB
Progress (5): 0.1/1.9 MB | 0.8/1.6 MB | 1.4/2.1 MB | 601/803 kB | 123/154 kB
Progress (5): 0.1/1.9 MB | 0.8/1.6 MB | 1.4/2.1 MB | 601/803 kB | 123/154 kB
Progress (5): 0.1/1.9 MB | 0.8/1.6 MB | 1.4/2.1 MB | 618/803 kB | 123/154 kB
Progress (5): 0.1/1.9 MB | 0.8/1.6 MB | 1.4/2.1 MB | 618/803 kB | 139/154 kB
Progress (5): 0.1/1.9 MB | 0.8/1.6 MB | 1.4/2.1 MB | 618/803 kB | 154 kB    
                                                                        
Downloaded from central: https://repo.maven.apache.org/maven2/org/springframework/retry/spring-retry/2.0.4/spring-retry-2.0.4.jar (154 kB at 4.0 kB/s)
Downloading from central: https://repo.maven.apache.org/maven2/org/apache/kafka/kafka-clients/3.6.0/kafka-clients-3.6.0.jar
Progress (4): 0.1/1.9 MB | 0.8/1.6 MB | 1.4/2.1 MB | 634/803 kB
Progress (4): 0.1/1.9 MB | 0.8/1.6 MB | 1.4/2.1 MB | 634/803 kB
Progress (4): 0.1/1.9 MB | 0.8/1.6 MB | 1.5/2.1 MB | 634/803 kB
Progress (4): 0.1/1.9 MB | 0.8/1.6 MB | 1.5/2.1 MB | 634/803 kB
Progress (4): 0.1/1.9 MB | 0.8/1.6 MB | 1.5/2.1 MB | 634/803 kB
Progress (4): 0.1/1.9 MB | 0.8/1.6 MB | 1.5/2.1 MB | 650/803 kB
Progress (4): 0.1/1.9 MB | 0.8/1.6 MB | 1.5/2.1 MB | 667/803 kB
Progress (4): 0.1/1.9 MB | 0.8/1.6 MB | 1.5/2.1 MB | 667/803 kB
Progress (4): 0.1/1.9 MB | 0.8/1.6 MB | 1.5/2.1 MB | 667/803 kB
Progress (4): 0.1/1.9 MB | 0.8/1.6 MB | 1.5/2.1 MB | 667/803 kB
Progress (4): 0.1/1.9 MB | 0.8/1.6 MB | 1.5/2.1 MB | 667/803 kB
Progress (5): 0.1/1.9 MB | 0.8/1.6 MB | 1.5/2.1 MB | 667/803 kB | 0/5.3 MB
Progress (5): 0.1/1.9 MB | 0.8/1.6 MB | 1.5/2.1 MB | 667/803 kB | 0/5.3 MB
Progress (5): 0.1/1.9 MB | 0.8/1.6 MB | 1.5/2.1 MB | 667/803 kB | 0/5.3 MB
Progress (5): 0.1/1.9 MB | 0.8/1.6 MB | 1.5/2.1 MB | 667/803 kB | 0/5.3 MB
Progress (5): 0.1/1.9 MB | 0.8/1.6 MB | 1.6/2.1 MB | 667/803 kB | 0/5.3 MB
Progress (5): 0.1/1.9 MB | 0.8/1.6 MB | 1.6/2.1 MB | 667/803 kB | 0.1/5.3 MB
Progress (5): 0.1/1.9 MB | 0.8/1.6 MB | 1.6/2.1 MB | 667/803 kB | 0.1/5.3 MB
Progress (5): 0.1/1.9 MB | 0.8/1.6 MB | 1.6/2.1 MB | 667/803 kB | 0.1/5.3 MB
Progress (5): 0.1/1.9 MB | 0.8/1.6 MB | 1.6/2.1 MB | 667/803 kB | 0.1/5.3 MB
Progress (5): 0.1/1.9 MB | 0.8/1.6 MB | 1.6/2.1 MB | 667/803 kB | 0.1/5.3 MB
Progress (5): 0.1/1.9 MB | 0.8/1.6 MB | 1.6/2.1 MB | 667/803 kB | 0.1/5.3 MB
Progress (5): 0.1/1.9 MB | 0.8/1.6 MB | 1.6/2.1 MB | 667/803 kB | 0.1/5.3 MB
Progress (5): 0.1/1.9 MB | 0.8/1.6 MB | 1.6/2.1 MB | 667/803 kB | 0.1/5.3 MB
Progress (5): 0.1/1.9 MB | 0.8/1.6 MB | 1.6/2.1 MB | 667/803 kB | 0.1/5.3 MB
Progress (5): 0.1/1.9 MB | 0.8/1.6 MB | 1.6/2.1 MB | 667/803 kB | 0.1/5.3 MB
Progress (5): 0.1/1.9 MB | 0.8/1.6 MB | 1.6/2.1 MB | 667/803 kB | 0.1/5.3 MB
Progress (5): 0.1/1.9 MB | 0.8/1.6 MB | 1.6/2.1 MB | 667/803 kB | 0.2/5.3 MB
Progress (5): 0.1/1.9 MB | 0.8/1.6 MB | 1.6/2.1 MB | 667/803 kB | 0.2/5.3 MB
Progress (5): 0.1/1.9 MB | 0.8/1.6 MB | 1.6/2.1 MB | 683/803 kB | 0.2/5.3 MB
Progress (5): 0.1/1.9 MB | 0.8/1.6 MB | 1.6/2.1 MB | 683/803 kB | 0.2/5.3 MB
Progress (5): 0.1/1.9 MB | 0.8/1.6 MB | 1.6/2.1 MB | 683/803 kB | 0.2/5.3 MB
Progress (5): 0.1/1.9 MB | 0.8/1.6 MB | 1.6/2.1 MB | 683/803 kB | 0.2/5.3 MB
Progress (5): 0.1/1.9 MB | 0.8/1.6 MB | 1.7/2.1 MB | 683/803 kB | 0.2/5.3 MB
Progress (5): 0.1/1.9 MB | 0.8/1.6 MB | 1.7/2.1 MB | 683/803 kB | 0.2/5.3 MB
Progress (5): 0.1/1.9 MB | 0.8/1.6 MB | 1.7/2.1 MB | 691/803 kB | 0.2/5.3 MB
Progress (5): 0.1/1.9 MB | 0.8/1.6 MB | 1.7/2.1 MB | 708/803 kB | 0.2/5.3 MB
Progress (5): 0.1/1.9 MB | 0.8/1.6 MB | 1.7/2.1 MB | 708/803 kB | 0.2/5.3 MB
Progress (5): 0.1/1.9 MB | 0.8/1.6 MB | 1.7/2.1 MB | 708/803 kB | 0.2/5.3 MB
Progress (5): 0.1/1.9 MB | 0.8/1.6 MB | 1.7/2.1 MB | 708/803 kB | 0.3/5.3 MB
Progress (5): 0.1/1.9 MB | 0.8/1.6 MB | 1.7/2.1 MB | 708/803 kB | 0.3/5.3 MB
Progress (5): 0.1/1.9 MB | 0.8/1.6 MB | 1.7/2.1 MB | 708/803 kB | 0.3/5.3 MB
Progress (5): 0.1/1.9 MB | 0.8/1.6 MB | 1.7/2.1 MB | 708/803 kB | 0.3/5.3 MB
Progress (5): 0.1/1.9 MB | 0.8/1.6 MB | 1.7/2.1 MB | 708/803 kB | 0.3/5.3 MB
Progress (5): 0.1/1.9 MB | 0.8/1.6 MB | 1.7/2.1 MB | 708/803 kB | 0.3/5.3 MB
Progress (5): 0.1/1.9 MB | 0.8/1.6 MB | 1.7/2.1 MB | 708/803 kB | 0.3/5.3 MB
Progress (5): 0.1/1.9 MB | 0.8/1.6 MB | 1.7/2.1 MB | 708/803 kB | 0.3/5.3 MB
Progress (5): 0.1/1.9 MB | 0.8/1.6 MB | 1.7/2.1 MB | 708/803 kB | 0.3/5.3 MB
Progress (5): 0.1/1.9 MB | 0.8/1.6 MB | 1.7/2.1 MB | 724/803 kB | 0.3/5.3 MB
Progress (5): 0.1/1.9 MB | 0.8/1.6 MB | 1.7/2.1 MB | 724/803 kB | 0.4/5.3 MB
Progress (5): 0.1/1.9 MB | 0.8/1.6 MB | 1.7/2.1 MB | 724/803 kB | 0.4/5.3 MB
Progress (5): 0.1/1.9 MB | 0.8/1.6 MB | 1.7/2.1 MB | 724/803 kB | 0.4/5.3 MB
Progress (5): 0.1/1.9 MB | 0.8/1.6 MB | 1.7/2.1 MB | 724/803 kB | 0.4/5.3 MB
Progress (5): 0.1/1.9 MB | 0.8/1.6 MB | 1.7/2.1 MB | 724/803 kB | 0.4/5.3 MB
Progress (5): 0.1/1.9 MB | 0.8/1.6 MB | 1.7/2.1 MB | 740/803 kB | 0.4/5.3 MB
Progress (5): 0.1/1.9 MB | 0.8/1.6 MB | 1.8/2.1 MB | 740/803 kB | 0.4/5.3 MB
Progress (5): 0.1/1.9 MB | 0.8/1.6 MB | 1.8/2.1 MB | 740/803 kB | 0.4/5.3 MB
Progress (5): 0.1/1.9 MB | 0.8/1.6 MB | 1.8/2.1 MB | 740/803 kB | 0.4/5.3 MB
Progress (5): 0.1/1.9 MB | 0.8/1.6 MB | 1.8/2.1 MB | 740/803 kB | 0.4/5.3 MB
Progress (5): 0.1/1.9 MB | 0.8/1.6 MB | 1.8/2.1 MB | 740/803 kB | 0.4/5.3 MB
Progress (5): 0.1/1.9 MB | 0.8/1.6 MB | 1.8/2.1 MB | 740/803 kB | 0.4/5.3 MB
Progress (5): 0.1/1.9 MB | 0.8/1.6 MB | 1.8/2.1 MB | 740/803 kB | 0.5/5.3 MB
Progress (5): 0.1/1.9 MB | 0.8/1.6 MB | 1.8/2.1 MB | 740/803 kB | 0.5/5.3 MB
Progress (5): 0.1/1.9 MB | 0.8/1.6 MB | 1.8/2.1 MB | 740/803 kB | 0.5/5.3 MB
Progress (5): 0.1/1.9 MB | 0.8/1.6 MB | 1.8/2.1 MB | 740/803 kB | 0.5/5.3 MB
Progress (5): 0.1/1.9 MB | 0.8/1.6 MB | 1.8/2.1 MB | 740/803 kB | 0.5/5.3 MB
Progress (5): 0.1/1.9 MB | 0.9/1.6 MB | 1.8/2.1 MB | 740/803 kB | 0.5/5.3 MB
Progress (5): 0.1/1.9 MB | 0.9/1.6 MB | 1.8/2.1 MB | 740/803 kB | 0.5/5.3 MB
Progress (5): 0.1/1.9 MB | 0.9/1.6 MB | 1.8/2.1 MB | 740/803 kB | 0.5/5.3 MB
Progress (5): 0.1/1.9 MB | 0.9/1.6 MB | 1.8/2.1 MB | 740/803 kB | 0.5/5.3 MB
Progress (5): 0.1/1.9 MB | 0.9/1.6 MB | 1.8/2.1 MB | 740/803 kB | 0.5/5.3 MB
Progress (5): 0.1/1.9 MB | 0.9/1.6 MB | 1.8/2.1 MB | 740/803 kB | 0.5/5.3 MB
Progress (5): 0.1/1.9 MB | 0.9/1.6 MB | 1.8/2.1 MB | 757/803 kB | 0.5/5.3 MB
Progress (5): 0.1/1.9 MB | 0.9/1.6 MB | 1.8/2.1 MB | 757/803 kB | 0.5/5.3 MB
Progress (5): 0.1/1.9 MB | 0.9/1.6 MB | 1.9/2.1 MB | 757/803 kB | 0.5/5.3 MB
Progress (5): 0.1/1.9 MB | 0.9/1.6 MB | 1.9/2.1 MB | 773/803 kB | 0.5/5.3 MB
Progress (5): 0.1/1.9 MB | 0.9/1.6 MB | 1.9/2.1 MB | 773/803 kB | 0.6/5.3 MB
Progress (5): 0.1/1.9 MB | 0.9/1.6 MB | 1.9/2.1 MB | 773/803 kB | 0.6/5.3 MB
Progress (5): 0.1/1.9 MB | 0.9/1.6 MB | 1.9/2.1 MB | 773/803 kB | 0.6/5.3 MB
Progress (5): 0.1/1.9 MB | 0.9/1.6 MB | 1.9/2.1 MB | 773/803 kB | 0.6/5.3 MB
Progress (5): 0.1/1.9 MB | 0.9/1.6 MB | 1.9/2.1 MB | 773/803 kB | 0.6/5.3 MB
Progress (5): 0.1/1.9 MB | 0.9/1.6 MB | 1.9/2.1 MB | 773/803 kB | 0.6/5.3 MB
Progress (5): 0.1/1.9 MB | 0.9/1.6 MB | 1.9/2.1 MB | 773/803 kB | 0.6/5.3 MB
Progress (5): 0.1/1.9 MB | 0.9/1.6 MB | 1.9/2.1 MB | 773/803 kB | 0.6/5.3 MB
Progress (5): 0.1/1.9 MB | 0.9/1.6 MB | 1.9/2.1 MB | 773/803 kB | 0.6/5.3 MB
Progress (5): 0.1/1.9 MB | 0.9/1.6 MB | 1.9/2.1 MB | 773/803 kB | 0.6/5.3 MB
Progress (5): 0.1/1.9 MB | 0.9/1.6 MB | 1.9/2.1 MB | 773/803 kB | 0.6/5.3 MB
Progress (5): 0.1/1.9 MB | 0.9/1.6 MB | 1.9/2.1 MB | 773/803 kB | 0.6/5.3 MB
Progress (5): 0.1/1.9 MB | 0.9/1.6 MB | 1.9/2.1 MB | 773/803 kB | 0.6/5.3 MB
Progress (5): 0.1/1.9 MB | 0.9/1.6 MB | 1.9/2.1 MB | 790/803 kB | 0.6/5.3 MB
Progress (5): 0.1/1.9 MB | 0.9/1.6 MB | 1.9/2.1 MB | 790/803 kB | 0.6/5.3 MB
Progress (5): 0.1/1.9 MB | 0.9/1.6 MB | 1.9/2.1 MB | 790/803 kB | 0.7/5.3 MB
Progress (5): 0.1/1.9 MB | 0.9/1.6 MB | 1.9/2.1 MB | 790/803 kB | 0.7/5.3 MB
Progress (5): 0.1/1.9 MB | 0.9/1.6 MB | 2.0/2.1 MB | 790/803 kB | 0.7/5.3 MB
Progress (5): 0.1/1.9 MB | 0.9/1.6 MB | 2.0/2.1 MB | 790/803 kB | 0.7/5.3 MB
Progress (5): 0.1/1.9 MB | 0.9/1.6 MB | 2.0/2.1 MB | 790/803 kB | 0.7/5.3 MB
Progress (5): 0.1/1.9 MB | 0.9/1.6 MB | 2.0/2.1 MB | 790/803 kB | 0.7/5.3 MB
Progress (5): 0.1/1.9 MB | 0.9/1.6 MB | 2.0/2.1 MB | 790/803 kB | 0.7/5.3 MB
Progress (5): 0.1/1.9 MB | 0.9/1.6 MB | 2.0/2.1 MB | 790/803 kB | 0.7/5.3 MB
Progress (5): 0.1/1.9 MB | 0.9/1.6 MB | 2.0/2.1 MB | 790/803 kB | 0.7/5.3 MB
Progress (5): 0.1/1.9 MB | 0.9/1.6 MB | 2.0/2.1 MB | 790/803 kB | 0.7/5.3 MB
Progress (5): 0.1/1.9 MB | 0.9/1.6 MB | 2.0/2.1 MB | 803 kB | 0.7/5.3 MB    
                                                                        
Downloaded from central: https://repo.maven.apache.org/maven2/org/springframework/kafka/spring-kafka/3.1.0/spring-kafka-3.1.0.jar (803 kB at 20 kB/s)
Downloading from central: https://repo.maven.apache.org/maven2/com/github/luben/zstd-jni/1.5.5-1/zstd-jni-1.5.5-1.jar
Progress (4): 0.1/1.9 MB | 0.9/1.6 MB | 2.0/2.1 MB | 0.7/5.3 MB
Progress (4): 0.1/1.9 MB | 0.9/1.6 MB | 2.0/2.1 MB | 0.7/5.3 MB
Progress (4): 0.1/1.9 MB | 0.9/1.6 MB | 2.0/2.1 MB | 0.7/5.3 MB
Progress (4): 0.1/1.9 MB | 0.9/1.6 MB | 2.0/2.1 MB | 0.8/5.3 MB
Progress (4): 0.1/1.9 MB | 0.9/1.6 MB | 2.0/2.1 MB | 0.8/5.3 MB
Progress (4): 0.1/1.9 MB | 0.9/1.6 MB | 2.1/2.1 MB | 0.8/5.3 MB
Progress (4): 0.1/1.9 MB | 0.9/1.6 MB | 2.1/2.1 MB | 0.8/5.3 MB
Progress (4): 0.1/1.9 MB | 0.9/1.6 MB | 2.1/2.1 MB | 0.8/5.3 MB
Progress (4): 0.1/1.9 MB | 0.9/1.6 MB | 2.1/2.1 MB | 0.8/5.3 MB
Progress (4): 0.1/1.9 MB | 0.9/1.6 MB | 2.1/2.1 MB | 0.8/5.3 MB
Progress (4): 0.1/1.9 MB | 0.9/1.6 MB | 2.1/2.1 MB | 0.8/5.3 MB
Progress (4): 0.1/1.9 MB | 0.9/1.6 MB | 2.1 MB | 0.8/5.3 MB    
                                                           
Downloaded from central: https://repo.maven.apache.org/maven2/org/aspectj/aspectjweaver/1.9.20.1/aspectjweaver-1.9.20.1.jar (2.1 MB at 52 kB/s)
Downloading from central: https://repo.maven.apache.org/maven2/org/xerial/snappy/snappy-java/1.1.10.4/snappy-java-1.1.10.4.jar
Progress (3): 0.1/1.9 MB | 0.9/1.6 MB | 0.8/5.3 MB
Progress (3): 0.1/1.9 MB | 0.9/1.6 MB | 0.8/5.3 MB
Progress (3): 0.1/1.9 MB | 0.9/1.6 MB | 0.8/5.3 MB
Progress (3): 0.1/1.9 MB | 0.9/1.6 MB | 0.8/5.3 MB
Progress (3): 0.1/1.9 MB | 0.9/1.6 MB | 0.9/5.3 MB
Progress (3): 0.1/1.9 MB | 0.9/1.6 MB | 0.9/5.3 MB
Progress (4): 0.1/1.9 MB | 0.9/1.6 MB | 0.9/5.3 MB | 0/6.0 MB
Progress (4): 0.1/1.9 MB | 0.9/1.6 MB | 0.9/5.3 MB | 0/6.0 MB
Progress (4): 0.1/1.9 MB | 0.9/1.6 MB | 0.9/5.3 MB | 0/6.0 MB
Progress (4): 0.1/1.9 MB | 0.9/1.6 MB | 0.9/5.3 MB | 0/6.0 MB
Progress (4): 0.1/1.9 MB | 0.9/1.6 MB | 0.9/5.3 MB | 0/6.0 MB
Progress (5): 0.1/1.9 MB | 0.9/1.6 MB | 0.9/5.3 MB | 0/6.0 MB | 0/2.1 MB
Progress (5): 0.1/1.9 MB | 0.9/1.6 MB | 0.9/5.3 MB | 0/6.0 MB | 0/2.1 MB
Progress (5): 0.1/1.9 MB | 0.9/1.6 MB | 0.9/5.3 MB | 0/6.0 MB | 0/2.1 MB
Progress (5): 0.1/1.9 MB | 0.9/1.6 MB | 0.9/5.3 MB | 0/6.0 MB | 0/2.1 MB
Progress (5): 0.1/1.9 MB | 0.9/1.6 MB | 0.9/5.3 MB | 0/6.0 MB | 0/2.1 MB
Progress (5): 0.1/1.9 MB | 0.9/1.6 MB | 0.9/5.3 MB | 0/6.0 MB | 0/2.1 MB
Progress (5): 0.1/1.9 MB | 0.9/1.6 MB | 0.9/5.3 MB | 0/6.0 MB | 0/2.1 MB
Progress (5): 0.1/1.9 MB | 0.9/1.6 MB | 1.0/5.3 MB | 0/6.0 MB | 0/2.1 MB
Progress (5): 0.1/1.9 MB | 0.9/1.6 MB | 1.0/5.3 MB | 0/6.0 MB | 0/2.1 MB
Progress (5): 0.1/1.9 MB | 0.9/1.6 MB | 1.0/5.3 MB | 0/6.0 MB | 0.1/2.1 MB
Progress (5): 0.1/1.9 MB | 0.9/1.6 MB | 1.0/5.3 MB | 0/6.0 MB | 0.1/2.1 MB
Progress (5): 0.1/1.9 MB | 0.9/1.6 MB | 1.0/5.3 MB | 0/6.0 MB | 0.1/2.1 MB
Progress (5): 0.1/1.9 MB | 0.9/1.6 MB | 1.0/5.3 MB | 0/6.0 MB | 0.1/2.1 MB
Progress (5): 0.1/1.9 MB | 0.9/1.6 MB | 1.0/5.3 MB | 0/6.0 MB | 0.1/2.1 MB
Progress (5): 0.1/1.9 MB | 1.0/1.6 MB | 1.0/5.3 MB | 0/6.0 MB | 0.1/2.1 MB
Progress (5): 0.1/1.9 MB | 1.0/1.6 MB | 1.0/5.3 MB | 0/6.0 MB | 0.1/2.1 MB
Progress (5): 0.1/1.9 MB | 1.0/1.6 MB | 1.0/5.3 MB | 0/6.0 MB | 0.1/2.1 MB
Progress (5): 0.1/1.9 MB | 1.0/1.6 MB | 1.0/5.3 MB | 0/6.0 MB | 0.1/2.1 MB
Progress (5): 0.1/1.9 MB | 1.0/1.6 MB | 1.0/5.3 MB | 0/6.0 MB | 0.1/2.1 MB
Progress (5): 0.1/1.9 MB | 1.0/1.6 MB | 1.1/5.3 MB | 0/6.0 MB | 0.1/2.1 MB
Progress (5): 0.1/1.9 MB | 1.0/1.6 MB | 1.1/5.3 MB | 0/6.0 MB | 0.1/2.1 MB
Progress (5): 0.1/1.9 MB | 1.0/1.6 MB | 1.1/5.3 MB | 0/6.0 MB | 0.1/2.1 MB
Progress (5): 0.1/1.9 MB | 1.0/1.6 MB | 1.1/5.3 MB | 0/6.0 MB | 0.1/2.1 MB
Progress (5): 0.1/1.9 MB | 1.0/1.6 MB | 1.1/5.3 MB | 0/6.0 MB | 0.1/2.1 MB
Progress (5): 0.1/1.9 MB | 1.0/1.6 MB | 1.1/5.3 MB | 0/6.0 MB | 0.1/2.1 MB
Progress (5): 0.1/1.9 MB | 1.0/1.6 MB | 1.1/5.3 MB | 0/6.0 MB | 0.1/2.1 MB
Progress (5): 0.1/1.9 MB | 1.0/1.6 MB | 1.1/5.3 MB | 0/6.0 MB | 0.2/2.1 MB
Progress (5): 0.1/1.9 MB | 1.0/1.6 MB | 1.1/5.3 MB | 0/6.0 MB | 0.2/2.1 MB
Progress (5): 0.1/1.9 MB | 1.0/1.6 MB | 1.1/5.3 MB | 0/6.0 MB | 0.2/2.1 MB
Progress (5): 0.1/1.9 MB | 1.0/1.6 MB | 1.1/5.3 MB | 0/6.0 MB | 0.2/2.1 MB
Progress (5): 0.1/1.9 MB | 1.0/1.6 MB | 1.1/5.3 MB | 0/6.0 MB | 0.2/2.1 MB
Progress (5): 0.1/1.9 MB | 1.0/1.6 MB | 1.2/5.3 MB | 0/6.0 MB | 0.2/2.1 MB
Progress (5): 0.1/1.9 MB | 1.0/1.6 MB | 1.2/5.3 MB | 0/6.0 MB | 0.2/2.1 MB
Progress (5): 0.1/1.9 MB | 1.0/1.6 MB | 1.2/5.3 MB | 0/6.0 MB | 0.2/2.1 MB
Progress (5): 0.1/1.9 MB | 1.0/1.6 MB | 1.2/5.3 MB | 0/6.0 MB | 0.2/2.1 MB
Progress (5): 0.1/1.9 MB | 1.0/1.6 MB | 1.2/5.3 MB | 0/6.0 MB | 0.2/2.1 MB
Progress (5): 0.1/1.9 MB | 1.0/1.6 MB | 1.2/5.3 MB | 0/6.0 MB | 0.2/2.1 MB
Progress (5): 0.1/1.9 MB | 1.0/1.6 MB | 1.2/5.3 MB | 0/6.0 MB | 0.2/2.1 MB
Progress (5): 0.1/1.9 MB | 1.0/1.6 MB | 1.2/5.3 MB | 0/6.0 MB | 0.3/2.1 MB
Progress (5): 0.1/1.9 MB | 1.0/1.6 MB | 1.2/5.3 MB | 0/6.0 MB | 0.3/2.1 MB
Progress (5): 0.1/1.9 MB | 1.0/1.6 MB | 1.2/5.3 MB | 0/6.0 MB | 0.3/2.1 MB
Progress (5): 0.1/1.9 MB | 1.0/1.6 MB | 1.2/5.3 MB | 0/6.0 MB | 0.3/2.1 MB
Progress (5): 0.1/1.9 MB | 1.0/1.6 MB | 1.2/5.3 MB | 0/6.0 MB | 0.3/2.1 MB
Progress (5): 0.1/1.9 MB | 1.0/1.6 MB | 1.3/5.3 MB | 0/6.0 MB | 0.3/2.1 MB
Progress (5): 0.1/1.9 MB | 1.0/1.6 MB | 1.3/5.3 MB | 0.1/6.0 MB | 0.3/2.1 MB
Progress (5): 0.1/1.9 MB | 1.0/1.6 MB | 1.3/5.3 MB | 0.1/6.0 MB | 0.3/2.1 MB
Progress (5): 0.1/1.9 MB | 1.0/1.6 MB | 1.3/5.3 MB | 0.1/6.0 MB | 0.3/2.1 MB
Progress (5): 0.1/1.9 MB | 1.0/1.6 MB | 1.3/5.3 MB | 0.1/6.0 MB | 0.3/2.1 MB
Progress (5): 0.1/1.9 MB | 1.0/1.6 MB | 1.3/5.3 MB | 0.1/6.0 MB | 0.3/2.1 MB
Progress (5): 0.1/1.9 MB | 1.0/1.6 MB | 1.3/5.3 MB | 0.1/6.0 MB | 0.3/2.1 MB
Progress (5): 0.1/1.9 MB | 1.0/1.6 MB | 1.3/5.3 MB | 0.1/6.0 MB | 0.3/2.1 MB
Progress (5): 0.1/1.9 MB | 1.0/1.6 MB | 1.3/5.3 MB | 0.1/6.0 MB | 0.3/2.1 MB
Progress (5): 0.1/1.9 MB | 1.0/1.6 MB | 1.3/5.3 MB | 0.1/6.0 MB | 0.3/2.1 MB
Progress (5): 0.1/1.9 MB | 1.0/1.6 MB | 1.3/5.3 MB | 0.1/6.0 MB | 0.3/2.1 MB
Progress (5): 0.1/1.9 MB | 1.0/1.6 MB | 1.3/5.3 MB | 0.1/6.0 MB | 0.3/2.1 MB
Progress (5): 0.1/1.9 MB | 1.0/1.6 MB | 1.3/5.3 MB | 0.1/6.0 MB | 0.3/2.1 MB
Progress (5): 0.1/1.9 MB | 1.0/1.6 MB | 1.3/5.3 MB | 0.1/6.0 MB | 0.4/2.1 MB
Progress (5): 0.1/1.9 MB | 1.0/1.6 MB | 1.3/5.3 MB | 0.1/6.0 MB | 0.4/2.1 MB
Progress (5): 0.1/1.9 MB | 1.0/1.6 MB | 1.3/5.3 MB | 0.1/6.0 MB | 0.4/2.1 MB
Progress (5): 0.1/1.9 MB | 1.0/1.6 MB | 1.3/5.3 MB | 0.1/6.0 MB | 0.4/2.1 MB
Progress (5): 0.1/1.9 MB | 1.0/1.6 MB | 1.3/5.3 MB | 0.1/6.0 MB | 0.4/2.1 MB
Progress (5): 0.1/1.9 MB | 1.0/1.6 MB | 1.3/5.3 MB | 0.1/6.0 MB | 0.4/2.1 MB
Progress (5): 0.1/1.9 MB | 1.0/1.6 MB | 1.3/5.3 MB | 0.1/6.0 MB | 0.4/2.1 MB
Progress (5): 0.1/1.9 MB | 1.0/1.6 MB | 1.3/5.3 MB | 0.1/6.0 MB | 0.4/2.1 MB
Progress (5): 0.1/1.9 MB | 1.0/1.6 MB | 1.3/5.3 MB | 0.1/6.0 MB | 0.4/2.1 MB
Progress (5): 0.1/1.9 MB | 1.0/1.6 MB | 1.3/5.3 MB | 0.1/6.0 MB | 0.4/2.1 MB
Progress (5): 0.1/1.9 MB | 1.0/1.6 MB | 1.4/5.3 MB | 0.1/6.0 MB | 0.4/2.1 MB
Progress (5): 0.1/1.9 MB | 1.0/1.6 MB | 1.4/5.3 MB | 0.1/6.0 MB | 0.4/2.1 MB
Progress (5): 0.1/1.9 MB | 1.0/1.6 MB | 1.4/5.3 MB | 0.1/6.0 MB | 0.4/2.1 MB
Progress (5): 0.1/1.9 MB | 1.0/1.6 MB | 1.4/5.3 MB | 0.1/6.0 MB | 0.4/2.1 MB
Progress (5): 0.1/1.9 MB | 1.0/1.6 MB | 1.4/5.3 MB | 0.1/6.0 MB | 0.4/2.1 MB
Progress (5): 0.1/1.9 MB | 1.0/1.6 MB | 1.4/5.3 MB | 0.1/6.0 MB | 0.4/2.1 MB
Progress (5): 0.1/1.9 MB | 1.0/1.6 MB | 1.5/5.3 MB | 0.1/6.0 MB | 0.4/2.1 MB
Progress (5): 0.1/1.9 MB | 1.0/1.6 MB | 1.5/5.3 MB | 0.1/6.0 MB | 0.4/2.1 MB
Progress (5): 0.1/1.9 MB | 1.1/1.6 MB | 1.5/5.3 MB | 0.1/6.0 MB | 0.4/2.1 MB
Progress (5): 0.1/1.9 MB | 1.1/1.6 MB | 1.5/5.3 MB | 0.1/6.0 MB | 0.5/2.1 MB
Progress (5): 0.1/1.9 MB | 1.1/1.6 MB | 1.5/5.3 MB | 0.1/6.0 MB | 0.5/2.1 MB
Progress (5): 0.1/1.9 MB | 1.1/1.6 MB | 1.5/5.3 MB | 0.1/6.0 MB | 0.5/2.1 MB
Progress (5): 0.1/1.9 MB | 1.1/1.6 MB | 1.5/5.3 MB | 0.1/6.0 MB | 0.5/2.1 MB
Progress (5): 0.1/1.9 MB | 1.1/1.6 MB | 1.5/5.3 MB | 0.1/6.0 MB | 0.5/2.1 MB
Progress (5): 0.1/1.9 MB | 1.1/1.6 MB | 1.5/5.3 MB | 0.1/6.0 MB | 0.5/2.1 MB
Progress (5): 0.1/1.9 MB | 1.1/1.6 MB | 1.5/5.3 MB | 0.1/6.0 MB | 0.5/2.1 MB
Progress (5): 0.1/1.9 MB | 1.1/1.6 MB | 1.5/5.3 MB | 0.1/6.0 MB | 0.5/2.1 MB
Progress (5): 0.1/1.9 MB | 1.1/1.6 MB | 1.5/5.3 MB | 0.1/6.0 MB | 0.5/2.1 MB
Progress (5): 0.1/1.9 MB | 1.1/1.6 MB | 1.5/5.3 MB | 0.1/6.0 MB | 0.6/2.1 MB
Progress (5): 0.1/1.9 MB | 1.1/1.6 MB | 1.5/5.3 MB | 0.1/6.0 MB | 0.6/2.1 MB
Progress (5): 0.1/1.9 MB | 1.1/1.6 MB | 1.5/5.3 MB | 0.1/6.0 MB | 0.6/2.1 MB
Progress (5): 0.1/1.9 MB | 1.1/1.6 MB | 1.5/5.3 MB | 0.1/6.0 MB | 0.6/2.1 MB
Progress (5): 0.1/1.9 MB | 1.1/1.6 MB | 1.5/5.3 MB | 0.1/6.0 MB | 0.6/2.1 MB
Progress (5): 0.1/1.9 MB | 1.1/1.6 MB | 1.5/5.3 MB | 0.1/6.0 MB | 0.6/2.1 MB
Progress (5): 0.1/1.9 MB | 1.1/1.6 MB | 1.5/5.3 MB | 0.1/6.0 MB | 0.6/2.1 MB
Progress (5): 0.1/1.9 MB | 1.1/1.6 MB | 1.6/5.3 MB | 0.1/6.0 MB | 0.6/2.1 MB
Progress (5): 0.1/1.9 MB | 1.1/1.6 MB | 1.6/5.3 MB | 0.1/6.0 MB | 0.6/2.1 MB
Progress (5): 0.1/1.9 MB | 1.1/1.6 MB | 1.6/5.3 MB | 0.1/6.0 MB | 0.6/2.1 MB
Progress (5): 0.1/1.9 MB | 1.1/1.6 MB | 1.6/5.3 MB | 0.1/6.0 MB | 0.6/2.1 MB
Progress (5): 0.1/1.9 MB | 1.1/1.6 MB | 1.6/5.3 MB | 0.1/6.0 MB | 0.6/2.1 MB
Progress (5): 0.1/1.9 MB | 1.1/1.6 MB | 1.6/5.3 MB | 0.1/6.0 MB | 0.6/2.1 MB
Progress (5): 0.1/1.9 MB | 1.1/1.6 MB | 1.6/5.3 MB | 0.1/6.0 MB | 0.6/2.1 MB
Progress (5): 0.1/1.9 MB | 1.1/1.6 MB | 1.6/5.3 MB | 0.1/6.0 MB | 0.6/2.1 MB
Progress (5): 0.1/1.9 MB | 1.1/1.6 MB | 1.6/5.3 MB | 0.1/6.0 MB | 0.6/2.1 MB
Progress (5): 0.1/1.9 MB | 1.1/1.6 MB | 1.6/5.3 MB | 0.1/6.0 MB | 0.6/2.1 MB
Progress (5): 0.1/1.9 MB | 1.1/1.6 MB | 1.6/5.3 MB | 0.1/6.0 MB | 0.6/2.1 MB
Progress (5): 0.1/1.9 MB | 1.1/1.6 MB | 1.6/5.3 MB | 0.1/6.0 MB | 0.6/2.1 MB
Progress (5): 0.1/1.9 MB | 1.1/1.6 MB | 1.6/5.3 MB | 0.1/6.0 MB | 0.6/2.1 MB
Progress (5): 0.1/1.9 MB | 1.1/1.6 MB | 1.6/5.3 MB | 0.1/6.0 MB | 0.7/2.1 MB
Progress (5): 0.1/1.9 MB | 1.1/1.6 MB | 1.6/5.3 MB | 0.1/6.0 MB | 0.7/2.1 MB
Progress (5): 0.1/1.9 MB | 1.1/1.6 MB | 1.6/5.3 MB | 0.1/6.0 MB | 0.7/2.1 MB
Progress (5): 0.1/1.9 MB | 1.1/1.6 MB | 1.6/5.3 MB | 0.1/6.0 MB | 0.7/2.1 MB
Progress (5): 0.1/1.9 MB | 1.1/1.6 MB | 1.6/5.3 MB | 0.1/6.0 MB | 0.7/2.1 MB
Progress (5): 0.1/1.9 MB | 1.1/1.6 MB | 1.7/5.3 MB | 0.1/6.0 MB | 0.7/2.1 MB
Progress (5): 0.1/1.9 MB | 1.1/1.6 MB | 1.7/5.3 MB | 0.1/6.0 MB | 0.7/2.1 MB
Progress (5): 0.1/1.9 MB | 1.1/1.6 MB | 1.7/5.3 MB | 0.1/6.0 MB | 0.7/2.1 MB
Progress (5): 0.1/1.9 MB | 1.1/1.6 MB | 1.7/5.3 MB | 0.1/6.0 MB | 0.7/2.1 MB
Progress (5): 0.1/1.9 MB | 1.1/1.6 MB | 1.7/5.3 MB | 0.1/6.0 MB | 0.7/2.1 MB
Progress (5): 0.1/1.9 MB | 1.1/1.6 MB | 1.7/5.3 MB | 0.1/6.0 MB | 0.7/2.1 MB
Progress (5): 0.1/1.9 MB | 1.1/1.6 MB | 1.7/5.3 MB | 0.1/6.0 MB | 0.7/2.1 MB
Progress (5): 0.1/1.9 MB | 1.1/1.6 MB | 1.7/5.3 MB | 0.1/6.0 MB | 0.7/2.1 MB
Progress (5): 0.1/1.9 MB | 1.1/1.6 MB | 1.7/5.3 MB | 0.1/6.0 MB | 0.8/2.1 MB
Progress (5): 0.1/1.9 MB | 1.1/1.6 MB | 1.7/5.3 MB | 0.1/6.0 MB | 0.8/2.1 MB
Progress (5): 0.1/1.9 MB | 1.1/1.6 MB | 1.7/5.3 MB | 0.1/6.0 MB | 0.8/2.1 MB
Progress (5): 0.1/1.9 MB | 1.1/1.6 MB | 1.8/5.3 MB | 0.1/6.0 MB | 0.8/2.1 MB
Progress (5): 0.1/1.9 MB | 1.1/1.6 MB | 1.8/5.3 MB | 0.1/6.0 MB | 0.8/2.1 MB
Progress (5): 0.1/1.9 MB | 1.1/1.6 MB | 1.8/5.3 MB | 0.1/6.0 MB | 0.8/2.1 MB
Progress (5): 0.1/1.9 MB | 1.1/1.6 MB | 1.8/5.3 MB | 0.1/6.0 MB | 0.8/2.1 MB
Progress (5): 0.1/1.9 MB | 1.1/1.6 MB | 1.8/5.3 MB | 0.1/6.0 MB | 0.8/2.1 MB
Progress (5): 0.1/1.9 MB | 1.1/1.6 MB | 1.8/5.3 MB | 0.1/6.0 MB | 0.8/2.1 MB
Progress (5): 0.1/1.9 MB | 1.1/1.6 MB | 1.8/5.3 MB | 0.1/6.0 MB | 0.8/2.1 MB
Progress (5): 0.1/1.9 MB | 1.1/1.6 MB | 1.8/5.3 MB | 0.1/6.0 MB | 0.8/2.1 MB
Progress (5): 0.1/1.9 MB | 1.1/1.6 MB | 1.8/5.3 MB | 0.1/6.0 MB | 0.8/2.1 MB
Progress (5): 0.1/1.9 MB | 1.1/1.6 MB | 1.8/5.3 MB | 0.1/6.0 MB | 0.8/2.1 MB
Progress (5): 0.1/1.9 MB | 1.1/1.6 MB | 1.8/5.3 MB | 0.1/6.0 MB | 0.8/2.1 MB
Progress (5): 0.1/1.9 MB | 1.1/1.6 MB | 1.8/5.3 MB | 0.1/6.0 MB | 0.8/2.1 MB
Progress (5): 0.1/1.9 MB | 1.1/1.6 MB | 1.8/5.3 MB | 0.2/6.0 MB | 0.8/2.1 MB
Progress (5): 0.1/1.9 MB | 1.1/1.6 MB | 1.9/5.3 MB | 0.2/6.0 MB | 0.8/2.1 MB
Progress (5): 0.1/1.9 MB | 1.1/1.6 MB | 1.9/5.3 MB | 0.2/6.0 MB | 0.8/2.1 MB
Progress (5): 0.1/1.9 MB | 1.1/1.6 MB | 1.9/5.3 MB | 0.2/6.0 MB | 0.8/2.1 MB
Progress (5): 0.1/1.9 MB | 1.1/1.6 MB | 1.9/5.3 MB | 0.2/6.0 MB | 0.8/2.1 MB
Progress (5): 0.1/1.9 MB | 1.1/1.6 MB | 1.9/5.3 MB | 0.2/6.0 MB | 0.9/2.1 MB
Progress (5): 0.1/1.9 MB | 1.1/1.6 MB | 1.9/5.3 MB | 0.2/6.0 MB | 0.9/2.1 MB
Progress (5): 0.1/1.9 MB | 1.1/1.6 MB | 1.9/5.3 MB | 0.2/6.0 MB | 0.9/2.1 MB
Progress (5): 0.1/1.9 MB | 1.1/1.6 MB | 1.9/5.3 MB | 0.2/6.0 MB | 0.9/2.1 MB
Progress (5): 0.1/1.9 MB | 1.1/1.6 MB | 1.9/5.3 MB | 0.2/6.0 MB | 0.9/2.1 MB
Progress (5): 0.1/1.9 MB | 1.1/1.6 MB | 1.9/5.3 MB | 0.2/6.0 MB | 0.9/2.1 MB
Progress (5): 0.1/1.9 MB | 1.1/1.6 MB | 1.9/5.3 MB | 0.2/6.0 MB | 0.9/2.1 MB
Progress (5): 0.1/1.9 MB | 1.1/1.6 MB | 1.9/5.3 MB | 0.2/6.0 MB | 0.9/2.1 MB
Progress (5): 0.1/1.9 MB | 1.1/1.6 MB | 1.9/5.3 MB | 0.2/6.0 MB | 0.9/2.1 MB
Progress (5): 0.1/1.9 MB | 1.1/1.6 MB | 1.9/5.3 MB | 0.2/6.0 MB | 0.9/2.1 MB
Progress (5): 0.1/1.9 MB | 1.1/1.6 MB | 2.0/5.3 MB | 0.2/6.0 MB | 0.9/2.1 MB
Progress (5): 0.1/1.9 MB | 1.1/1.6 MB | 2.0/5.3 MB | 0.2/6.0 MB | 0.9/2.1 MB
Progress (5): 0.1/1.9 MB | 1.1/1.6 MB | 2.0/5.3 MB | 0.2/6.0 MB | 0.9/2.1 MB
Progress (5): 0.1/1.9 MB | 1.1/1.6 MB | 2.0/5.3 MB | 0.2/6.0 MB | 0.9/2.1 MB
Progress (5): 0.1/1.9 MB | 1.1/1.6 MB | 2.0/5.3 MB | 0.2/6.0 MB | 0.9/2.1 MB
Progress (5): 0.1/1.9 MB | 1.1/1.6 MB | 2.0/5.3 MB | 0.2/6.0 MB | 1.0/2.1 MB
Progress (5): 0.1/1.9 MB | 1.1/1.6 MB | 2.0/5.3 MB | 0.2/6.0 MB | 1.0/2.1 MB
Progress (5): 0.1/1.9 MB | 1.1/1.6 MB | 2.0/5.3 MB | 0.2/6.0 MB | 1.0/2.1 MB
Progress (5): 0.1/1.9 MB | 1.1/1.6 MB | 2.0/5.3 MB | 0.2/6.0 MB | 1.0/2.1 MB
Progress (5): 0.1/1.9 MB | 1.1/1.6 MB | 2.0/5.3 MB | 0.2/6.0 MB | 1.0/2.1 MB
Progress (5): 0.1/1.9 MB | 1.1/1.6 MB | 2.0/5.3 MB | 0.2/6.0 MB | 1.0/2.1 MB
Progress (5): 0.1/1.9 MB | 1.2/1.6 MB | 2.0/5.3 MB | 0.2/6.0 MB | 1.0/2.1 MB
Progress (5): 0.1/1.9 MB | 1.2/1.6 MB | 2.0/5.3 MB | 0.2/6.0 MB | 1.0/2.1 MB
Progress (5): 0.1/1.9 MB | 1.2/1.6 MB | 2.0/5.3 MB | 0.2/6.0 MB | 1.0/2.1 MB
Progress (5): 0.1/1.9 MB | 1.2/1.6 MB | 2.0/5.3 MB | 0.2/6.0 MB | 1.0/2.1 MB
Progress (5): 0.1/1.9 MB | 1.2/1.6 MB | 2.1/5.3 MB | 0.2/6.0 MB | 1.0/2.1 MB
Progress (5): 0.1/1.9 MB | 1.2/1.6 MB | 2.1/5.3 MB | 0.2/6.0 MB | 1.0/2.1 MB
Progress (5): 0.1/1.9 MB | 1.2/1.6 MB | 2.1/5.3 MB | 0.2/6.0 MB | 1.0/2.1 MB
Progress (5): 0.1/1.9 MB | 1.2/1.6 MB | 2.1/5.3 MB | 0.2/6.0 MB | 1.0/2.1 MB
Progress (5): 0.1/1.9 MB | 1.2/1.6 MB | 2.1/5.3 MB | 0.2/6.0 MB | 1.0/2.1 MB
Progress (5): 0.1/1.9 MB | 1.2/1.6 MB | 2.1/5.3 MB | 0.2/6.0 MB | 1.0/2.1 MB
Progress (5): 0.1/1.9 MB | 1.2/1.6 MB | 2.1/5.3 MB | 0.2/6.0 MB | 1.0/2.1 MB
Progress (5): 0.1/1.9 MB | 1.2/1.6 MB | 2.1/5.3 MB | 0.2/6.0 MB | 1.1/2.1 MB
Progress (5): 0.1/1.9 MB | 1.2/1.6 MB | 2.1/5.3 MB | 0.2/6.0 MB | 1.1/2.1 MB
Progress (5): 0.1/1.9 MB | 1.2/1.6 MB | 2.1/5.3 MB | 0.2/6.0 MB | 1.1/2.1 MB
Progress (5): 0.1/1.9 MB | 1.2/1.6 MB | 2.1/5.3 MB | 0.2/6.0 MB | 1.1/2.1 MB
Progress (5): 0.1/1.9 MB | 1.2/1.6 MB | 2.1/5.3 MB | 0.2/6.0 MB | 1.1/2.1 MB
Progress (5): 0.1/1.9 MB | 1.2/1.6 MB | 2.1/5.3 MB | 0.2/6.0 MB | 1.1/2.1 MB
Progress (5): 0.1/1.9 MB | 1.2/1.6 MB | 2.1/5.3 MB | 0.2/6.0 MB | 1.1/2.1 MB
Progress (5): 0.1/1.9 MB | 1.2/1.6 MB | 2.2/5.3 MB | 0.2/6.0 MB | 1.1/2.1 MB
Progress (5): 0.1/1.9 MB | 1.2/1.6 MB | 2.2/5.3 MB | 0.2/6.0 MB | 1.1/2.1 MB
Progress (5): 0.1/1.9 MB | 1.2/1.6 MB | 2.2/5.3 MB | 0.2/6.0 MB | 1.1/2.1 MB
Progress (5): 0.1/1.9 MB | 1.2/1.6 MB | 2.2/5.3 MB | 0.2/6.0 MB | 1.1/2.1 MB
Progress (5): 0.1/1.9 MB | 1.2/1.6 MB | 2.2/5.3 MB | 0.2/6.0 MB | 1.1/2.1 MB
Progress (5): 0.1/1.9 MB | 1.2/1.6 MB | 2.2/5.3 MB | 0.2/6.0 MB | 1.1/2.1 MB
Progress (5): 0.1/1.9 MB | 1.2/1.6 MB | 2.2/5.3 MB | 0.2/6.0 MB | 1.2/2.1 MB
Progress (5): 0.1/1.9 MB | 1.2/1.6 MB | 2.2/5.3 MB | 0.2/6.0 MB | 1.2/2.1 MB
Progress (5): 0.1/1.9 MB | 1.2/1.6 MB | 2.2/5.3 MB | 0.2/6.0 MB | 1.2/2.1 MB
Progress (5): 0.1/1.9 MB | 1.2/1.6 MB | 2.2/5.3 MB | 0.2/6.0 MB | 1.2/2.1 MB
Progress (5): 0.1/1.9 MB | 1.2/1.6 MB | 2.2/5.3 MB | 0.2/6.0 MB | 1.2/2.1 MB
Progress (5): 0.1/1.9 MB | 1.2/1.6 MB | 2.2/5.3 MB | 0.2/6.0 MB | 1.2/2.1 MB
Progress (5): 0.1/1.9 MB | 1.2/1.6 MB | 2.2/5.3 MB | 0.2/6.0 MB | 1.2/2.1 MB
Progress (5): 0.1/1.9 MB | 1.2/1.6 MB | 2.2/5.3 MB | 0.2/6.0 MB | 1.2/2.1 MB
Progress (5): 0.1/1.9 MB | 1.2/1.6 MB | 2.3/5.3 MB | 0.2/6.0 MB | 1.2/2.1 MB
Progress (5): 0.1/1.9 MB | 1.2/1.6 MB | 2.3/5.3 MB | 0.2/6.0 MB | 1.2/2.1 MB
Progress (5): 0.1/1.9 MB | 1.2/1.6 MB | 2.3/5.3 MB | 0.2/6.0 MB | 1.2/2.1 MB
Progress (5): 0.1/1.9 MB | 1.2/1.6 MB | 2.3/5.3 MB | 0.2/6.0 MB | 1.2/2.1 MB
Progress (5): 0.1/1.9 MB | 1.2/1.6 MB | 2.3/5.3 MB | 0.2/6.0 MB | 1.2/2.1 MB
Progress (5): 0.1/1.9 MB | 1.2/1.6 MB | 2.3/5.3 MB | 0.2/6.0 MB | 1.3/2.1 MB
Progress (5): 0.1/1.9 MB | 1.2/1.6 MB | 2.3/5.3 MB | 0.2/6.0 MB | 1.3/2.1 MB
Progress (5): 0.1/1.9 MB | 1.2/1.6 MB | 2.3/5.3 MB | 0.2/6.0 MB | 1.3/2.1 MB
Progress (5): 0.1/1.9 MB | 1.2/1.6 MB | 2.3/5.3 MB | 0.2/6.0 MB | 1.3/2.1 MB
Progress (5): 0.1/1.9 MB | 1.2/1.6 MB | 2.3/5.3 MB | 0.2/6.0 MB | 1.3/2.1 MB
Progress (5): 0.1/1.9 MB | 1.2/1.6 MB | 2.4/5.3 MB | 0.2/6.0 MB | 1.3/2.1 MB
Progress (5): 0.1/1.9 MB | 1.2/1.6 MB | 2.4/5.3 MB | 0.2/6.0 MB | 1.3/2.1 MB
Progress (5): 0.1/1.9 MB | 1.2/1.6 MB | 2.4/5.3 MB | 0.2/6.0 MB | 1.3/2.1 MB
Progress (5): 0.1/1.9 MB | 1.2/1.6 MB | 2.4/5.3 MB | 0.2/6.0 MB | 1.3/2.1 MB
Progress (5): 0.1/1.9 MB | 1.2/1.6 MB | 2.4/5.3 MB | 0.2/6.0 MB | 1.3/2.1 MB
Progress (5): 0.1/1.9 MB | 1.2/1.6 MB | 2.4/5.3 MB | 0.2/6.0 MB | 1.3/2.1 MB
Progress (5): 0.1/1.9 MB | 1.2/1.6 MB | 2.4/5.3 MB | 0.2/6.0 MB | 1.3/2.1 MB
Progress (5): 0.1/1.9 MB | 1.2/1.6 MB | 2.4/5.3 MB | 0.2/6.0 MB | 1.3/2.1 MB
Progress (5): 0.1/1.9 MB | 1.2/1.6 MB | 2.4/5.3 MB | 0.2/6.0 MB | 1.3/2.1 MB
Progress (5): 0.1/1.9 MB | 1.2/1.6 MB | 2.4/5.3 MB | 0.2/6.0 MB | 1.3/2.1 MB
Progress (5): 0.1/1.9 MB | 1.2/1.6 MB | 2.4/5.3 MB | 0.2/6.0 MB | 1.4/2.1 MB
Progress (5): 0.1/1.9 MB | 1.2/1.6 MB | 2.4/5.3 MB | 0.2/6.0 MB | 1.4/2.1 MB
Progress (5): 0.1/1.9 MB | 1.2/1.6 MB | 2.4/5.3 MB | 0.3/6.0 MB | 1.4/2.1 MB
Progress (5): 0.1/1.9 MB | 1.2/1.6 MB | 2.4/5.3 MB | 0.3/6.0 MB | 1.4/2.1 MB
Progress (5): 0.1/1.9 MB | 1.2/1.6 MB | 2.4/5.3 MB | 0.3/6.0 MB | 1.4/2.1 MB
Progress (5): 0.1/1.9 MB | 1.2/1.6 MB | 2.5/5.3 MB | 0.3/6.0 MB | 1.4/2.1 MB
Progress (5): 0.1/1.9 MB | 1.2/1.6 MB | 2.5/5.3 MB | 0.3/6.0 MB | 1.4/2.1 MB
Progress (5): 0.1/1.9 MB | 1.2/1.6 MB | 2.5/5.3 MB | 0.3/6.0 MB | 1.4/2.1 MB
Progress (5): 0.1/1.9 MB | 1.2/1.6 MB | 2.5/5.3 MB | 0.3/6.0 MB | 1.4/2.1 MB
Progress (5): 0.1/1.9 MB | 1.2/1.6 MB | 2.5/5.3 MB | 0.3/6.0 MB | 1.4/2.1 MB
Progress (5): 0.1/1.9 MB | 1.2/1.6 MB | 2.5/5.3 MB | 0.3/6.0 MB | 1.4/2.1 MB
Progress (5): 0.1/1.9 MB | 1.2/1.6 MB | 2.5/5.3 MB | 0.3/6.0 MB | 1.4/2.1 MB
Progress (5): 0.1/1.9 MB | 1.2/1.6 MB | 2.5/5.3 MB | 0.3/6.0 MB | 1.4/2.1 MB
Progress (5): 0.1/1.9 MB | 1.2/1.6 MB | 2.5/5.3 MB | 0.3/6.0 MB | 1.4/2.1 MB
Progress (5): 0.1/1.9 MB | 1.2/1.6 MB | 2.5/5.3 MB | 0.3/6.0 MB | 1.4/2.1 MB
Progress (5): 0.1/1.9 MB | 1.2/1.6 MB | 2.5/5.3 MB | 0.3/6.0 MB | 1.4/2.1 MB
Progress (5): 0.1/1.9 MB | 1.2/1.6 MB | 2.5/5.3 MB | 0.3/6.0 MB | 1.4/2.1 MB
Progress (5): 0.1/1.9 MB | 1.2/1.6 MB | 2.5/5.3 MB | 0.3/6.0 MB | 1.4/2.1 MB
Progress (5): 0.1/1.9 MB | 1.2/1.6 MB | 2.5/5.3 MB | 0.3/6.0 MB | 1.5/2.1 MB
Progress (5): 0.1/1.9 MB | 1.2/1.6 MB | 2.5/5.3 MB | 0.3/6.0 MB | 1.5/2.1 MB
Progress (5): 0.1/1.9 MB | 1.2/1.6 MB | 2.6/5.3 MB | 0.3/6.0 MB | 1.5/2.1 MB
Progress (5): 0.1/1.9 MB | 1.2/1.6 MB | 2.6/5.3 MB | 0.3/6.0 MB | 1.5/2.1 MB
Progress (5): 0.1/1.9 MB | 1.2/1.6 MB | 2.6/5.3 MB | 0.3/6.0 MB | 1.5/2.1 MB
Progress (5): 0.1/1.9 MB | 1.2/1.6 MB | 2.6/5.3 MB | 0.3/6.0 MB | 1.5/2.1 MB
Progress (5): 0.1/1.9 MB | 1.2/1.6 MB | 2.6/5.3 MB | 0.3/6.0 MB | 1.5/2.1 MB
Progress (5): 0.1/1.9 MB | 1.2/1.6 MB | 2.6/5.3 MB | 0.3/6.0 MB | 1.5/2.1 MB
Progress (5): 0.1/1.9 MB | 1.2/1.6 MB | 2.6/5.3 MB | 0.3/6.0 MB | 1.5/2.1 MB
Progress (5): 0.1/1.9 MB | 1.2/1.6 MB | 2.6/5.3 MB | 0.3/6.0 MB | 1.5/2.1 MB
Progress (5): 0.1/1.9 MB | 1.3/1.6 MB | 2.6/5.3 MB | 0.3/6.0 MB | 1.5/2.1 MB
Progress (5): 0.1/1.9 MB | 1.3/1.6 MB | 2.6/5.3 MB | 0.3/6.0 MB | 1.5/2.1 MB
Progress (5): 0.1/1.9 MB | 1.3/1.6 MB | 2.6/5.3 MB | 0.3/6.0 MB | 1.5/2.1 MB
Progress (5): 0.1/1.9 MB | 1.3/1.6 MB | 2.6/5.3 MB | 0.3/6.0 MB | 1.5/2.1 MB
Progress (5): 0.1/1.9 MB | 1.3/1.6 MB | 2.7/5.3 MB | 0.3/6.0 MB | 1.5/2.1 MB
Progress (5): 0.1/1.9 MB | 1.3/1.6 MB | 2.7/5.3 MB | 0.3/6.0 MB | 1.6/2.1 MB
Progress (5): 0.1/1.9 MB | 1.3/1.6 MB | 2.7/5.3 MB | 0.3/6.0 MB | 1.6/2.1 MB
Progress (5): 0.1/1.9 MB | 1.3/1.6 MB | 2.7/5.3 MB | 0.3/6.0 MB | 1.6/2.1 MB
Progress (5): 0.1/1.9 MB | 1.3/1.6 MB | 2.7/5.3 MB | 0.3/6.0 MB | 1.6/2.1 MB
Progress (5): 0.1/1.9 MB | 1.3/1.6 MB | 2.7/5.3 MB | 0.3/6.0 MB | 1.6/2.1 MB
Progress (5): 0.1/1.9 MB | 1.3/1.6 MB | 2.7/5.3 MB | 0.3/6.0 MB | 1.6/2.1 MB
Progress (5): 0.1/1.9 MB | 1.3/1.6 MB | 2.7/5.3 MB | 0.3/6.0 MB | 1.6/2.1 MB
Progress (5): 0.1/1.9 MB | 1.3/1.6 MB | 2.7/5.3 MB | 0.3/6.0 MB | 1.6/2.1 MB
Progress (5): 0.1/1.9 MB | 1.3/1.6 MB | 2.7/5.3 MB | 0.3/6.0 MB | 1.6/2.1 MB
Progress (5): 0.1/1.9 MB | 1.3/1.6 MB | 2.7/5.3 MB | 0.3/6.0 MB | 1.6/2.1 MB
Progress (5): 0.1/1.9 MB | 1.3/1.6 MB | 2.7/5.3 MB | 0.3/6.0 MB | 1.6/2.1 MB
Progress (5): 0.1/1.9 MB | 1.3/1.6 MB | 2.8/5.3 MB | 0.3/6.0 MB | 1.6/2.1 MB
Progress (5): 0.1/1.9 MB | 1.3/1.6 MB | 2.8/5.3 MB | 0.3/6.0 MB | 1.6/2.1 MB
Progress (5): 0.1/1.9 MB | 1.3/1.6 MB | 2.8/5.3 MB | 0.3/6.0 MB | 1.6/2.1 MB
Progress (5): 0.1/1.9 MB | 1.3/1.6 MB | 2.8/5.3 MB | 0.3/6.0 MB | 1.6/2.1 MB
Progress (5): 0.1/1.9 MB | 1.3/1.6 MB | 2.8/5.3 MB | 0.3/6.0 MB | 1.6/2.1 MB
Progress (5): 0.1/1.9 MB | 1.3/1.6 MB | 2.8/5.3 MB | 0.3/6.0 MB | 1.6/2.1 MB
Progress (5): 0.1/1.9 MB | 1.3/1.6 MB | 2.8/5.3 MB | 0.3/6.0 MB | 1.6/2.1 MB
Progress (5): 0.1/1.9 MB | 1.3/1.6 MB | 2.8/5.3 MB | 0.3/6.0 MB | 1.7/2.1 MB
Progress (5): 0.1/1.9 MB | 1.3/1.6 MB | 2.8/5.3 MB | 0.3/6.0 MB | 1.7/2.1 MB
Progress (5): 0.1/1.9 MB | 1.3/1.6 MB | 2.8/5.3 MB | 0.3/6.0 MB | 1.7/2.1 MB
Progress (5): 0.1/1.9 MB | 1.3/1.6 MB | 2.8/5.3 MB | 0.3/6.0 MB | 1.7/2.1 MB
Progress (5): 0.1/1.9 MB | 1.3/1.6 MB | 2.8/5.3 MB | 0.3/6.0 MB | 1.7/2.1 MB
Progress (5): 0.1/1.9 MB | 1.3/1.6 MB | 2.8/5.3 MB | 0.3/6.0 MB | 1.7/2.1 MB
Progress (5): 0.1/1.9 MB | 1.3/1.6 MB | 2.9/5.3 MB | 0.3/6.0 MB | 1.7/2.1 MB
Progress (5): 0.1/1.9 MB | 1.3/1.6 MB | 2.9/5.3 MB | 0.3/6.0 MB | 1.7/2.1 MB
Progress (5): 0.1/1.9 MB | 1.3/1.6 MB | 2.9/5.3 MB | 0.3/6.0 MB | 1.7/2.1 MB
Progress (5): 0.1/1.9 MB | 1.3/1.6 MB | 2.9/5.3 MB | 0.3/6.0 MB | 1.7/2.1 MB
Progress (5): 0.1/1.9 MB | 1.3/1.6 MB | 2.9/5.3 MB | 0.3/6.0 MB | 1.7/2.1 MB
Progress (5): 0.1/1.9 MB | 1.3/1.6 MB | 2.9/5.3 MB | 0.3/6.0 MB | 1.7/2.1 MB
Progress (5): 0.1/1.9 MB | 1.3/1.6 MB | 2.9/5.3 MB | 0.3/6.0 MB | 1.7/2.1 MB
Progress (5): 0.1/1.9 MB | 1.3/1.6 MB | 2.9/5.3 MB | 0.3/6.0 MB | 1.7/2.1 MB
Progress (5): 0.1/1.9 MB | 1.3/1.6 MB | 2.9/5.3 MB | 0.3/6.0 MB | 1.7/2.1 MB
Progress (5): 0.1/1.9 MB | 1.3/1.6 MB | 2.9/5.3 MB | 0.3/6.0 MB | 1.7/2.1 MB
Progress (5): 0.1/1.9 MB | 1.3/1.6 MB | 2.9/5.3 MB | 0.3/6.0 MB | 1.7/2.1 MB
Progress (5): 0.1/1.9 MB | 1.3/1.6 MB | 2.9/5.3 MB | 0.3/6.0 MB | 1.7/2.1 MB
Progress (5): 0.1/1.9 MB | 1.3/1.6 MB | 2.9/5.3 MB | 0.3/6.0 MB | 1.7/2.1 MB
Progress (5): 0.1/1.9 MB | 1.3/1.6 MB | 3.0/5.3 MB | 0.3/6.0 MB | 1.7/2.1 MB
Progress (5): 0.1/1.9 MB | 1.3/1.6 MB | 3.0/5.3 MB | 0.3/6.0 MB | 1.7/2.1 MB
Progress (5): 0.1/1.9 MB | 1.3/1.6 MB | 3.0/5.3 MB | 0.3/6.0 MB | 1.7/2.1 MB
Progress (5): 0.1/1.9 MB | 1.3/1.6 MB | 3.0/5.3 MB | 0.3/6.0 MB | 1.7/2.1 MB
Progress (5): 0.1/1.9 MB | 1.3/1.6 MB | 3.0/5.3 MB | 0.3/6.0 MB | 1.7/2.1 MB
Progress (5): 0.1/1.9 MB | 1.3/1.6 MB | 3.0/5.3 MB | 0.3/6.0 MB | 1.7/2.1 MB
Progress (5): 0.1/1.9 MB | 1.3/1.6 MB | 3.0/5.3 MB | 0.3/6.0 MB | 1.8/2.1 MB
Progress (5): 0.1/1.9 MB | 1.3/1.6 MB | 3.0/5.3 MB | 0.3/6.0 MB | 1.8/2.1 MB
Progress (5): 0.1/1.9 MB | 1.3/1.6 MB | 3.0/5.3 MB | 0.3/6.0 MB | 1.8/2.1 MB
Progress (5): 0.1/1.9 MB | 1.3/1.6 MB | 3.0/5.3 MB | 0.3/6.0 MB | 1.8/2.1 MB
Progress (5): 0.1/1.9 MB | 1.3/1.6 MB | 3.0/5.3 MB | 0.3/6.0 MB | 1.8/2.1 MB
Progress (5): 0.1/1.9 MB | 1.3/1.6 MB | 3.0/5.3 MB | 0.3/6.0 MB | 1.8/2.1 MB
Progress (5): 0.1/1.9 MB | 1.3/1.6 MB | 3.1/5.3 MB | 0.3/6.0 MB | 1.8/2.1 MB
Progress (5): 0.1/1.9 MB | 1.3/1.6 MB | 3.1/5.3 MB | 0.3/6.0 MB | 1.8/2.1 MB
Progress (5): 0.1/1.9 MB | 1.3/1.6 MB | 3.1/5.3 MB | 0.3/6.0 MB | 1.8/2.1 MB
Progress (5): 0.1/1.9 MB | 1.3/1.6 MB | 3.1/5.3 MB | 0.4/6.0 MB | 1.8/2.1 MB
Progress (5): 0.1/1.9 MB | 1.3/1.6 MB | 3.1/5.3 MB | 0.4/6.0 MB | 1.8/2.1 MB
Progress (5): 0.1/1.9 MB | 1.3/1.6 MB | 3.1/5.3 MB | 0.4/6.0 MB | 1.8/2.1 MB
Progress (5): 0.1/1.9 MB | 1.3/1.6 MB | 3.1/5.3 MB | 0.4/6.0 MB | 1.8/2.1 MB
Progress (5): 0.1/1.9 MB | 1.3/1.6 MB | 3.1/5.3 MB | 0.4/6.0 MB | 1.8/2.1 MB
Progress (5): 0.1/1.9 MB | 1.3/1.6 MB | 3.1/5.3 MB | 0.4/6.0 MB | 1.9/2.1 MB
Progress (5): 0.1/1.9 MB | 1.3/1.6 MB | 3.1/5.3 MB | 0.4/6.0 MB | 1.9/2.1 MB
Progress (5): 0.1/1.9 MB | 1.3/1.6 MB | 3.1/5.3 MB | 0.4/6.0 MB | 1.9/2.1 MB
Progress (5): 0.1/1.9 MB | 1.3/1.6 MB | 3.1/5.3 MB | 0.4/6.0 MB | 1.9/2.1 MB
Progress (5): 0.1/1.9 MB | 1.3/1.6 MB | 3.2/5.3 MB | 0.4/6.0 MB | 1.9/2.1 MB
Progress (5): 0.1/1.9 MB | 1.3/1.6 MB | 3.2/5.3 MB | 0.4/6.0 MB | 1.9/2.1 MB
Progress (5): 0.1/1.9 MB | 1.3/1.6 MB | 3.2/5.3 MB | 0.4/6.0 MB | 1.9/2.1 MB
Progress (5): 0.1/1.9 MB | 1.3/1.6 MB | 3.2/5.3 MB | 0.4/6.0 MB | 1.9/2.1 MB
Progress (5): 0.1/1.9 MB | 1.3/1.6 MB | 3.2/5.3 MB | 0.4/6.0 MB | 1.9/2.1 MB
Progress (5): 0.1/1.9 MB | 1.3/1.6 MB | 3.2/5.3 MB | 0.4/6.0 MB | 1.9/2.1 MB
Progress (5): 0.1/1.9 MB | 1.3/1.6 MB | 3.2/5.3 MB | 0.4/6.0 MB | 1.9/2.1 MB
Progress (5): 0.1/1.9 MB | 1.3/1.6 MB | 3.2/5.3 MB | 0.4/6.0 MB | 1.9/2.1 MB
Progress (5): 0.1/1.9 MB | 1.3/1.6 MB | 3.2/5.3 MB | 0.4/6.0 MB | 1.9/2.1 MB
Progress (5): 0.1/1.9 MB | 1.3/1.6 MB | 3.2/5.3 MB | 0.4/6.0 MB | 1.9/2.1 MB
Progress (5): 0.1/1.9 MB | 1.3/1.6 MB | 3.2/5.3 MB | 0.4/6.0 MB | 1.9/2.1 MB
Progress (5): 0.1/1.9 MB | 1.3/1.6 MB | 3.2/5.3 MB | 0.4/6.0 MB | 1.9/2.1 MB
Progress (5): 0.1/1.9 MB | 1.3/1.6 MB | 3.2/5.3 MB | 0.4/6.0 MB | 2.0/2.1 MB
Progress (5): 0.1/1.9 MB | 1.3/1.6 MB | 3.2/5.3 MB | 0.4/6.0 MB | 2.0/2.1 MB
Progress (5): 0.1/1.9 MB | 1.3/1.6 MB | 3.2/5.3 MB | 0.4/6.0 MB | 2.0/2.1 MB
Progress (5): 0.1/1.9 MB | 1.3/1.6 MB | 3.3/5.3 MB | 0.4/6.0 MB | 2.0/2.1 MB
Progress (5): 0.1/1.9 MB | 1.4/1.6 MB | 3.3/5.3 MB | 0.4/6.0 MB | 2.0/2.1 MB
Progress (5): 0.1/1.9 MB | 1.4/1.6 MB | 3.3/5.3 MB | 0.4/6.0 MB | 2.0/2.1 MB
Progress (5): 0.1/1.9 MB | 1.4/1.6 MB | 3.3/5.3 MB | 0.4/6.0 MB | 2.0/2.1 MB
Progress (5): 0.1/1.9 MB | 1.4/1.6 MB | 3.3/5.3 MB | 0.4/6.0 MB | 2.0/2.1 MB
Progress (5): 0.1/1.9 MB | 1.4/1.6 MB | 3.3/5.3 MB | 0.4/6.0 MB | 2.0/2.1 MB
Progress (5): 0.1/1.9 MB | 1.4/1.6 MB | 3.3/5.3 MB | 0.4/6.0 MB | 2.0/2.1 MB
Progress (5): 0.1/1.9 MB | 1.4/1.6 MB | 3.3/5.3 MB | 0.4/6.0 MB | 2.0/2.1 MB
Progress (5): 0.1/1.9 MB | 1.4/1.6 MB | 3.3/5.3 MB | 0.4/6.0 MB | 2.0/2.1 MB
Progress (5): 0.1/1.9 MB | 1.4/1.6 MB | 3.3/5.3 MB | 0.4/6.0 MB | 2.0/2.1 MB
Progress (5): 0.1/1.9 MB | 1.4/1.6 MB | 3.4/5.3 MB | 0.4/6.0 MB | 2.0/2.1 MB
Progress (5): 0.1/1.9 MB | 1.4/1.6 MB | 3.4/5.3 MB | 0.4/6.0 MB | 2.0/2.1 MB
Progress (5): 0.1/1.9 MB | 1.4/1.6 MB | 3.4/5.3 MB | 0.4/6.0 MB | 2.0/2.1 MB
Progress (5): 0.1/1.9 MB | 1.4/1.6 MB | 3.4/5.3 MB | 0.4/6.0 MB | 2.0/2.1 MB
Progress (5): 0.1/1.9 MB | 1.4/1.6 MB | 3.4/5.3 MB | 0.4/6.0 MB | 2.0/2.1 MB
Progress (5): 0.1/1.9 MB | 1.4/1.6 MB | 3.4/5.3 MB | 0.4/6.0 MB | 2.0/2.1 MB
Progress (5): 0.1/1.9 MB | 1.4/1.6 MB | 3.4/5.3 MB | 0.4/6.0 MB | 2.0/2.1 MB
Progress (5): 0.1/1.9 MB | 1.4/1.6 MB | 3.4/5.3 MB | 0.4/6.0 MB | 2.0/2.1 MB
Progress (5): 0.1/1.9 MB | 1.4/1.6 MB | 3.4/5.3 MB | 0.4/6.0 MB | 2.0/2.1 MB
Progress (5): 0.1/1.9 MB | 1.4/1.6 MB | 3.5/5.3 MB | 0.4/6.0 MB | 2.0/2.1 MB
Progress (5): 0.1/1.9 MB | 1.4/1.6 MB | 3.5/5.3 MB | 0.4/6.0 MB | 2.0/2.1 MB
Progress (5): 0.1/1.9 MB | 1.4/1.6 MB | 3.5/5.3 MB | 0.4/6.0 MB | 2.1/2.1 MB
Progress (5): 0.1/1.9 MB | 1.4/1.6 MB | 3.5/5.3 MB | 0.4/6.0 MB | 2.1/2.1 MB
Progress (5): 0.1/1.9 MB | 1.4/1.6 MB | 3.5/5.3 MB | 0.4/6.0 MB | 2.1/2.1 MB
Progress (5): 0.1/1.9 MB | 1.4/1.6 MB | 3.5/5.3 MB | 0.4/6.0 MB | 2.1/2.1 MB
Progress (5): 0.1/1.9 MB | 1.4/1.6 MB | 3.5/5.3 MB | 0.4/6.0 MB | 2.1/2.1 MB
Progress (5): 0.1/1.9 MB | 1.4/1.6 MB | 3.5/5.3 MB | 0.4/6.0 MB | 2.1/2.1 MB
Progress (5): 0.1/1.9 MB | 1.4/1.6 MB | 3.5/5.3 MB | 0.4/6.0 MB | 2.1/2.1 MB
Progress (5): 0.1/1.9 MB | 1.4/1.6 MB | 3.5/5.3 MB | 0.4/6.0 MB | 2.1/2.1 MB
Progress (5): 0.1/1.9 MB | 1.4/1.6 MB | 3.5/5.3 MB | 0.4/6.0 MB | 2.1/2.1 MB
Progress (5): 0.1/1.9 MB | 1.4/1.6 MB | 3.6/5.3 MB | 0.4/6.0 MB | 2.1/2.1 MB
Progress (5): 0.1/1.9 MB | 1.4/1.6 MB | 3.6/5.3 MB | 0.4/6.0 MB | 2.1/2.1 MB
Progress (5): 0.1/1.9 MB | 1.4/1.6 MB | 3.6/5.3 MB | 0.4/6.0 MB | 2.1/2.1 MB
Progress (5): 0.1/1.9 MB | 1.4/1.6 MB | 3.6/5.3 MB | 0.4/6.0 MB | 2.1/2.1 MB
Progress (5): 0.1/1.9 MB | 1.4/1.6 MB | 3.6/5.3 MB | 0.4/6.0 MB | 2.1 MB    
                                                                        
Downloaded from central: https://repo.maven.apache.org/maven2/org/xerial/snappy/snappy-java/1.1.10.4/snappy-java-1.1.10.4.jar (2.1 MB at 45 kB/s)
Downloading from central: https://repo.maven.apache.org/maven2/org/springframework/boot/spring-boot-starter-test/3.2.0/spring-boot-starter-test-3.2.0.jar
Progress (4): 0.1/1.9 MB | 1.4/1.6 MB | 3.6/5.3 MB | 0.4/6.0 MB
Progress (4): 0.1/1.9 MB | 1.4/1.6 MB | 3.6/5.3 MB | 0.4/6.0 MB
Progress (4): 0.1/1.9 MB | 1.4/1.6 MB | 3.6/5.3 MB | 0.4/6.0 MB
Progress (4): 0.1/1.9 MB | 1.4/1.6 MB | 3.6/5.3 MB | 0.4/6.0 MB
Progress (4): 0.1/1.9 MB | 1.4/1.6 MB | 3.6/5.3 MB | 0.4/6.0 MB
Progress (4): 0.1/1.9 MB | 1.4/1.6 MB | 3.6/5.3 MB | 0.4/6.0 MB
Progress (4): 0.1/1.9 MB | 1.4/1.6 MB | 3.7/5.3 MB | 0.4/6.0 MB
Progress (4): 0.1/1.9 MB | 1.4/1.6 MB | 3.7/5.3 MB | 0.4/6.0 MB
Progress (4): 0.1/1.9 MB | 1.4/1.6 MB | 3.7/5.3 MB | 0.4/6.0 MB
Progress (4): 0.1/1.9 MB | 1.4/1.6 MB | 3.7/5.3 MB | 0.4/6.0 MB
Progress (4): 0.1/1.9 MB | 1.4/1.6 MB | 3.7/5.3 MB | 0.4/6.0 MB
Progress (4): 0.1/1.9 MB | 1.4/1.6 MB | 3.7/5.3 MB | 0.4/6.0 MB
Progress (4): 0.1/1.9 MB | 1.4/1.6 MB | 3.7/5.3 MB | 0.4/6.0 MB
Progress (4): 0.1/1.9 MB | 1.4/1.6 MB | 3.8/5.3 MB | 0.4/6.0 MB
Progress (4): 0.1/1.9 MB | 1.4/1.6 MB | 3.8/5.3 MB | 0.4/6.0 MB
Progress (4): 0.1/1.9 MB | 1.4/1.6 MB | 3.8/5.3 MB | 0.4/6.0 MB
Progress (4): 0.1/1.9 MB | 1.4/1.6 MB | 3.8/5.3 MB | 0.4/6.0 MB
Progress (4): 0.1/1.9 MB | 1.4/1.6 MB | 3.8/5.3 MB | 0.4/6.0 MB
Progress (4): 0.1/1.9 MB | 1.4/1.6 MB | 3.8/5.3 MB | 0.4/6.0 MB
Progress (5): 0.1/1.9 MB | 1.4/1.6 MB | 3.8/5.3 MB | 0.4/6.0 MB | 4.8 kB
                                                                        
Downloaded from central: https://repo.maven.apache.org/maven2/org/springframework/boot/spring-boot-starter-test/3.2.0/spring-boot-starter-test-3.2.0.jar (4.8 kB at 101 B/s)
Downloading from central: https://repo.maven.apache.org/maven2/org/springframework/boot/spring-boot-test/3.2.0/spring-boot-test-3.2.0.jar
Progress (4): 0.1/1.9 MB | 1.4/1.6 MB | 3.8/5.3 MB | 0.4/6.0 MB
Progress (4): 0.1/1.9 MB | 1.4/1.6 MB | 3.8/5.3 MB | 0.4/6.0 MB
Progress (4): 0.1/1.9 MB | 1.4/1.6 MB | 3.9/5.3 MB | 0.4/6.0 MB
Progress (4): 0.1/1.9 MB | 1.4/1.6 MB | 3.9/5.3 MB | 0.4/6.0 MB
Progress (4): 0.1/1.9 MB | 1.4/1.6 MB | 3.9/5.3 MB | 0.4/6.0 MB
Progress (4): 0.1/1.9 MB | 1.4/1.6 MB | 3.9/5.3 MB | 0.4/6.0 MB
Progress (4): 0.1/1.9 MB | 1.4/1.6 MB | 3.9/5.3 MB | 0.4/6.0 MB
Progress (4): 0.1/1.9 MB | 1.4/1.6 MB | 3.9/5.3 MB | 0.4/6.0 MB
Progress (4): 0.1/1.9 MB | 1.4/1.6 MB | 3.9/5.3 MB | 0.4/6.0 MB
Progress (4): 0.1/1.9 MB | 1.4/1.6 MB | 4.0/5.3 MB | 0.4/6.0 MB
Progress (4): 0.1/1.9 MB | 1.4/1.6 MB | 4.0/5.3 MB | 0.4/6.0 MB
Progress (4): 0.1/1.9 MB | 1.4/1.6 MB | 4.0/5.3 MB | 0.4/6.0 MB
Progress (4): 0.1/1.9 MB | 1.4/1.6 MB | 4.0/5.3 MB | 0.4/6.0 MB
Progress (4): 0.1/1.9 MB | 1.4/1.6 MB | 4.0/5.3 MB | 0.4/6.0 MB
Progress (4): 0.1/1.9 MB | 1.4/1.6 MB | 4.0/5.3 MB | 0.4/6.0 MB
Progress (4): 0.1/1.9 MB | 1.4/1.6 MB | 4.0/5.3 MB | 0.4/6.0 MB
Progress (4): 0.1/1.9 MB | 1.4/1.6 MB | 4.1/5.3 MB | 0.4/6.0 MB
Progress (4): 0.1/1.9 MB | 1.4/1.6 MB | 4.1/5.3 MB | 0.4/6.0 MB
Progress (4): 0.1/1.9 MB | 1.4/1.6 MB | 4.1/5.3 MB | 0.4/6.0 MB
Progress (4): 0.1/1.9 MB | 1.4/1.6 MB | 4.1/5.3 MB | 0.4/6.0 MB
Progress (4): 0.1/1.9 MB | 1.4/1.6 MB | 4.1/5.3 MB | 0.4/6.0 MB
Progress (5): 0.1/1.9 MB | 1.4/1.6 MB | 4.1/5.3 MB | 0.4/6.0 MB | 7.7/245 kB
Progress (5): 0.1/1.9 MB | 1.4/1.6 MB | 4.1/5.3 MB | 0.4/6.0 MB | 16/245 kB 
Progress (5): 0.1/1.9 MB | 1.4/1.6 MB | 4.1/5.3 MB | 0.4/6.0 MB | 16/245 kB
Progress (5): 0.1/1.9 MB | 1.4/1.6 MB | 4.1/5.3 MB | 0.4/6.0 MB | 16/245 kB
Progress (5): 0.1/1.9 MB | 1.4/1.6 MB | 4.2/5.3 MB | 0.4/6.0 MB | 16/245 kB
Progress (5): 0.1/1.9 MB | 1.4/1.6 MB | 4.2/5.3 MB | 0.4/6.0 MB | 32/245 kB
Progress (5): 0.1/1.9 MB | 1.4/1.6 MB | 4.2/5.3 MB | 0.4/6.0 MB | 49/245 kB
Progress (5): 0.1/1.9 MB | 1.4/1.6 MB | 4.2/5.3 MB | 0.4/6.0 MB | 61/245 kB
Progress (5): 0.1/1.9 MB | 1.4/1.6 MB | 4.2/5.3 MB | 0.4/6.0 MB | 61/245 kB
Progress (5): 0.1/1.9 MB | 1.4/1.6 MB | 4.2/5.3 MB | 0.4/6.0 MB | 61/245 kB
Progress (5): 0.1/1.9 MB | 1.4/1.6 MB | 4.2/5.3 MB | 0.4/6.0 MB | 77/245 kB
Progress (5): 0.1/1.9 MB | 1.4/1.6 MB | 4.2/5.3 MB | 0.4/6.0 MB | 77/245 kB
Progress (5): 0.1/1.9 MB | 1.4/1.6 MB | 4.2/5.3 MB | 0.4/6.0 MB | 77/245 kB
Progress (5): 0.1/1.9 MB | 1.4/1.6 MB | 4.2/5.3 MB | 0.4/6.0 MB | 77/245 kB
Progress (5): 0.1/1.9 MB | 1.4/1.6 MB | 4.2/5.3 MB | 0.4/6.0 MB | 77/245 kB
Progress (5): 0.1/1.9 MB | 1.4/1.6 MB | 4.3/5.3 MB | 0.4/6.0 MB | 77/245 kB
Progress (5): 0.1/1.9 MB | 1.4/1.6 MB | 4.3/5.3 MB | 0.5/6.0 MB | 77/245 kB
Progress (5): 0.1/1.9 MB | 1.4/1.6 MB | 4.3/5.3 MB | 0.5/6.0 MB | 93/245 kB
Progress (5): 0.1/1.9 MB | 1.4/1.6 MB | 4.3/5.3 MB | 0.5/6.0 MB | 110/245 kB
Progress (5): 0.1/1.9 MB | 1.5/1.6 MB | 4.3/5.3 MB | 0.5/6.0 MB | 110/245 kB
Progress (5): 0.1/1.9 MB | 1.5/1.6 MB | 4.3/5.3 MB | 0.5/6.0 MB | 110/245 kB
Progress (5): 0.1/1.9 MB | 1.5/1.6 MB | 4.3/5.3 MB | 0.5/6.0 MB | 110/245 kB
Progress (5): 0.1/1.9 MB | 1.5/1.6 MB | 4.3/5.3 MB | 0.5/6.0 MB | 110/245 kB
Progress (5): 0.1/1.9 MB | 1.5/1.6 MB | 4.3/5.3 MB | 0.5/6.0 MB | 110/245 kB
Progress (5): 0.1/1.9 MB | 1.5/1.6 MB | 4.3/5.3 MB | 0.5/6.0 MB | 110/245 kB
Progress (5): 0.1/1.9 MB | 1.5/1.6 MB | 4.3/5.3 MB | 0.5/6.0 MB | 110/245 kB
Progress (5): 0.1/1.9 MB | 1.5/1.6 MB | 4.4/5.3 MB | 0.5/6.0 MB | 110/245 kB
Progress (5): 0.1/1.9 MB | 1.5/1.6 MB | 4.4/5.3 MB | 0.5/6.0 MB | 110/245 kB
Progress (5): 0.1/1.9 MB | 1.5/1.6 MB | 4.4/5.3 MB | 0.5/6.0 MB | 110/245 kB
Progress (5): 0.1/1.9 MB | 1.5/1.6 MB | 4.4/5.3 MB | 0.5/6.0 MB | 126/245 kB
Progress (5): 0.1/1.9 MB | 1.5/1.6 MB | 4.4/5.3 MB | 0.5/6.0 MB | 129/245 kB
Progress (5): 0.1/1.9 MB | 1.5/1.6 MB | 4.4/5.3 MB | 0.5/6.0 MB | 137/245 kB
Progress (5): 0.1/1.9 MB | 1.5/1.6 MB | 4.4/5.3 MB | 0.5/6.0 MB | 154/245 kB
Progress (5): 0.1/1.9 MB | 1.5/1.6 MB | 4.4/5.3 MB | 0.5/6.0 MB | 170/245 kB
Progress (5): 0.1/1.9 MB | 1.5/1.6 MB | 4.4/5.3 MB | 0.5/6.0 MB | 186/245 kB
Progress (5): 0.1/1.9 MB | 1.5/1.6 MB | 4.4/5.3 MB | 0.5/6.0 MB | 186/245 kB
Progress (5): 0.1/1.9 MB | 1.5/1.6 MB | 4.4/5.3 MB | 0.5/6.0 MB | 186/245 kB
Progress (5): 0.1/1.9 MB | 1.5/1.6 MB | 4.4/5.3 MB | 0.5/6.0 MB | 186/245 kB
Progress (5): 0.1/1.9 MB | 1.5/1.6 MB | 4.4/5.3 MB | 0.5/6.0 MB | 186/245 kB
Progress (5): 0.1/1.9 MB | 1.5/1.6 MB | 4.5/5.3 MB | 0.5/6.0 MB | 186/245 kB
Progress (5): 0.1/1.9 MB | 1.5/1.6 MB | 4.5/5.3 MB | 0.5/6.0 MB | 186/245 kB
Progress (5): 0.1/1.9 MB | 1.5/1.6 MB | 4.5/5.3 MB | 0.5/6.0 MB | 186/245 kB
Progress (5): 0.1/1.9 MB | 1.5/1.6 MB | 4.5/5.3 MB | 0.5/6.0 MB | 186/245 kB
Progress (5): 0.1/1.9 MB | 1.5/1.6 MB | 4.5/5.3 MB | 0.5/6.0 MB | 203/245 kB
Progress (5): 0.1/1.9 MB | 1.5/1.6 MB | 4.5/5.3 MB | 0.5/6.0 MB | 219/245 kB
Progress (5): 0.1/1.9 MB | 1.5/1.6 MB | 4.5/5.3 MB | 0.5/6.0 MB | 219/245 kB
Progress (5): 0.1/1.9 MB | 1.5/1.6 MB | 4.5/5.3 MB | 0.5/6.0 MB | 219/245 kB
Progress (5): 0.1/1.9 MB | 1.5/1.6 MB | 4.5/5.3 MB | 0.5/6.0 MB | 219/245 kB
Progress (5): 0.1/1.9 MB | 1.5/1.6 MB | 4.5/5.3 MB | 0.5/6.0 MB | 236/245 kB
Progress (5): 0.1/1.9 MB | 1.5/1.6 MB | 4.6/5.3 MB | 0.5/6.0 MB | 236/245 kB
Progress (5): 0.1/1.9 MB | 1.5/1.6 MB | 4.6/5.3 MB | 0.5/6.0 MB | 245 kB    
Progress (5): 0.1/1.9 MB | 1.5/1.6 MB | 4.6/5.3 MB | 0.5/6.0 MB | 245 kB
Progress (5): 0.1/1.9 MB | 1.5/1.6 MB | 4.6/5.3 MB | 0.5/6.0 MB | 245 kB
Progress (5): 0.1/1.9 MB | 1.5/1.6 MB | 4.6/5.3 MB | 0.5/6.0 MB | 245 kB
                                                                        
Downloaded from central: https://repo.maven.apache.org/maven2/org/springframework/boot/spring-boot-test/3.2.0/spring-boot-test-3.2.0.jar (245 kB at 5.1 kB/s)
Downloading from central: https://repo.maven.apache.org/maven2/org/springframework/boot/spring-boot-test-autoconfigure/3.2.0/spring-boot-test-autoconfigure-3.2.0.jar
Progress (4): 0.1/1.9 MB | 1.5/1.6 MB | 4.6/5.3 MB | 0.5/6.0 MB
Progress (4): 0.1/1.9 MB | 1.5/1.6 MB | 4.6/5.3 MB | 0.5/6.0 MB
Progress (4): 0.1/1.9 MB | 1.5/1.6 MB | 4.6/5.3 MB | 0.5/6.0 MB
Progress (4): 0.1/1.9 MB | 1.5/1.6 MB | 4.7/5.3 MB | 0.5/6.0 MB
Progress (4): 0.1/1.9 MB | 1.5/1.6 MB | 4.7/5.3 MB | 0.5/6.0 MB
Progress (4): 0.1/1.9 MB | 1.5/1.6 MB | 4.7/5.3 MB | 0.5/6.0 MB
Progress (4): 0.1/1.9 MB | 1.5/1.6 MB | 4.7/5.3 MB | 0.5/6.0 MB
Progress (4): 0.1/1.9 MB | 1.5/1.6 MB | 4.7/5.3 MB | 0.5/6.0 MB
Progress (4): 0.1/1.9 MB | 1.5/1.6 MB | 4.7/5.3 MB | 0.5/6.0 MB
Progress (4): 0.1/1.9 MB | 1.5/1.6 MB | 4.8/5.3 MB | 0.5/6.0 MB
Progress (4): 0.1/1.9 MB | 1.5/1.6 MB | 4.8/5.3 MB | 0.5/6.0 MB
Progress (4): 0.1/1.9 MB | 1.5/1.6 MB | 4.8/5.3 MB | 0.5/6.0 MB
Progress (4): 0.1/1.9 MB | 1.5/1.6 MB | 4.8/5.3 MB | 0.5/6.0 MB
Progress (4): 0.1/1.9 MB | 1.5/1.6 MB | 4.8/5.3 MB | 0.5/6.0 MB
Progress (4): 0.1/1.9 MB | 1.5/1.6 MB | 4.8/5.3 MB | 0.5/6.0 MB
Progress (4): 0.1/1.9 MB | 1.5/1.6 MB | 4.8/5.3 MB | 0.5/6.0 MB
Progress (4): 0.1/1.9 MB | 1.5/1.6 MB | 4.9/5.3 MB | 0.5/6.0 MB
Progress (4): 0.1/1.9 MB | 1.5/1.6 MB | 4.9/5.3 MB | 0.5/6.0 MB
Progress (4): 0.1/1.9 MB | 1.5/1.6 MB | 4.9/5.3 MB | 0.5/6.0 MB
Progress (4): 0.1/1.9 MB | 1.5/1.6 MB | 4.9/5.3 MB | 0.5/6.0 MB
Progress (4): 0.1/1.9 MB | 1.5/1.6 MB | 4.9/5.3 MB | 0.5/6.0 MB
Progress (4): 0.1/1.9 MB | 1.5/1.6 MB | 4.9/5.3 MB | 0.5/6.0 MB
Progress (4): 0.1/1.9 MB | 1.5/1.6 MB | 4.9/5.3 MB | 0.5/6.0 MB
Progress (4): 0.1/1.9 MB | 1.5/1.6 MB | 4.9/5.3 MB | 0.5/6.0 MB
Progress (4): 0.1/1.9 MB | 1.5/1.6 MB | 5.0/5.3 MB | 0.5/6.0 MB
Progress (4): 0.1/1.9 MB | 1.5/1.6 MB | 5.0/5.3 MB | 0.5/6.0 MB
Progress (4): 0.1/1.9 MB | 1.5/1.6 MB | 5.0/5.3 MB | 0.5/6.0 MB
Progress (4): 0.1/1.9 MB | 1.5/1.6 MB | 5.0/5.3 MB | 0.5/6.0 MB
Progress (4): 0.1/1.9 MB | 1.5/1.6 MB | 5.0/5.3 MB | 0.5/6.0 MB
Progress (5): 0.1/1.9 MB | 1.5/1.6 MB | 5.0/5.3 MB | 0.5/6.0 MB | 7.7/219 kB
Progress (5): 0.1/1.9 MB | 1.5/1.6 MB | 5.0/5.3 MB | 0.5/6.0 MB | 16/219 kB 
Progress (5): 0.1/1.9 MB | 1.5/1.6 MB | 5.0/5.3 MB | 0.5/6.0 MB | 32/219 kB
Progress (5): 0.1/1.9 MB | 1.5/1.6 MB | 5.0/5.3 MB | 0.5/6.0 MB | 32/219 kB
Progress (5): 0.1/1.9 MB | 1.6/1.6 MB | 5.0/5.3 MB | 0.5/6.0 MB | 32/219 kB
Progress (5): 0.1/1.9 MB | 1.6/1.6 MB | 5.1/5.3 MB | 0.5/6.0 MB | 32/219 kB
Progress (5): 0.1/1.9 MB | 1.6/1.6 MB | 5.1/5.3 MB | 0.5/6.0 MB | 32/219 kB
Progress (5): 0.1/1.9 MB | 1.6/1.6 MB | 5.1/5.3 MB | 0.5/6.0 MB | 32/219 kB
Progress (5): 0.1/1.9 MB | 1.6/1.6 MB | 5.1/5.3 MB | 0.5/6.0 MB | 49/219 kB
Progress (5): 0.1/1.9 MB | 1.6/1.6 MB | 5.1/5.3 MB | 0.5/6.0 MB | 57/219 kB
Progress (5): 0.1/1.9 MB | 1.6/1.6 MB | 5.1/5.3 MB | 0.5/6.0 MB | 74/219 kB
Progress (5): 0.1/1.9 MB | 1.6/1.6 MB | 5.1/5.3 MB | 0.5/6.0 MB | 74/219 kB
Progress (5): 0.1/1.9 MB | 1.6/1.6 MB | 5.1/5.3 MB | 0.5/6.0 MB | 74/219 kB
Progress (5): 0.1/1.9 MB | 1.6/1.6 MB | 5.1/5.3 MB | 0.5/6.0 MB | 90/219 kB
Progress (5): 0.1/1.9 MB | 1.6/1.6 MB | 5.1/5.3 MB | 0.5/6.0 MB | 90/219 kB
Progress (5): 0.1/1.9 MB | 1.6/1.6 MB | 5.2/5.3 MB | 0.5/6.0 MB | 90/219 kB
Progress (5): 0.1/1.9 MB | 1.6/1.6 MB | 5.2/5.3 MB | 0.5/6.0 MB | 90/219 kB
Progress (5): 0.1/1.9 MB | 1.6/1.6 MB | 5.2/5.3 MB | 0.5/6.0 MB | 90/219 kB
Progress (5): 0.1/1.9 MB | 1.6/1.6 MB | 5.2/5.3 MB | 0.5/6.0 MB | 90/219 kB
Progress (5): 0.1/1.9 MB | 1.6/1.6 MB | 5.2/5.3 MB | 0.5/6.0 MB | 90/219 kB
Progress (5): 0.1/1.9 MB | 1.6/1.6 MB | 5.2/5.3 MB | 0.5/6.0 MB | 90/219 kB
Progress (5): 0.1/1.9 MB | 1.6/1.6 MB | 5.3/5.3 MB | 0.5/6.0 MB | 90/219 kB
Progress (5): 0.1/1.9 MB | 1.6/1.6 MB | 5.3 MB | 0.5/6.0 MB | 90/219 kB    
                                                                       
Downloaded from central: https://repo.maven.apache.org/maven2/org/apache/kafka/kafka-clients/3.6.0/kafka-clients-3.6.0.jar (5.3 MB at 107 kB/s)
Downloading from central: https://repo.maven.apache.org/maven2/org/springframework/spring-test/6.1.1/spring-test-6.1.1.jar
Progress (4): 0.1/1.9 MB | 1.6/1.6 MB | 0.5/6.0 MB | 106/219 kB
Progress (4): 0.1/1.9 MB | 1.6/1.6 MB | 0.5/6.0 MB | 123/219 kB
Progress (4): 0.1/1.9 MB | 1.6/1.6 MB | 0.5/6.0 MB | 123/219 kB
Progress (4): 0.1/1.9 MB | 1.6/1.6 MB | 0.5/6.0 MB | 139/219 kB
Progress (4): 0.1/1.9 MB | 1.6/1.6 MB | 0.5/6.0 MB | 156/219 kB
Progress (4): 0.1/1.9 MB | 1.6/1.6 MB | 0.5/6.0 MB | 172/219 kB
Progress (4): 0.1/1.9 MB | 1.6/1.6 MB | 0.5/6.0 MB | 188/219 kB
Progress (4): 0.1/1.9 MB | 1.6/1.6 MB | 0.5/6.0 MB | 188/219 kB
Progress (4): 0.1/1.9 MB | 1.6/1.6 MB | 0.5/6.0 MB | 205/219 kB
Progress (4): 0.1/1.9 MB | 1.6/1.6 MB | 0.5/6.0 MB | 219 kB    
                                                           
Downloaded from central: https://repo.maven.apache.org/maven2/org/springframework/boot/spring-boot-test-autoconfigure/3.2.0/spring-boot-test-autoconfigure-3.2.0.jar (219 kB at 4.4 kB/s)
Progress (3): 0.1/1.9 MB | 1.6/1.6 MB | 0.5/6.0 MB
Progress (3): 0.1/1.9 MB | 1.6 MB | 0.5/6.0 MB    
                                              
Downloaded from central: https://repo.maven.apache.org/maven2/org/springframework/boot/spring-boot/3.2.0/spring-boot-3.2.0.jar (1.6 MB at 32 kB/s)
Progress (2): 0.1/1.9 MB | 0.5/6.0 MB
Progress (3): 0.1/1.9 MB | 0.5/6.0 MB | 7.7/852 kB
Progress (3): 0.1/1.9 MB | 0.5/6.0 MB | 16/852 kB 
Progress (3): 0.1/1.9 MB | 0.5/6.0 MB | 32/852 kB
Progress (3): 0.1/1.9 MB | 0.5/6.0 MB | 49/852 kB
Progress (3): 0.1/1.9 MB | 0.5/6.0 MB | 65/852 kB
Progress (3): 0.1/1.9 MB | 0.5/6.0 MB | 81/852 kB
Progress (3): 0.1/1.9 MB | 0.5/6.0 MB | 81/852 kB
Progress (3): 0.1/1.9 MB | 0.5/6.0 MB | 98/852 kB
Progress (3): 0.1/1.9 MB | 0.5/6.0 MB | 114/852 kB
Progress (3): 0.1/1.9 MB | 0.5/6.0 MB | 131/852 kB
Progress (3): 0.1/1.9 MB | 0.5/6.0 MB | 131/852 kB
Progress (3): 0.1/1.9 MB | 0.5/6.0 MB | 147/852 kB
Progress (3): 0.1/1.9 MB | 0.5/6.0 MB | 164/852 kB
Progress (3): 0.1/1.9 MB | 0.5/6.0 MB | 172/852 kB
Progress (3): 0.1/1.9 MB | 0.5/6.0 MB | 188/852 kB
Progress (3): 0.1/1.9 MB | 0.5/6.0 MB | 197/852 kB
Progress (3): 0.1/1.9 MB | 0.5/6.0 MB | 205/852 kB
Progress (3): 0.1/1.9 MB | 0.5/6.0 MB | 221/852 kB
Progress (3): 0.1/1.9 MB | 0.5/6.0 MB | 229/852 kB
Progress (3): 0.1/1.9 MB | 0.5/6.0 MB | 246/852 kB
Progress (3): 0.1/1.9 MB | 0.5/6.0 MB | 262/852 kB
Progress (3): 0.1/1.9 MB | 0.5/6.0 MB | 270/852 kB
Progress (3): 0.1/1.9 MB | 0.5/6.0 MB | 287/852 kB
Progress (3): 0.1/1.9 MB | 0.5/6.0 MB | 303/852 kB
Progress (3): 0.1/1.9 MB | 0.5/6.0 MB | 319/852 kB
Progress (3): 0.1/1.9 MB | 0.5/6.0 MB | 336/852 kB
Progress (3): 0.1/1.9 MB | 0.5/6.0 MB | 344/852 kB
Progress (3): 0.1/1.9 MB | 0.5/6.0 MB | 360/852 kB
Progress (3): 0.1/1.9 MB | 0.5/6.0 MB | 377/852 kB
Progress (3): 0.1/1.9 MB | 0.5/6.0 MB | 385/852 kB
Progress (3): 0.1/1.9 MB | 0.5/6.0 MB | 401/852 kB
Progress (3): 0.1/1.9 MB | 0.5/6.0 MB | 418/852 kB
Progress (3): 0.1/1.9 MB | 0.5/6.0 MB | 434/852 kB
Progress (3): 0.1/1.9 MB | 0.5/6.0 MB | 451/852 kB
Progress (3): 0.1/1.9 MB | 0.5/6.0 MB | 459/852 kB
Progress (3): 0.1/1.9 MB | 0.5/6.0 MB | 467/852 kB
Progress (3): 0.1/1.9 MB | 0.5/6.0 MB | 483/852 kB
Progress (3): 0.1/1.9 MB | 0.5/6.0 MB | 492/852 kB
Progress (3): 0.1/1.9 MB | 0.5/6.0 MB | 508/852 kB
Progress (3): 0.1/1.9 MB | 0.5/6.0 MB | 516/852 kB
Progress (3): 0.1/1.9 MB | 0.5/6.0 MB | 532/852 kB
Progress (3): 0.1/1.9 MB | 0.5/6.0 MB | 549/852 kB
Progress (3): 0.1/1.9 MB | 0.5/6.0 MB | 565/852 kB
Progress (3): 0.1/1.9 MB | 0.5/6.0 MB | 573/852 kB
Progress (3): 0.1/1.9 MB | 0.5/6.0 MB | 590/852 kB
Progress (3): 0.1/1.9 MB | 0.5/6.0 MB | 606/852 kB
Progress (3): 0.1/1.9 MB | 0.5/6.0 MB | 623/852 kB
Progress (3): 0.1/1.9 MB | 0.5/6.0 MB | 639/852 kB
Progress (3): 0.1/1.9 MB | 0.5/6.0 MB | 655/852 kB
Progress (3): 0.1/1.9 MB | 0.5/6.0 MB | 672/852 kB
Progress (3): 0.1/1.9 MB | 0.5/6.0 MB | 688/852 kB
Progress (3): 0.1/1.9 MB | 0.5/6.0 MB | 705/852 kB
Progress (3): 0.1/1.9 MB | 0.5/6.0 MB | 721/852 kB
Progress (3): 0.1/1.9 MB | 0.5/6.0 MB | 737/852 kB
Progress (3): 0.1/1.9 MB | 0.5/6.0 MB | 737/852 kB
Progress (3): 0.1/1.9 MB | 0.5/6.0 MB | 754/852 kB
Progress (3): 0.1/1.9 MB | 0.5/6.0 MB | 770/852 kB
Progress (3): 0.1/1.9 MB | 0.5/6.0 MB | 786/852 kB
Progress (3): 0.1/1.9 MB | 0.5/6.0 MB | 803/852 kB
Progress (3): 0.1/1.9 MB | 0.5/6.0 MB | 819/852 kB
Progress (3): 0.1/1.9 MB | 0.5/6.0 MB | 836/852 kB
Progress (3): 0.1/1.9 MB | 0.5/6.0 MB | 852/852 kB
Progress (3): 0.1/1.9 MB | 0.5/6.0 MB | 852 kB    
                                              
Downloaded from central: https://repo.maven.apache.org/maven2/org/springframework/spring-test/6.1.1/spring-test-6.1.1.jar (852 kB at 17 kB/s)
Progress (2): 0.1/1.9 MB | 0.5/6.0 MB
Progress (2): 0.1/1.9 MB | 0.6/6.0 MB
Progress (2): 0.1/1.9 MB | 0.6/6.0 MB
Progress (2): 0.1/1.9 MB | 0.6/6.0 MB
Progress (2): 0.1/1.9 MB | 0.6/6.0 MB
Progress (2): 0.1/1.9 MB | 0.6/6.0 MB
Progress (2): 0.1/1.9 MB | 0.6/6.0 MB
Progress (2): 0.1/1.9 MB | 0.6/6.0 MB
Progress (2): 0.1/1.9 MB | 0.6/6.0 MB
Progress (2): 0.1/1.9 MB | 0.7/6.0 MB
Progress (2): 0.1/1.9 MB | 0.7/6.0 MB
Progress (2): 0.1/1.9 MB | 0.7/6.0 MB
Progress (2): 0.1/1.9 MB | 0.7/6.0 MB
Progress (2): 0.1/1.9 MB | 0.7/6.0 MB
Progress (2): 0.1/1.9 MB | 0.7/6.0 MB
Progress (2): 0.1/1.9 MB | 0.7/6.0 MB
Progress (2): 0.1/1.9 MB | 0.7/6.0 MB
Progress (2): 0.1/1.9 MB | 0.8/6.0 MB
Progress (2): 0.1/1.9 MB | 0.8/6.0 MB
Progress (2): 0.1/1.9 MB | 0.8/6.0 MB
Progress (2): 0.1/1.9 MB | 0.8/6.0 MB
Progress (2): 0.1/1.9 MB | 0.8/6.0 MB
Progress (2): 0.1/1.9 MB | 0.8/6.0 MB
Progress (2): 0.1/1.9 MB | 0.8/6.0 MB
Progress (2): 0.1/1.9 MB | 0.9/6.0 MB
Progress (2): 0.1/1.9 MB | 0.9/6.0 MB
Progress (2): 0.1/1.9 MB | 0.9/6.0 MB
Progress (2): 0.1/1.9 MB | 0.9/6.0 MB
Progress (2): 0.1/1.9 MB | 0.9/6.0 MB
Progress (2): 0.1/1.9 MB | 0.9/6.0 MB
Progress (2): 0.1/1.9 MB | 1.0/6.0 MB
Progress (2): 0.1/1.9 MB | 1.0/6.0 MB
Progress (2): 0.1/1.9 MB | 1.0/6.0 MB
Progress (2): 0.1/1.9 MB | 1.0/6.0 MB
Progress (2): 0.1/1.9 MB | 1.0/6.0 MB
Progress (2): 0.1/1.9 MB | 1.0/6.0 MB
Progress (2): 0.1/1.9 MB | 1.1/6.0 MB
Progress (2): 0.1/1.9 MB | 1.1/6.0 MB
Progress (2): 0.1/1.9 MB | 1.1/6.0 MB
Progress (2): 0.1/1.9 MB | 1.1/6.0 MB
Progress (2): 0.1/1.9 MB | 1.1/6.0 MB
Progress (2): 0.1/1.9 MB | 1.1/6.0 MB
Progress (2): 0.1/1.9 MB | 1.2/6.0 MB
Progress (2): 0.1/1.9 MB | 1.2/6.0 MB
Progress (2): 0.1/1.9 MB | 1.2/6.0 MB
Progress (2): 0.1/1.9 MB | 1.2/6.0 MB
Progress (2): 0.1/1.9 MB | 1.2/6.0 MB
Progress (2): 0.1/1.9 MB | 1.2/6.0 MB
Progress (2): 0.1/1.9 MB | 1.3/6.0 MB
Progress (2): 0.1/1.9 MB | 1.3/6.0 MB
Progress (2): 0.1/1.9 MB | 1.3/6.0 MB
Progress (2): 0.1/1.9 MB | 1.3/6.0 MB
Progress (2): 0.1/1.9 MB | 1.3/6.0 MB
Progress (2): 0.1/1.9 MB | 1.3/6.0 MB
Progress (2): 0.1/1.9 MB | 1.4/6.0 MB
Progress (2): 0.1/1.9 MB | 1.4/6.0 MB
Progress (2): 0.1/1.9 MB | 1.4/6.0 MB
Progress (2): 0.1/1.9 MB | 1.4/6.0 MB
Progress (2): 0.1/1.9 MB | 1.4/6.0 MB
Progress (2): 0.1/1.9 MB | 1.4/6.0 MB
Progress (2): 0.1/1.9 MB | 1.5/6.0 MB
Progress (2): 0.1/1.9 MB | 1.5/6.0 MB
Progress (2): 0.1/1.9 MB | 1.5/6.0 MB
Progress (2): 0.1/1.9 MB | 1.5/6.0 MB
Progress (2): 0.1/1.9 MB | 1.5/6.0 MB
Progress (2): 0.1/1.9 MB | 1.5/6.0 MB
Progress (2): 0.1/1.9 MB | 1.6/6.0 MB
Progress (2): 0.1/1.9 MB | 1.6/6.0 MB
Progress (2): 0.1/1.9 MB | 1.6/6.0 MB
Progress (2): 0.1/1.9 MB | 1.6/6.0 MB
Progress (2): 0.1/1.9 MB | 1.6/6.0 MB
Progress (2): 0.1/1.9 MB | 1.6/6.0 MB
Progress (2): 0.1/1.9 MB | 1.7/6.0 MB
Progress (2): 0.1/1.9 MB | 1.7/6.0 MB
Progress (2): 0.1/1.9 MB | 1.7/6.0 MB
Progress (2): 0.1/1.9 MB | 1.7/6.0 MB
Progress (2): 0.1/1.9 MB | 1.7/6.0 MB
Progress (2): 0.1/1.9 MB | 1.7/6.0 MB
Progress (2): 0.1/1.9 MB | 1.8/6.0 MB
Progress (2): 0.1/1.9 MB | 1.8/6.0 MB
Progress (2): 0.1/1.9 MB | 1.8/6.0 MB
Progress (2): 0.1/1.9 MB | 1.8/6.0 MB
Progress (2): 0.1/1.9 MB | 1.8/6.0 MB
Progress (2): 0.1/1.9 MB | 1.8/6.0 MB
Progress (2): 0.1/1.9 MB | 1.8/6.0 MB
Progress (2): 0.1/1.9 MB | 1.9/6.0 MB
Progress (2): 0.1/1.9 MB | 1.9/6.0 MB
Progress (2): 0.1/1.9 MB | 1.9/6.0 MB
Progress (2): 0.1/1.9 MB | 1.9/6.0 MB
Progress (2): 0.1/1.9 MB | 1.9/6.0 MB
Progress (2): 0.1/1.9 MB | 1.9/6.0 MB
Progress (2): 0.1/1.9 MB | 2.0/6.0 MB
Progress (2): 0.1/1.9 MB | 2.0/6.0 MB
Progress (2): 0.1/1.9 MB | 2.0/6.0 MB
Progress (2): 0.1/1.9 MB | 2.0/6.0 MB
Progress (2): 0.1/1.9 MB | 2.0/6.0 MB
Progress (2): 0.1/1.9 MB | 2.0/6.0 MB
Progress (2): 0.1/1.9 MB | 2.1/6.0 MB
Progress (2): 0.1/1.9 MB | 2.1/6.0 MB
Progress (2): 0.1/1.9 MB | 2.1/6.0 MB
Progress (2): 0.1/1.9 MB | 2.1/6.0 MB
Progress (2): 0.1/1.9 MB | 2.1/6.0 MB
Progress (2): 0.1/1.9 MB | 2.1/6.0 MB
Progress (2): 0.1/1.9 MB | 2.2/6.0 MB
Progress (2): 0.1/1.9 MB | 2.2/6.0 MB
Progress (2): 0.1/1.9 MB | 2.2/6.0 MB
Progress (2): 0.1/1.9 MB | 2.2/6.0 MB
Progress (2): 0.1/1.9 MB | 2.2/6.0 MB
Progress (2): 0.1/1.9 MB | 2.2/6.0 MB
Progress (2): 0.1/1.9 MB | 2.2/6.0 MB
Progress (2): 0.1/1.9 MB | 2.3/6.0 MB
Progress (2): 0.1/1.9 MB | 2.3/6.0 MB
Progress (2): 0.1/1.9 MB | 2.3/6.0 MB
Progress (2): 0.1/1.9 MB | 2.3/6.0 MB
Progress (2): 0.1/1.9 MB | 2.3/6.0 MB
Progress (2): 0.1/1.9 MB | 2.3/6.0 MB
Progress (2): 0.1/1.9 MB | 2.4/6.0 MB
Progress (2): 0.1/1.9 MB | 2.4/6.0 MB
Progress (2): 0.1/1.9 MB | 2.4/6.0 MB
Progress (2): 0.1/1.9 MB | 2.4/6.0 MB
Progress (2): 0.1/1.9 MB | 2.4/6.0 MB
Progress (2): 0.1/1.9 MB | 2.4/6.0 MB
Progress (2): 0.1/1.9 MB | 2.5/6.0 MB
Progress (2): 0.1/1.9 MB | 2.5/6.0 MB
Progress (2): 0.1/1.9 MB | 2.5/6.0 MB
Progress (2): 0.1/1.9 MB | 2.5/6.0 MB
Progress (2): 0.1/1.9 MB | 2.5/6.0 MB
Progress (2): 0.1/1.9 MB | 2.5/6.0 MB
Progress (2): 0.1/1.9 MB | 2.6/6.0 MB
Progress (2): 0.1/1.9 MB | 2.6/6.0 MB
Progress (2): 0.1/1.9 MB | 2.6/6.0 MB
Progress (2): 0.1/1.9 MB | 2.6/6.0 MB
Progress (2): 0.1/1.9 MB | 2.6/6.0 MB
Progress (2): 0.1/1.9 MB | 2.6/6.0 MB
Progress (2): 0.1/1.9 MB | 2.7/6.0 MB
Progress (2): 0.1/1.9 MB | 2.7/6.0 MB
Progress (2): 0.1/1.9 MB | 2.7/6.0 MB
Progress (2): 0.1/1.9 MB | 2.7/6.0 MB
Progress (2): 0.1/1.9 MB | 2.7/6.0 MB
Progress (2): 0.1/1.9 MB | 2.7/6.0 MB
Progress (2): 0.1/1.9 MB | 2.8/6.0 MB
Progress (2): 0.1/1.9 MB | 2.8/6.0 MB
Progress (2): 0.1/1.9 MB | 2.8/6.0 MB
Progress (2): 0.1/1.9 MB | 2.8/6.0 MB
Progress (2): 0.1/1.9 MB | 2.8/6.0 MB
Progress (2): 0.1/1.9 MB | 2.8/6.0 MB
Progress (2): 0.1/1.9 MB | 2.9/6.0 MB
Progress (2): 0.1/1.9 MB | 2.9/6.0 MB
Progress (2): 0.1/1.9 MB | 2.9/6.0 MB
Progress (2): 0.1/1.9 MB | 2.9/6.0 MB
Progress (2): 0.1/1.9 MB | 2.9/6.0 MB
Progress (2): 0.1/1.9 MB | 2.9/6.0 MB
Progress (2): 0.1/1.9 MB | 2.9/6.0 MB
Progress (2): 0.1/1.9 MB | 2.9/6.0 MB
Progress (2): 0.1/1.9 MB | 3.0/6.0 MB
Progress (2): 0.1/1.9 MB | 3.0/6.0 MB
Progress (2): 0.1/1.9 MB | 3.0/6.0 MB
Progress (2): 0.1/1.9 MB | 3.0/6.0 MB
Progress (2): 0.1/1.9 MB | 3.0/6.0 MB
Progress (2): 0.1/1.9 MB | 3.0/6.0 MB
Progress (2): 0.1/1.9 MB | 3.1/6.0 MB
Progress (2): 0.1/1.9 MB | 3.1/6.0 MB
Progress (2): 0.1/1.9 MB | 3.1/6.0 MB
Progress (2): 0.1/1.9 MB | 3.1/6.0 MB
Progress (2): 0.1/1.9 MB | 3.1/6.0 MB
Progress (2): 0.1/1.9 MB | 3.1/6.0 MB
Progress (2): 0.1/1.9 MB | 3.1/6.0 MB
Progress (2): 0.1/1.9 MB | 3.2/6.0 MB
Progress (2): 0.1/1.9 MB | 3.2/6.0 MB
Progress (2): 0.1/1.9 MB | 3.2/6.0 MB
Progress (2): 0.1/1.9 MB | 3.2/6.0 MB
Progress (2): 0.1/1.9 MB | 3.2/6.0 MB
Progress (2): 0.1/1.9 MB | 3.2/6.0 MB
Progress (2): 0.1/1.9 MB | 3.3/6.0 MB
Progress (2): 0.1/1.9 MB | 3.3/6.0 MB
Progress (2): 0.1/1.9 MB | 3.3/6.0 MB
Progress (2): 0.1/1.9 MB | 3.3/6.0 MB
Progress (2): 0.1/1.9 MB | 3.3/6.0 MB
Progress (2): 0.1/1.9 MB | 3.3/6.0 MB
Progress (2): 0.1/1.9 MB | 3.4/6.0 MB
Progress (2): 0.1/1.9 MB | 3.4/6.0 MB
Progress (2): 0.1/1.9 MB | 3.4/6.0 MB
Progress (2): 0.1/1.9 MB | 3.4/6.0 MB
Progress (2): 0.1/1.9 MB | 3.4/6.0 MB
Progress (2): 0.1/1.9 MB | 3.4/6.0 MB
Progress (2): 0.1/1.9 MB | 3.5/6.0 MB
Progress (2): 0.1/1.9 MB | 3.5/6.0 MB
Progress (2): 0.1/1.9 MB | 3.5/6.0 MB
Progress (2): 0.1/1.9 MB | 3.5/6.0 MB
Progress (2): 0.1/1.9 MB | 3.5/6.0 MB
Progress (2): 0.1/1.9 MB | 3.5/6.0 MB
Progress (2): 0.1/1.9 MB | 3.5/6.0 MB
Progress (2): 0.1/1.9 MB | 3.6/6.0 MB
Progress (2): 0.1/1.9 MB | 3.6/6.0 MB
Progress (2): 0.1/1.9 MB | 3.6/6.0 MB
Progress (2): 0.1/1.9 MB | 3.6/6.0 MB
Progress (2): 0.1/1.9 MB | 3.6/6.0 MB
Progress (2): 0.1/1.9 MB | 3.6/6.0 MB
Progress (2): 0.1/1.9 MB | 3.7/6.0 MB
Progress (2): 0.1/1.9 MB | 3.7/6.0 MB
Progress (2): 0.1/1.9 MB | 3.7/6.0 MB
Progress (2): 0.1/1.9 MB | 3.7/6.0 MB
Progress (2): 0.1/1.9 MB | 3.7/6.0 MB
Progress (2): 0.1/1.9 MB | 3.7/6.0 MB
Progress (2): 0.1/1.9 MB | 3.8/6.0 MB
Progress (2): 0.1/1.9 MB | 3.8/6.0 MB
Progress (2): 0.1/1.9 MB | 3.8/6.0 MB
Progress (2): 0.1/1.9 MB | 3.8/6.0 MB
Progress (2): 0.1/1.9 MB | 3.8/6.0 MB
Progress (2): 0.1/1.9 MB | 3.8/6.0 MB
Progress (2): 0.1/1.9 MB | 3.9/6.0 MB
Progress (2): 0.1/1.9 MB | 3.9/6.0 MB
Progress (2): 0.1/1.9 MB | 3.9/6.0 MB
Progress (2): 0.1/1.9 MB | 3.9/6.0 MB
Progress (2): 0.1/1.9 MB | 3.9/6.0 MB
Progress (2): 0.1/1.9 MB | 3.9/6.0 MB
Progress (2): 0.1/1.9 MB | 4.0/6.0 MB
Progress (2): 0.1/1.9 MB | 4.0/6.0 MB
Progress (2): 0.1/1.9 MB | 4.0/6.0 MB
Progress (2): 0.1/1.9 MB | 4.0/6.0 MB
Progress (2): 0.1/1.9 MB | 4.0/6.0 MB
Progress (2): 0.1/1.9 MB | 4.0/6.0 MB
Progress (2): 0.1/1.9 MB | 4.1/6.0 MB
Progress (2): 0.1/1.9 MB | 4.1/6.0 MB
Progress (2): 0.1/1.9 MB | 4.1/6.0 MB
Progress (2): 0.1/1.9 MB | 4.1/6.0 MB
Progress (2): 0.1/1.9 MB | 4.1/6.0 MB
Progress (2): 0.1/1.9 MB | 4.1/6.0 MB
Progress (2): 0.1/1.9 MB | 4.2/6.0 MB
Progress (2): 0.1/1.9 MB | 4.2/6.0 MB
Progress (2): 0.1/1.9 MB | 4.2/6.0 MB
Progress (2): 0.1/1.9 MB | 4.2/6.0 MB
Progress (2): 0.1/1.9 MB | 4.2/6.0 MB
Progress (2): 0.1/1.9 MB | 4.2/6.0 MB
Progress (2): 0.1/1.9 MB | 4.3/6.0 MB
Progress (2): 0.1/1.9 MB | 4.3/6.0 MB
Progress (2): 0.1/1.9 MB | 4.3/6.0 MB
Progress (2): 0.1/1.9 MB | 4.3/6.0 MB
Progress (2): 0.1/1.9 MB | 4.3/6.0 MB
Progress (2): 0.1/1.9 MB | 4.3/6.0 MB
Progress (2): 0.1/1.9 MB | 4.4/6.0 MB
Progress (2): 0.1/1.9 MB | 4.4/6.0 MB
Progress (2): 0.1/1.9 MB | 4.4/6.0 MB
Progress (2): 0.1/1.9 MB | 4.4/6.0 MB
Progress (2): 0.1/1.9 MB | 4.4/6.0 MB
Progress (2): 0.1/1.9 MB | 4.4/6.0 MB
Progress (2): 0.1/1.9 MB | 4.5/6.0 MB
Progress (2): 0.1/1.9 MB | 4.5/6.0 MB
Progress (2): 0.1/1.9 MB | 4.5/6.0 MB
Progress (2): 0.1/1.9 MB | 4.5/6.0 MB
Progress (2): 0.1/1.9 MB | 4.5/6.0 MB
Progress (2): 0.1/1.9 MB | 4.5/6.0 MB
Progress (2): 0.1/1.9 MB | 4.5/6.0 MB
Progress (2): 0.1/1.9 MB | 4.6/6.0 MB
Progress (2): 0.1/1.9 MB | 4.6/6.0 MB
Progress (2): 0.1/1.9 MB | 4.6/6.0 MB
Progress (2): 0.1/1.9 MB | 4.6/6.0 MB
Progress (2): 0.1/1.9 MB | 4.6/6.0 MB
Progress (2): 0.1/1.9 MB | 4.6/6.0 MB
Progress (2): 0.1/1.9 MB | 4.7/6.0 MB
Progress (2): 0.1/1.9 MB | 4.7/6.0 MB
Progress (2): 0.1/1.9 MB | 4.7/6.0 MB
Progress (2): 0.1/1.9 MB | 4.7/6.0 MB
Progress (2): 0.1/1.9 MB | 4.7/6.0 MB
Progress (2): 0.1/1.9 MB | 4.7/6.0 MB
Progress (2): 0.1/1.9 MB | 4.8/6.0 MB
Progress (2): 0.1/1.9 MB | 4.8/6.0 MB
Progress (2): 0.1/1.9 MB | 4.8/6.0 MB
Progress (2): 0.1/1.9 MB | 4.8/6.0 MB
Progress (2): 0.1/1.9 MB | 4.8/6.0 MB
Progress (2): 0.1/1.9 MB | 4.8/6.0 MB
Progress (2): 0.1/1.9 MB | 4.9/6.0 MB
Progress (2): 0.1/1.9 MB | 4.9/6.0 MB
Progress (2): 0.1/1.9 MB | 4.9/6.0 MB
Progress (2): 0.1/1.9 MB | 4.9/6.0 MB
Progress (2): 0.1/1.9 MB | 4.9/6.0 MB
Progress (2): 0.1/1.9 MB | 4.9/6.0 MB
Progress (2): 0.1/1.9 MB | 5.0/6.0 MB
Progress (2): 0.1/1.9 MB | 5.0/6.0 MB
Progress (2): 0.1/1.9 MB | 5.0/6.0 MB
Progress (2): 0.1/1.9 MB | 5.0/6.0 MB
Progress (2): 0.1/1.9 MB | 5.0/6.0 MB
Progress (2): 0.1/1.9 MB | 5.0/6.0 MB
Progress (2): 0.1/1.9 MB | 5.1/6.0 MB
Progress (2): 0.1/1.9 MB | 5.1/6.0 MB
Progress (2): 0.1/1.9 MB | 5.1/6.0 MB
Progress (2): 0.1/1.9 MB | 5.1/6.0 MB
Progress (2): 0.1/1.9 MB | 5.1/6.0 MB
Progress (2): 0.1/1.9 MB | 5.1/6.0 MB
Progress (2): 0.1/1.9 MB | 5.2/6.0 MB
Progress (2): 0.1/1.9 MB | 5.2/6.0 MB
Progress (2): 0.1/1.9 MB | 5.2/6.0 MB
Progress (2): 0.1/1.9 MB | 5.2/6.0 MB
Progress (2): 0.1/1.9 MB | 5.2/6.0 MB
Progress (2): 0.1/1.9 MB | 5.2/6.0 MB
Progress (2): 0.1/1.9 MB | 5.2/6.0 MB
Progress (2): 0.1/1.9 MB | 5.3/6.0 MB
Progress (2): 0.1/1.9 MB | 5.3/6.0 MB
Progress (2): 0.1/1.9 MB | 5.3/6.0 MB
Progress (2): 0.1/1.9 MB | 5.3/6.0 MB
Progress (2): 0.1/1.9 MB | 5.3/6.0 MB
Progress (2): 0.1/1.9 MB | 5.3/6.0 MB
Progress (2): 0.1/1.9 MB | 5.4/6.0 MB
Progress (2): 0.1/1.9 MB | 5.4/6.0 MB
Progress (2): 0.1/1.9 MB | 5.4/6.0 MB
Progress (2): 0.1/1.9 MB | 5.4/6.0 MB
Progress (2): 0.1/1.9 MB | 5.4/6.0 MB
Progress (2): 0.1/1.9 MB | 5.4/6.0 MB
Progress (2): 0.1/1.9 MB | 5.5/6.0 MB
Progress (2): 0.1/1.9 MB | 5.5/6.0 MB
Progress (2): 0.1/1.9 MB | 5.5/6.0 MB
Progress (2): 0.1/1.9 MB | 5.5/6.0 MB
Progress (2): 0.1/1.9 MB | 5.5/6.0 MB
Progress (2): 0.1/1.9 MB | 5.5/6.0 MB
Progress (2): 0.1/1.9 MB | 5.6/6.0 MB
Progress (2): 0.1/1.9 MB | 5.6/6.0 MB
Progress (2): 0.1/1.9 MB | 5.6/6.0 MB
Progress (2): 0.1/1.9 MB | 5.6/6.0 MB
Progress (2): 0.1/1.9 MB | 5.6/6.0 MB
Progress (2): 0.1/1.9 MB | 5.6/6.0 MB
Progress (2): 0.1/1.9 MB | 5.6/6.0 MB
Progress (2): 0.1/1.9 MB | 5.7/6.0 MB
Progress (2): 0.1/1.9 MB | 5.7/6.0 MB
Progress (2): 0.1/1.9 MB | 5.7/6.0 MB
Progress (2): 0.1/1.9 MB | 5.7/6.0 MB
Progress (2): 0.1/1.9 MB | 5.7/6.0 MB
Progress (2): 0.1/1.9 MB | 5.7/6.0 MB
Progress (2): 0.1/1.9 MB | 5.8/6.0 MB
Progress (2): 0.1/1.9 MB | 5.8/6.0 MB
Progress (2): 0.1/1.9 MB | 5.8/6.0 MB
Progress (2): 0.1/1.9 MB | 5.8/6.0 MB
Progress (2): 0.1/1.9 MB | 5.8/6.0 MB
Progress (2): 0.1/1.9 MB | 5.8/6.0 MB
Progress (2): 0.1/1.9 MB | 5.9/6.0 MB
Progress (2): 0.1/1.9 MB | 5.9/6.0 MB
Progress (2): 0.1/1.9 MB | 5.9/6.0 MB
Progress (2): 0.1/1.9 MB | 5.9/6.0 MB
Progress (2): 0.1/1.9 MB | 5.9/6.0 MB
Progress (2): 0.1/1.9 MB | 5.9/6.0 MB
Progress (2): 0.1/1.9 MB | 5.9/6.0 MB
Progress (2): 0.1/1.9 MB | 6.0/6.0 MB
Progress (2): 0.1/1.9 MB | 6.0/6.0 MB
Progress (2): 0.1/1.9 MB | 6.0 MB    
                                 
Downloaded from central: https://repo.maven.apache.org/maven2/com/github/luben/zstd-jni/1.5.5-1/zstd-jni-1.5.5-1.jar (6.0 MB at 97 kB/s)
Progress (1): 0.1/1.9 MB
Progress (1): 0.2/1.9 MB
Progress (1): 0.2/1.9 MB
Progress (1): 0.2/1.9 MB
Progress (1): 0.2/1.9 MB
Progress (1): 0.2/1.9 MB
Progress (1): 0.2/1.9 MB
Progress (1): 0.2/1.9 MB
Progress (1): 0.2/1.9 MB
Progress (1): 0.2/1.9 MB
Progress (1): 0.2/1.9 MB
Progress (1): 0.2/1.9 MB
Progress (1): 0.2/1.9 MB
Progress (1): 0.2/1.9 MB
Progress (1): 0.2/1.9 MB
Progress (1): 0.2/1.9 MB
Progress (1): 0.2/1.9 MB
Progress (1): 0.2/1.9 MB
Progress (1): 0.2/1.9 MB
Progress (1): 0.2/1.9 MB
Progress (1): 0.3/1.9 MB
Progress (1): 0.3/1.9 MB
Progress (1): 0.3/1.9 MB
Progress (1): 0.3/1.9 MB
Progress (1): 0.3/1.9 MB
Progress (1): 0.3/1.9 MB
Progress (1): 0.4/1.9 MB
Progress (1): 0.4/1.9 MB
Progress (1): 0.4/1.9 MB
Progress (1): 0.4/1.9 MB
Progress (1): 0.4/1.9 MB
Progress (1): 0.4/1.9 MB
Progress (1): 0.5/1.9 MB
Progress (1): 0.5/1.9 MB
Progress (1): 0.5/1.9 MB
Progress (1): 0.5/1.9 MB
Progress (1): 0.5/1.9 MB
Progress (1): 0.5/1.9 MB
Progress (1): 0.5/1.9 MB
Progress (1): 0.6/1.9 MB
Progress (1): 0.6/1.9 MB
Progress (1): 0.6/1.9 MB
Progress (1): 0.6/1.9 MB
Progress (1): 0.6/1.9 MB
Progress (1): 0.6/1.9 MB
Progress (1): 0.7/1.9 MB
Progress (1): 0.7/1.9 MB
Progress (1): 0.7/1.9 MB
Progress (1): 0.7/1.9 MB
Progress (1): 0.7/1.9 MB
Progress (1): 0.7/1.9 MB
Progress (1): 0.8/1.9 MB
Progress (1): 0.8/1.9 MB
Progress (1): 0.8/1.9 MB
Progress (1): 0.8/1.9 MB
Progress (1): 0.8/1.9 MB
Progress (1): 0.8/1.9 MB
Progress (1): 0.9/1.9 MB
Progress (1): 0.9/1.9 MB
Progress (1): 0.9/1.9 MB
Progress (1): 0.9/1.9 MB
Progress (1): 0.9/1.9 MB
Progress (1): 0.9/1.9 MB
Progress (1): 1.0/1.9 MB
Progress (1): 1.0/1.9 MB
Progress (1): 1.0/1.9 MB
Progress (1): 1.0/1.9 MB
Progress (1): 1.0/1.9 MB
Progress (1): 1.0/1.9 MB
Progress (1): 1.1/1.9 MB
Progress (1): 1.1/1.9 MB
Progress (1): 1.1/1.9 MB
Progress (1): 1.1/1.9 MB
Progress (1): 1.1/1.9 MB
Progress (1): 1.1/1.9 MB
Progress (1): 1.1/1.9 MB
Progress (1): 1.2/1.9 MB
Progress (1): 1.2/1.9 MB
Progress (1): 1.2/1.9 MB
Progress (1): 1.2/1.9 MB
Progress (1): 1.2/1.9 MB
Progress (1): 1.2/1.9 MB
Progress (1): 1.3/1.9 MB
Progress (1): 1.3/1.9 MB
Progress (1): 1.3/1.9 MB
Progress (1): 1.3/1.9 MB
Progress (1): 1.3/1.9 MB
Progress (1): 1.3/1.9 MB
Progress (1): 1.4/1.9 MB
Progress (1): 1.4/1.9 MB
Progress (1): 1.4/1.9 MB
Progress (1): 1.4/1.9 MB
Progress (1): 1.4/1.9 MB
Progress (1): 1.4/1.9 MB
Progress (1): 1.4/1.9 MB
Progress (1): 1.5/1.9 MB
Progress (1): 1.5/1.9 MB
Progress (1): 1.5/1.9 MB
Progress (1): 1.5/1.9 MB
Progress (1): 1.5/1.9 MB
Progress (1): 1.5/1.9 MB
Progress (1): 1.6/1.9 MB
Progress (1): 1.6/1.9 MB
Progress (1): 1.6/1.9 MB
Progress (1): 1.6/1.9 MB
Progress (1): 1.6/1.9 MB
Progress (1): 1.6/1.9 MB
Progress (1): 1.7/1.9 MB
Progress (1): 1.7/1.9 MB
Progress (1): 1.7/1.9 MB
Progress (1): 1.7/1.9 MB
Progress (1): 1.7/1.9 MB
Progress (1): 1.7/1.9 MB
Progress (1): 1.8/1.9 MB
Progress (1): 1.8/1.9 MB
Progress (1): 1.8/1.9 MB
Progress (1): 1.8/1.9 MB
Progress (1): 1.8/1.9 MB
Progress (1): 1.8/1.9 MB
Progress (1): 1.8/1.9 MB
Progress (1): 1.9/1.9 MB
Progress (1): 1.9/1.9 MB
Progress (1): 1.9/1.9 MB
Progress (1): 1.9/1.9 MB
Progress (1): 1.9/1.9 MB
Progress (1): 1.9 MB    
                    
Downloaded from central: https://repo.maven.apache.org/maven2/org/springframework/boot/spring-boot-autoconfigure/3.2.0/spring-boot-autoconfigure-3.2.0.jar (1.9 MB at 14 kB/s)
[INFO] 
[INFO] --- clean:3.3.2:clean (default-clean) @ common-lib ---
[INFO] Deleting D:\BaiduSyncdisk\Computer\软著\video-detection-system\common-lib\target
[INFO] 
[INFO] --- resources:3.3.1:resources (default-resources) @ common-lib ---
[INFO] Copying 0 resource from src\main\resources to target\classes
[INFO] Copying 0 resource from src\main\resources to target\classes
[INFO] 
[INFO] --- compiler:3.11.0:compile (default-compile) @ common-lib ---
[INFO] Changes detected - recompiling the module! :dependency
[INFO] Compiling 50 source files with javac [debug release 17] to target\classes
